[     445ms] [WARNING] [WEBSOCKETS] - Subscribing {params: Object, subscriber: bound wsHandlePosition} @ https://kalshi.com/_next/static/chunks/0q~3w5mbasf3y.js?dpl=dpl_8DZC32fyfJrhwVcY7PUjK6qhB1QX:3
[     448ms] [WARNING] [WEBSOCKETS] - Subscribing {params: Object, subscriber: bound queueWsHandleTicker} @ https://kalshi.com/_next/static/chunks/0q~3w5mbasf3y.js?dpl=dpl_8DZC32fyfJrhwVcY7PUjK6qhB1QX:3
[     449ms] [WARNING] [WEBSOCKETS] - Subscribing {params: Object, subscriber: bound wsHandleLifecycle} @ https://kalshi.com/_next/static/chunks/0q~3w5mbasf3y.js?dpl=dpl_8DZC32fyfJrhwVcY7PUjK6qhB1QX:3
[     463ms] [ERROR] Failed to load resource: net::ERR_NAME_NOT_RESOLVED @ https://cdn.lr-ingest.io/logger-1.min.js:0
[     470ms] [ERROR] Failed to load resource: net::ERR_NAME_NOT_RESOLVED @ https://sr-client-cfg.amplitude.com/config/a80cc4d021d62947ce3cd389ec3f7e2d?config_group=browser:0
[     560ms] [ERROR] Failed to load resource: net::ERR_NAME_NOT_RESOLVED @ https://featureassets.org/v1/initialize?k=client-3KkiSXMxHCYSq6uJpk22JfwuVcizXfTHrECs42WQ9oZ&st=javascript-client-react&sv=3.31.2&t=1780920661098&sid=dc981656-9129-41a5-8167-0e6326155ba2&se=1:0
[     601ms] [ERROR] Failed to load resource: net::ERR_NAME_NOT_RESOLVED @ https://wa.onelink.me/v1/onelink:0
[     678ms] [ERROR] Failed to load resource: net::ERR_NAME_NOT_RESOLVED @ https://sr-client-cfg.amplitude.com/config/a80cc4d021d62947ce3cd389ec3f7e2d?config_group=browser:0
[     699ms] [WARNING] [WEBSOCKETS] - Subscribing {params: Object, subscriber: bound queueWsHandleTicker} @ https://kalshi.com/_next/static/chunks/0q~3w5mbasf3y.js?dpl=dpl_8DZC32fyfJrhwVcY7PUjK6qhB1QX:3
[     700ms] [WARNING] [WEBSOCKETS] - Found existing subscription {match: Object, subscription: Object} @ https://kalshi.com/_next/static/chunks/0q~3w5mbasf3y.js?dpl=dpl_8DZC32fyfJrhwVcY7PUjK6qhB1QX:3
[     701ms] [WARNING] [WEBSOCKETS] - Subscribing {params: Object, subscriber: bound wsHandleLifecycle} @ https://kalshi.com/_next/static/chunks/0q~3w5mbasf3y.js?dpl=dpl_8DZC32fyfJrhwVcY7PUjK6qhB1QX:3
[     702ms] [WARNING] [WEBSOCKETS] - Found existing subscription {match: Object, subscription: Object} @ https://kalshi.com/_next/static/chunks/0q~3w5mbasf3y.js?dpl=dpl_8DZC32fyfJrhwVcY7PUjK6qhB1QX:3
[     749ms] [WARNING] LogRocket: script could not load. Check that you have a valid network connection. @ https://kalshi.com/_next/static/chunks/0q~3w5mbasf3y.js?dpl=dpl_8DZC32fyfJrhwVcY7PUjK6qhB1QX:3
[     859ms] [ERROR] Failed to load resource: net::ERR_NAME_NOT_RESOLVED @ https://api.sprig.com/sdk/1/environments/iOWjIVsDOPhw/config:0
[    1008ms] [ERROR] Failed to load resource: net::ERR_NAME_NOT_RESOLVED @ https://sr-client-cfg.amplitude.com/config/a80cc4d021d62947ce3cd389ec3f7e2d?config_group=browser:0
[    1081ms] [ERROR] Failed to load resource: net::ERR_NAME_NOT_RESOLVED @ https://sr-client-cfg.amplitude.com/config/a80cc4d021d62947ce3cd389ec3f7e2d?config_group=browser:0
[    1358ms] [ERROR] Failed to load resource: net::ERR_NAME_NOT_RESOLVED @ https://featureassets.org/v1/initialize?k=client-3KkiSXMxHCYSq6uJpk22JfwuVcizXfTHrECs42WQ9oZ&st=javascript-client-react&sv=3.31.2&t=1780920661903&sid=dc981656-9129-41a5-8167-0e6326155ba2&se=1:0
[    1384ms] [ERROR] Access to fetch at 'https://ai-summary.kalshi.co/timeline-points?event_id=KXSB-27&market_ticker=KXSB-27-LAR&market_ticker=KXSB-27-SEA' from origin 'https://kalshi.com' has been blocked by CORS policy: No 'Access-Control-Allow-Origin' header is present on the requested resource. @ https://kalshi.com/markets/kxsb/super-bowl/kxsb-27:0
[    1384ms] [ERROR] Failed to load resource: net::ERR_FAILED @ https://ai-summary.kalshi.co/timeline-points?event_id=KXSB-27&market_ticker=KXSB-27-LAR&market_ticker=KXSB-27-SEA:0
[    1384ms] [LOG] Failed to fetch timeline points: TypeError: Failed to fetch @ https://kalshi.com/_next/static/chunks/0q~3w5mbasf3y.js?dpl=dpl_8DZC32fyfJrhwVcY7PUjK6qhB1QX:3
[    1385ms] [ERROR] Failed to load resource: net::ERR_NAME_NOT_RESOLVED @ https://sr-client-cfg.amplitude.com/config/a80cc4d021d62947ce3cd389ec3f7e2d?config_group=browser:0
[    1608ms] [ERROR] Failed to load resource: net::ERR_NAME_NOT_RESOLVED @ https://sr-client-cfg.amplitude.com/config/a80cc4d021d62947ce3cd389ec3f7e2d?config_group=browser:0
[    1846ms] [LOG] datadog init config.commitRef 58cd95ae8d140c7cb42970634eb8fb32a3ba8e65 @ https://kalshi.com/_next/static/chunks/0q~3w5mbasf3y.js?dpl=dpl_8DZC32fyfJrhwVcY7PUjK6qhB1QX:3
[    1882ms] [ERROR] Failed to load resource: net::ERR_NAME_NOT_RESOLVED @ https://www.googletagmanager.com/gtm.js?id=GTM-NP66QTXD:0
[    1882ms] [ERROR] Failed to load resource: net::ERR_NAME_NOT_RESOLVED @ https://beacon.riskified.com/?shop=kalshi.com_ach&sid=e46e80b6-a781-4679-9fcf-fe480b77c60a:0
[    1898ms] [WARNING] [Meta Pixel] - Duplicate Pixel ID: 1537332917135729. @ https://kalshi.com/_next/static/chunks/0q~3w5mbasf3y.js?dpl=dpl_8DZC32fyfJrhwVcY7PUjK6qhB1QX:3
[    1935ms] [ERROR] Failed to load resource: net::ERR_NAME_NOT_RESOLVED @ https://api.sprig.com/sdk/1/environments/iOWjIVsDOPhw/config:0
[    1958ms] [ERROR] Failed to load resource: net::ERR_NAME_NOT_RESOLVED @ https://browser-intake-datadoghq.com/api/v2/rum?ddsource=browser&dd-api-key=pub222856fe11852abc3642b1395fac0627&dd-evp-origin-version=7.1.0&dd-evp-origin=browser&dd-request-id=e3c75505-2c65-4485-9c90-1c157e455a1d&batch_time=1780920662521&_dd.api=fetch:0
[    1962ms] [ERROR] Failed to load resource: net::ERR_NAME_NOT_RESOLVED @ https://browser-intake-datadoghq.com/api/v2/rum?ddsource=browser&dd-api-key=pub222856fe11852abc3642b1395fac0627&dd-evp-origin-version=7.1.0&dd-evp-origin=browser&dd-request-id=42d7dd9a-8ff1-49e9-a4f0-f2d670b4fc3d&batch_time=1780920662527&_dd.api=fetch:0
[    1988ms] [ERROR] Failed to load resource: net::ERR_NAME_NOT_RESOLVED @ https://browser-intake-datadoghq.com/api/v2/rum?ddsource=browser&dd-api-key=pub222856fe11852abc3642b1395fac0627&dd-evp-origin-version=7.1.0&dd-evp-origin=browser&dd-request-id=d92faf9d-bb01-41ad-b7ed-f00bad4d5200&batch_time=1780920662551&_dd.api=fetch:0
[    1996ms] [ERROR] Failed to load resource: net::ERR_NAME_NOT_RESOLVED @ https://browser-intake-datadoghq.com/api/v2/rum?ddsource=browser&dd-api-key=pub222856fe11852abc3642b1395fac0627&dd-evp-origin-version=7.1.0&dd-evp-origin=browser&dd-request-id=94712a51-86ee-4ca4-be8e-d513778fecf0&batch_time=1780920662557&_dd.api=fetch:0
[    2000ms] [ERROR] Failed to load resource: net::ERR_NAME_NOT_RESOLVED @ https://browser-intake-datadoghq.com/api/v2/rum?ddsource=browser&dd-api-key=pub222856fe11852abc3642b1395fac0627&dd-evp-origin-version=7.1.0&dd-evp-origin=browser&dd-request-id=1711ab92-0d61-401d-8662-a54aa943f0d7&batch_time=1780920662559&_dd.api=fetch:0
[    2000ms] [ERROR] Failed to load resource: net::ERR_NAME_NOT_RESOLVED @ https://browser-intake-datadoghq.com/api/v2/rum?ddsource=browser&dd-api-key=pub222856fe11852abc3642b1395fac0627&dd-evp-origin-version=7.1.0&dd-evp-origin=browser&dd-request-id=136cf1c6-21cf-4319-8b4b-d93589b5e00e&batch_time=1780920662561&_dd.api=fetch:0
[    2000ms] [ERROR] Failed to load resource: net::ERR_NAME_NOT_RESOLVED @ https://browser-intake-datadoghq.com/api/v2/rum?ddsource=browser&dd-api-key=pub222856fe11852abc3642b1395fac0627&dd-evp-origin-version=7.1.0&dd-evp-origin=browser&dd-request-id=4cba6ea6-fe9b-4ec0-b8c6-7a739f731b93&batch_time=1780920662562&_dd.api=fetch:0
[    2014ms] [ERROR] Failed to load resource: net::ERR_NAME_NOT_RESOLVED @ https://browser-intake-datadoghq.com/api/v2/rum?ddsource=browser&dd-api-key=pub222856fe11852abc3642b1395fac0627&dd-evp-origin-version=7.1.0&dd-evp-origin=browser&dd-request-id=084de955-7796-42df-8851-7631ae7497b1&batch_time=1780920662576&_dd.api=fetch:0
[    2018ms] [ERROR] Failed to load resource: net::ERR_NAME_NOT_RESOLVED @ https://browser-intake-datadoghq.com/api/v2/rum?ddsource=browser&dd-api-key=pub222856fe11852abc3642b1395fac0627&dd-evp-origin-version=7.1.0&dd-evp-origin=browser&dd-request-id=8c743466-0989-4487-8dcb-76b0f57fbe0f&batch_time=1780920662578&_dd.api=fetch:0
[    2018ms] [ERROR] Failed to load resource: net::ERR_NAME_NOT_RESOLVED @ https://browser-intake-datadoghq.com/api/v2/rum?ddsource=browser&dd-api-key=pub222856fe11852abc3642b1395fac0627&dd-evp-origin-version=7.1.0&dd-evp-origin=browser&dd-request-id=3876ce1d-9b5a-465c-8702-9db556ae200b&batch_time=1780920662579&_dd.api=fetch:0
[    2034ms] [ERROR] Failed to load resource: net::ERR_NAME_NOT_RESOLVED @ https://browser-intake-datadoghq.com/api/v2/rum?ddsource=browser&dd-api-key=pub222856fe11852abc3642b1395fac0627&dd-evp-origin-version=7.1.0&dd-evp-origin=browser&dd-request-id=628b451e-dbe3-480d-b613-d8e4e95ec8be&batch_time=1780920662587&_dd.api=fetch:0
[    2040ms] [ERROR] Failed to load resource: net::ERR_NAME_NOT_RESOLVED @ https://browser-intake-datadoghq.com/api/v2/rum?ddsource=browser&dd-api-key=pub222856fe11852abc3642b1395fac0627&dd-evp-origin-version=7.1.0&dd-evp-origin=browser&dd-request-id=cddf364d-cce0-4845-a87b-a2b35b5263af&batch_time=1780920662588&_dd.api=fetch:0
[    2040ms] [ERROR] Failed to load resource: net::ERR_NAME_NOT_RESOLVED @ https://browser-intake-datadoghq.com/api/v2/rum?ddsource=browser&dd-api-key=pub222856fe11852abc3642b1395fac0627&dd-evp-origin-version=7.1.0&dd-evp-origin=browser&dd-request-id=2aaddc25-a9ce-4106-a98b-9175076e6ff4&batch_time=1780920662590&_dd.api=fetch:0
[    2041ms] [ERROR] Failed to load resource: net::ERR_NAME_NOT_RESOLVED @ https://browser-intake-datadoghq.com/api/v2/rum?ddsource=browser&dd-api-key=pub222856fe11852abc3642b1395fac0627&dd-evp-origin-version=7.1.0&dd-evp-origin=browser&dd-request-id=bf751c76-4a30-48e9-8e9d-45c183166444&batch_time=1780920662591&_dd.api=fetch:0
[    2041ms] [ERROR] Failed to load resource: net::ERR_NAME_NOT_RESOLVED @ https://browser-intake-datadoghq.com/api/v2/rum?ddsource=browser&dd-api-key=pub222856fe11852abc3642b1395fac0627&dd-evp-origin-version=7.1.0&dd-evp-origin=browser&dd-request-id=85518a74-b429-4fbb-ae05-6b6ab4a5a65e&batch_time=1780920662593&_dd.api=fetch:0
[    2042ms] [ERROR] Failed to load resource: net::ERR_NAME_NOT_RESOLVED @ https://browser-intake-datadoghq.com/api/v2/rum?ddsource=browser&dd-api-key=pub222856fe11852abc3642b1395fac0627&dd-evp-origin-version=7.1.0&dd-evp-origin=browser&dd-request-id=a6aec431-220a-4382-a22a-5182e29196cd&batch_time=1780920662601&_dd.api=fetch:0
[    2042ms] [ERROR] Failed to load resource: net::ERR_NAME_NOT_RESOLVED @ https://browser-intake-datadoghq.com/api/v2/rum?ddsource=browser&dd-api-key=pub222856fe11852abc3642b1395fac0627&dd-evp-origin-version=7.1.0&dd-evp-origin=browser&dd-request-id=6e4fdd93-b19c-4c35-8538-cde514a270bf&batch_time=1780920662607&_dd.api=fetch:0
[    2042ms] [ERROR] Failed to load resource: net::ERR_NAME_NOT_RESOLVED @ https://browser-intake-datadoghq.com/api/v2/rum?ddsource=browser&dd-api-key=pub222856fe11852abc3642b1395fac0627&dd-evp-origin-version=7.1.0&dd-evp-origin=browser&dd-request-id=676bd4bc-63c6-48fc-a209-e0a1bc5fe1af&batch_time=1780920662608&_dd.api=fetch:0
[    2049ms] [ERROR] Failed to load resource: net::ERR_NAME_NOT_RESOLVED @ https://browser-intake-datadoghq.com/api/v2/rum?ddsource=browser&dd-api-key=pub222856fe11852abc3642b1395fac0627&dd-evp-origin-version=7.1.0&dd-evp-origin=browser&dd-request-id=7a817362-6ab3-4787-a339-6fe9ebb4e169&batch_time=1780920662611&_dd.api=fetch:0
[    2059ms] [ERROR] Failed to load resource: net::ERR_NAME_NOT_RESOLVED @ https://browser-intake-datadoghq.com/api/v2/rum?ddsource=browser&dd-api-key=pub222856fe11852abc3642b1395fac0627&dd-evp-origin-version=7.1.0&dd-evp-origin=browser&dd-request-id=5ec5f356-4114-4411-ac6f-e732972bf2c2&batch_time=1780920662619&_dd.api=fetch:0
[    2060ms] [ERROR] Failed to load resource: net::ERR_NAME_NOT_RESOLVED @ https://browser-intake-datadoghq.com/api/v2/rum?ddsource=browser&dd-api-key=pub222856fe11852abc3642b1395fac0627&dd-evp-origin-version=7.1.0&dd-evp-origin=browser&dd-request-id=ebdd4e3c-fee4-4507-908e-35c1a4a906be&batch_time=1780920662620&_dd.api=fetch:0
[    2060ms] [ERROR] Failed to load resource: net::ERR_NAME_NOT_RESOLVED @ https://browser-intake-datadoghq.com/api/v2/rum?ddsource=browser&dd-api-key=pub222856fe11852abc3642b1395fac0627&dd-evp-origin-version=7.1.0&dd-evp-origin=browser&dd-request-id=7ef5a8e1-f0b8-46d1-92b6-548af75408fc&batch_time=1780920662622&_dd.api=fetch:0
[    2060ms] [ERROR] Failed to load resource: net::ERR_NAME_NOT_RESOLVED @ https://browser-intake-datadoghq.com/api/v2/rum?ddsource=browser&dd-api-key=pub222856fe11852abc3642b1395fac0627&dd-evp-origin-version=7.1.0&dd-evp-origin=browser&dd-request-id=26cea99d-8763-43a7-a0c8-455ad0823535&batch_time=1780920662623&_dd.api=fetch:0
[    2060ms] [ERROR] Failed to load resource: net::ERR_NAME_NOT_RESOLVED @ https://browser-intake-datadoghq.com/api/v2/rum?ddsource=browser&dd-api-key=pub222856fe11852abc3642b1395fac0627&dd-evp-origin-version=7.1.0&dd-evp-origin=browser&dd-request-id=7cc62d78-1663-4a40-abea-59202f8681cf&batch_time=1780920662624&_dd.api=fetch:0
[    2061ms] [ERROR] Failed to load resource: net::ERR_NAME_NOT_RESOLVED @ https://browser-intake-datadoghq.com/api/v2/rum?ddsource=browser&dd-api-key=pub222856fe11852abc3642b1395fac0627&dd-evp-origin-version=7.1.0&dd-evp-origin=browser&dd-request-id=301eb1e5-a9ba-4697-837e-04f45a1edb48&batch_time=1780920662627&_dd.api=fetch:0
[    2138ms] [ERROR] Failed to load resource: net::ERR_NAME_NOT_RESOLVED @ https://browser-intake-datadoghq.com/api/v2/rum?ddsource=browser&dd-api-key=pub222856fe11852abc3642b1395fac0627&dd-evp-origin-version=7.1.0&dd-evp-origin=browser&dd-request-id=dc36cf1b-b6ae-4382-b031-9a7b051879d2&batch_time=1780920662704&_dd.api=fetch:0
[    2336ms] [ERROR] Failed to load resource: net::ERR_NAME_NOT_RESOLVED @ https://browser-intake-datadoghq.com/api/v2/rum?ddsource=browser&dd-api-key=pub222856fe11852abc3642b1395fac0627&dd-evp-origin-version=7.1.0&dd-evp-origin=browser&dd-request-id=e5a50f89-a115-40eb-b841-58cabe0f040a&batch_time=1780920662901&_dd.api=fetch:0
[    2419ms] [ERROR] Failed to load resource: the server responded with a status of 429 () @ https://api.elections.kalshi.com/v1/social/badges?nickname=Richy222&top_badges=3:0
[    2420ms] [LOG] Transport layer info: You are making requests too frequently @ https://kalshi.com/_next/static/chunks/0q~3w5mbasf3y.js?dpl=dpl_8DZC32fyfJrhwVcY7PUjK6qhB1QX:3
[    2522ms] [ERROR] Failed to load resource: net::ERR_NAME_NOT_RESOLVED @ https://browser-intake-datadoghq.com/api/v2/rum?ddsource=browser&dd-api-key=pub222856fe11852abc3642b1395fac0627&dd-evp-origin-version=7.1.0&dd-evp-origin=browser&dd-request-id=dad37a1f-0d9d-47c8-bc74-2b533e911b6b&batch_time=1780920663088&_dd.api=fetch:0
[    2639ms] [ERROR] Failed to load resource: net::ERR_NAME_NOT_RESOLVED @ https://api2.amplitude.com/2/httpapi:0
[    2851ms] [ERROR] Failed to load resource: net::ERR_NAME_NOT_RESOLVED @ https://browser-intake-datadoghq.com/api/v2/rum?ddsource=browser&dd-api-key=pub222856fe11852abc3642b1395fac0627&dd-evp-origin-version=7.1.0&dd-evp-origin=browser&dd-request-id=b85e4afa-e4fc-47c7-beff-2f6e0f7585d6&batch_time=1780920663416&_dd.api=fetch:0
[    3134ms] [ERROR] Failed to load resource: net::ERR_NAME_NOT_RESOLVED @ https://browser-intake-datadoghq.com/api/v2/rum?ddsource=browser&dd-api-key=pub222856fe11852abc3642b1395fac0627&dd-evp-origin-version=7.1.0&dd-evp-origin=browser&dd-request-id=eebe8892-52be-4712-8b6b-e075255612fe&batch_time=1780920663699&_dd.api=fetch:0
[    3300ms] [ERROR] Failed to load resource: net::ERR_NAME_NOT_RESOLVED @ https://browser-intake-datadoghq.com/api/v2/rum?ddsource=browser&dd-api-key=pub222856fe11852abc3642b1395fac0627&dd-evp-origin-version=7.1.0&dd-evp-origin=browser&dd-request-id=80ceeade-4180-4697-8baa-c56c1c7b610f&batch_time=1780920663865&_dd.api=fetch:0
[    3367ms] [ERROR] Failed to load resource: net::ERR_NAME_NOT_RESOLVED @ https://featureassets.org/v1/initialize?k=client-3KkiSXMxHCYSq6uJpk22JfwuVcizXfTHrECs42WQ9oZ&st=javascript-client-react&sv=3.31.2&t=1780920663932&sid=dc981656-9129-41a5-8167-0e6326155ba2&se=1:0
[    3438ms] [ERROR] Failed to load resource: net::ERR_NAME_NOT_RESOLVED @ https://featureassets.org/v1/initialize?k=client-3KkiSXMxHCYSq6uJpk22JfwuVcizXfTHrECs42WQ9oZ&st=javascript-client-react&sv=3.31.2&t=1780920663983&sid=dc981656-9129-41a5-8167-0e6326155ba2&se=1:0
[    3533ms] [ERROR] Failed to load resource: net::ERR_NAME_NOT_RESOLVED @ https://browser-intake-datadoghq.com/api/v2/rum?ddsource=browser&dd-api-key=pub222856fe11852abc3642b1395fac0627&dd-evp-origin-version=7.1.0&dd-evp-origin=browser&dd-request-id=648f0b92-f4e2-4f13-8423-cea6a4ea72c0&batch_time=1780920664099&_dd.api=fetch:0
[    3685ms] [ERROR] Failed to load resource: the server responded with a status of 429 () @ https://api.elections.kalshi.com/v1/series/?series_tickers=KXNEXTTEAMNFL%2CKXNFLAFCCHAMP%2CKXNFLDRAFT1ST%2CKXNFLPLAYOFF%2CKXNFLPRIMETIME%2CKXRECORDNFLBEST%2CKXRECORDNFLWORST:0
[    3736ms] [LOG] Transport layer info: You are making requests too frequently @ https://kalshi.com/_next/static/chunks/0q~3w5mbasf3y.js?dpl=dpl_8DZC32fyfJrhwVcY7PUjK6qhB1QX:3
[    3938ms] [ERROR] Failed to load resource: net::ERR_NAME_NOT_RESOLVED @ https://api.sprig.com/sdk/1/environments/iOWjIVsDOPhw/config:0
[    3951ms] [ERROR] Failed to load resource: net::ERR_NAME_NOT_RESOLVED @ https://featureassets.org/v1/initialize?k=client-3KkiSXMxHCYSq6uJpk22JfwuVcizXfTHrECs42WQ9oZ&st=javascript-client-react&sv=3.31.2&t=1780920664515&sid=dc981656-9129-41a5-8167-0e6326155ba2&se=1:0
[    3951ms] [ERROR] Failed to load resource: net::ERR_NAME_NOT_RESOLVED @ https://browser-intake-datadoghq.com/api/v2/rum?ddsource=browser&dd-api-key=pub222856fe11852abc3642b1395fac0627&dd-evp-origin-version=7.1.0&dd-evp-origin=browser&dd-request-id=d52c6a83-aaea-47d4-96da-d111f3791a9f&batch_time=1780920664517&_dd.api=fetch:0
[    4126ms] [ERROR] Failed to load resource: net::ERR_NAME_NOT_RESOLVED @ https://browser-intake-datadoghq.com/api/v2/rum?ddsource=browser&dd-api-key=pub222856fe11852abc3642b1395fac0627&dd-evp-origin-version=7.1.0&dd-evp-origin=browser&dd-request-id=6e9d2185-c6f0-4c0f-a8d8-e3b2a5868179&batch_time=1780920664691&_dd.api=fetch:0
[    4284ms] [ERROR] Failed to load resource: net::ERR_NAME_NOT_RESOLVED @ https://browser-intake-datadoghq.com/api/v2/rum?ddsource=browser&dd-api-key=pub222856fe11852abc3642b1395fac0627&dd-evp-origin-version=7.1.0&dd-evp-origin=browser&dd-request-id=d529b70d-2443-43b3-b84d-6093035ab8bf&batch_time=1780920664849&_dd.api=fetch:0
[    4608ms] [ERROR] Failed to load resource: net::ERR_NAME_NOT_RESOLVED @ https://wa.appsflyersdk.com/events?site-id=website-kalshi.com:0
[    4610ms] [ERROR] Failed to load resource: net::ERR_NAME_NOT_RESOLVED @ https://browser-intake-datadoghq.com/api/v2/rum?ddsource=browser&dd-api-key=pub222856fe11852abc3642b1395fac0627&dd-evp-origin-version=7.1.0&dd-evp-origin=browser&dd-request-id=217c8f72-0d89-4a5c-a279-fb1e30b17b61&batch_time=1780920665176&_dd.api=fetch:0
[    4798ms] [ERROR] Failed to load resource: net::ERR_NAME_NOT_RESOLVED @ https://browser-intake-datadoghq.com/api/v2/rum?ddsource=browser&dd-api-key=pub222856fe11852abc3642b1395fac0627&dd-evp-origin-version=7.1.0&dd-evp-origin=browser&dd-request-id=49afe199-1838-4a29-9525-b0010b44a6cb&batch_time=1780920665356&_dd.api=fetch:0
[    4954ms] [ERROR] Failed to load resource: net::ERR_NAME_NOT_RESOLVED @ https://browser-intake-datadoghq.com/api/v2/rum?ddsource=browser&dd-api-key=pub222856fe11852abc3642b1395fac0627&dd-evp-origin-version=7.1.0&dd-evp-origin=browser&dd-request-id=55fdeb5e-afe7-4350-a49b-bb153139d886&batch_time=1780920665507&_dd.api=fetch:0
[    4961ms] [ERROR] Failed to load resource: net::ERR_NAME_NOT_RESOLVED @ https://browser-intake-datadoghq.com/api/v2/rum?ddsource=browser&dd-api-key=pub222856fe11852abc3642b1395fac0627&dd-evp-origin-version=7.1.0&dd-evp-origin=browser&dd-request-id=b0c86337-d3f0-472d-b8ac-e86eebceceda&batch_time=1780920665526&_dd.api=fetch:0
[    5074ms] [ERROR] Failed to load resource: net::ERR_NAME_NOT_RESOLVED @ https://browser-intake-datadoghq.com/api/v2/rum?ddsource=browser&dd-api-key=pub222856fe11852abc3642b1395fac0627&dd-evp-origin-version=7.1.0&dd-evp-origin=browser&dd-request-id=690ffa1d-9e1d-442b-bd1b-0ab14b9f80c7&batch_time=1780920665638&_dd.api=fetch:0
[    5074ms] [ERROR] Failed to load resource: net::ERR_NAME_NOT_RESOLVED @ https://browser-intake-datadoghq.com/api/v2/rum?ddsource=browser&dd-api-key=pub222856fe11852abc3642b1395fac0627&dd-evp-origin-version=7.1.0&dd-evp-origin=browser&dd-request-id=d6ea9d6f-a6d5-44e4-a55d-1515f30c8a10&batch_time=1780920665640&_dd.api=fetch:0
[    5229ms] [ERROR] Failed to load resource: net::ERR_NAME_NOT_RESOLVED @ https://browser-intake-datadoghq.com/api/v2/rum?ddsource=browser&dd-api-key=pub222856fe11852abc3642b1395fac0627&dd-evp-origin-version=7.1.0&dd-evp-origin=browser&dd-request-id=13e173f1-6b0a-437e-bcf7-0f6bd1eb20df&batch_time=1780920665794&_dd.api=fetch:0
[    5316ms] [ERROR] Failed to load resource: net::ERR_NAME_NOT_RESOLVED @ https://browser-intake-datadoghq.com/api/v2/rum?ddsource=browser&dd-api-key=pub222856fe11852abc3642b1395fac0627&dd-evp-origin-version=7.1.0&dd-evp-origin=browser&dd-request-id=55b8c68d-379b-4a4e-af36-37742465c206&batch_time=1780920665882&_dd.api=fetch:0
[    5958ms] [ERROR] Failed to load resource: net::ERR_NAME_NOT_RESOLVED @ https://featureassets.org/v1/initialize?k=client-3KkiSXMxHCYSq6uJpk22JfwuVcizXfTHrECs42WQ9oZ&st=javascript-client-react&sv=3.31.2&t=1780920666524&sid=dc981656-9129-41a5-8167-0e6326155ba2&se=1:0
[    6039ms] [ERROR] Failed to load resource: net::ERR_NAME_NOT_RESOLVED @ https://browser-intake-datadoghq.com/api/v2/rum?ddsource=browser&dd-api-key=pub222856fe11852abc3642b1395fac0627&dd-evp-origin-version=7.1.0&dd-evp-origin=browser&dd-request-id=b49215e3-4341-450c-b1c3-d8a2c61d81ce&batch_time=1780920666605&_dd.api=fetch:0
[    7964ms] [ERROR] Failed to load resource: net::ERR_NAME_NOT_RESOLVED @ https://api.sprig.com/sdk/1/environments/iOWjIVsDOPhw/config:0
[    8584ms] [ERROR] Failed to load resource: net::ERR_NAME_NOT_RESOLVED @ https://browser-intake-datadoghq.com/api/v2/rum?ddsource=browser&dd-api-key=pub222856fe11852abc3642b1395fac0627&dd-evp-origin-version=7.1.0&dd-evp-origin=browser&dd-request-id=5d6ce936-a93a-4653-983f-8f517d1dfa5b&batch_time=1780920669149&_dd.api=fetch:0
[   10918ms] [ERROR] Failed to load resource: net::ERR_NAME_NOT_RESOLVED @ https://browser-intake-datadoghq.com/api/v2/rum?ddsource=browser&dd-api-key=pub222856fe11852abc3642b1395fac0627&dd-evp-origin-version=7.1.0&dd-evp-origin=browser&dd-request-id=58380ad9-2242-42e1-9f67-61f2ccbcaefe&batch_time=1780920671484&_dd.api=fetch:0
[   12268ms] [ERROR] Failed to load resource: net::ERR_NAME_NOT_RESOLVED @ https://browser-intake-datadoghq.com/api/v2/rum?ddsource=browser&dd-api-key=pub222856fe11852abc3642b1395fac0627&dd-evp-origin-version=7.1.0&dd-evp-origin=browser&dd-request-id=fa9cea0d-76fa-4a22-ab42-ac50811e89b6&batch_time=1780920672832&_dd.api=fetch:0
[   15987ms] [ERROR] Failed to load resource: net::ERR_NAME_NOT_RESOLVED @ https://api.sprig.com/sdk/1/environments/iOWjIVsDOPhw/config:0
[   16282ms] [ERROR] Failed to load resource: net::ERR_NAME_NOT_RESOLVED @ https://browser-intake-datadoghq.com/api/v2/rum?ddsource=browser&dd-api-key=pub222856fe11852abc3642b1395fac0627&dd-evp-origin-version=7.1.0&dd-evp-origin=browser&dd-request-id=b41e07f2-8561-43dc-ac28-22fd192fcfd7&batch_time=1780920676834&_dd.api=fetch:0
[   21002ms] [ERROR] Failed to load resource: net::ERR_NAME_NOT_RESOLVED @ https://browser-intake-datadoghq.com/api/v2/rum?ddsource=browser&dd-api-key=pub222856fe11852abc3642b1395fac0627&dd-evp-origin-version=7.1.0&dd-evp-origin=browser&dd-request-id=4e7ad7b4-20c0-4aab-8202-1b3d8171a538&batch_time=1780920681554&_dd.api=fetch:0
[   24222ms] [WARNING] The resource https://kalshi.com/images/research/mission/Frame.png was preloaded using link preload but not used within a few seconds from the window's load event. Please make sure it has an appropriate `as` value and it is preloaded intentionally. @ https://kalshi.com/markets/kxsb/super-bowl/kxsb-27:0
[   24222ms] [WARNING] The resource https://kalshi.com/images/research/mission/calibration.png was preloaded using link preload but not used within a few seconds from the window's load event. Please make sure it has an appropriate `as` value and it is preloaded intentionally. @ https://kalshi.com/markets/kxsb/super-bowl/kxsb-27:0
[   24222ms] [WARNING] The resource https://kalshi.com/images/research/mission/prediction-accuracy.png was preloaded using link preload but not used within a few seconds from the window's load event. Please make sure it has an appropriate `as` value and it is preloaded intentionally. @ https://kalshi.com/markets/kxsb/super-bowl/kxsb-27:0
[   24222ms] [WARNING] The resource https://kalshi.com/images/research/mission/real-world-impact.png was preloaded using link preload but not used within a few seconds from the window's load event. Please make sure it has an appropriate `as` value and it is preloaded intentionally. @ https://kalshi.com/markets/kxsb/super-bowl/kxsb-27:0
[   24222ms] [WARNING] The resource https://kalshi.com/images/research/mission/belief-updating-dynamics.png was preloaded using link preload but not used within a few seconds from the window's load event. Please make sure it has an appropriate `as` value and it is preloaded intentionally. @ https://kalshi.com/markets/kxsb/super-bowl/kxsb-27:0
[   24222ms] [WARNING] The resource https://kalshi.com/images/research/mission/market-microstructure.png was preloaded using link preload but not used within a few seconds from the window's load event. Please make sure it has an appropriate `as` value and it is preloaded intentionally. @ https://kalshi.com/markets/kxsb/super-bowl/kxsb-27:0
[   24222ms] [WARNING] The resource https://kalshi.com/images/research/mission/participant-heterogeneity.png was preloaded using link preload but not used within a few seconds from the window's load event. Please make sure it has an appropriate `as` value and it is preloaded intentionally. @ https://kalshi.com/markets/kxsb/super-bowl/kxsb-27:0
[   25016ms] [ERROR] Failed to load resource: net::ERR_NAME_NOT_RESOLVED @ https://browser-intake-datadoghq.com/api/v2/rum?ddsource=browser&dd-api-key=pub222856fe11852abc3642b1395fac0627&dd-evp-origin-version=7.1.0&dd-evp-origin=browser&dd-request-id=38aa80e8-0f17-4f32-a0ea-1e246134f841&batch_time=1780920685579&_dd.api=fetch:0
[   30567ms] [ERROR] Failed to load resource: net::ERR_NAME_NOT_RESOLVED @ https://browser-intake-datadoghq.com/api/v2/rum?ddsource=browser&dd-api-key=pub222856fe11852abc3642b1395fac0627&dd-evp-origin-version=7.1.0&dd-evp-origin=browser&dd-request-id=4e1c05b0-4202-4902-afb3-693740316c69&batch_time=1780920691133&_dd.api=fetch:0
[   32008ms] [ERROR] Failed to load resource: net::ERR_NAME_NOT_RESOLVED @ https://api.sprig.com/sdk/1/environments/iOWjIVsDOPhw/config:0
[   33218ms] [ERROR] Failed to load resource: net::ERR_NAME_NOT_RESOLVED @ https://browser-intake-datadoghq.com/api/v2/rum?ddsource=browser&dd-api-key=pub222856fe11852abc3642b1395fac0627&dd-evp-origin-version=7.1.0&dd-evp-origin=browser&dd-request-id=695eeb1f-3b08-498b-b2c6-1770e5d16349&batch_time=1780920693783&_dd.api=fetch:0
[   39886ms] [ERROR] Failed to load resource: net::ERR_NAME_NOT_RESOLVED @ https://browser-intake-datadoghq.com/api/v2/rum?ddsource=browser&dd-api-key=pub222856fe11852abc3642b1395fac0627&dd-evp-origin-version=7.1.0&dd-evp-origin=browser&dd-request-id=3bacd15c-4928-43c3-8b75-0b05e50af4c7&batch_time=1780920700451&_dd.api=fetch:0
[   44217ms] [WARNING] The resource https://kalshi.com/images/research/mission/Frame.png was preloaded using link preload but not used within a few seconds from the window's load event. Please make sure it has an appropriate `as` value and it is preloaded intentionally. @ https://kalshi.com/markets/kxsb/super-bowl/kxsb-27:0
[   44217ms] [WARNING] The resource https://kalshi.com/images/research/mission/calibration.png was preloaded using link preload but not used within a few seconds from the window's load event. Please make sure it has an appropriate `as` value and it is preloaded intentionally. @ https://kalshi.com/markets/kxsb/super-bowl/kxsb-27:0
[   44217ms] [WARNING] The resource https://kalshi.com/images/research/mission/prediction-accuracy.png was preloaded using link preload but not used within a few seconds from the window's load event. Please make sure it has an appropriate `as` value and it is preloaded intentionally. @ https://kalshi.com/markets/kxsb/super-bowl/kxsb-27:0
[   44217ms] [WARNING] The resource https://kalshi.com/images/research/mission/real-world-impact.png was preloaded using link preload but not used within a few seconds from the window's load event. Please make sure it has an appropriate `as` value and it is preloaded intentionally. @ https://kalshi.com/markets/kxsb/super-bowl/kxsb-27:0
[   44217ms] [WARNING] The resource https://kalshi.com/images/research/mission/belief-updating-dynamics.png was preloaded using link preload but not used within a few seconds from the window's load event. Please make sure it has an appropriate `as` value and it is preloaded intentionally. @ https://kalshi.com/markets/kxsb/super-bowl/kxsb-27:0
[   44217ms] [WARNING] The resource https://kalshi.com/images/research/mission/market-microstructure.png was preloaded using link preload but not used within a few seconds from the window's load event. Please make sure it has an appropriate `as` value and it is preloaded intentionally. @ https://kalshi.com/markets/kxsb/super-bowl/kxsb-27:0
[   44217ms] [WARNING] The resource https://kalshi.com/images/research/mission/participant-heterogeneity.png was preloaded using link preload but not used within a few seconds from the window's load event. Please make sure it has an appropriate `as` value and it is preloaded intentionally. @ https://kalshi.com/markets/kxsb/super-bowl/kxsb-27:0
[   44318ms] [ERROR] Failed to load resource: net::ERR_NAME_NOT_RESOLVED @ https://browser-intake-datadoghq.com/api/v2/rum?ddsource=browser&dd-api-key=pub222856fe11852abc3642b1395fac0627&dd-evp-origin-version=7.1.0&dd-evp-origin=browser&dd-request-id=fe6fc81f-352e-41c8-bf4a-2d3230bcf3b1&batch_time=1780920704873&_dd.api=fetch:0
[   49102ms] [ERROR] Failed to load resource: net::ERR_NAME_NOT_RESOLVED @ https://browser-intake-datadoghq.com/api/v2/rum?ddsource=browser&dd-api-key=pub222856fe11852abc3642b1395fac0627&dd-evp-origin-version=7.1.0&dd-evp-origin=browser&dd-request-id=a3193f9f-8ecb-42c5-9f00-3da321b6b53e&batch_time=1780920709667&_dd.api=fetch:0
[   54900ms] [ERROR] Failed to load resource: net::ERR_NAME_NOT_RESOLVED @ https://browser-intake-datadoghq.com/api/v2/rum?ddsource=browser&dd-api-key=pub222856fe11852abc3642b1395fac0627&dd-evp-origin-version=7.1.0&dd-evp-origin=browser&dd-request-id=ac03d653-7dd6-4798-85d8-fb10ab61b3d0&batch_time=1780920715452&_dd.api=fetch:0
[   60562ms] [ERROR] Failed to load resource: net::ERR_NAME_NOT_RESOLVED @ https://browser-intake-datadoghq.com/api/v2/rum?ddsource=browser&dd-api-key=pub222856fe11852abc3642b1395fac0627&dd-evp-origin-version=7.1.0&dd-evp-origin=browser&dd-request-id=0bc84ef0-eccb-41f3-bcf5-f7e6e7e5c9cb&batch_time=1780920721113&_dd.api=fetch:0
[   62900ms] [ERROR] Failed to load resource: net::ERR_NAME_NOT_RESOLVED @ https://browser-intake-datadoghq.com/api/v2/rum?ddsource=browser&dd-api-key=pub222856fe11852abc3642b1395fac0627&dd-evp-origin-version=7.1.0&dd-evp-origin=browser&dd-request-id=be800893-7643-42ad-ac63-0304181b60b6&batch_time=1780920723460&_dd.api=fetch:0
[   69195ms] [ERROR] Failed to load resource: net::ERR_NAME_NOT_RESOLVED @ https://browser-intake-datadoghq.com/api/v2/rum?ddsource=browser&dd-api-key=pub222856fe11852abc3642b1395fac0627&dd-evp-origin-version=7.1.0&dd-evp-origin=browser&dd-request-id=966794d3-cbd2-4fbc-bd35-bd63fd311f7b&batch_time=1780920729760&_dd.api=fetch:0
[   74898ms] [ERROR] Failed to load resource: net::ERR_NAME_NOT_RESOLVED @ https://browser-intake-datadoghq.com/api/v2/rum?ddsource=browser&dd-api-key=pub222856fe11852abc3642b1395fac0627&dd-evp-origin-version=7.1.0&dd-evp-origin=browser&dd-request-id=5f767410-7a2a-4f7d-9839-d385e4a8c12a&batch_time=1780920735451&_dd.api=fetch:0
[   80969ms] [ERROR] Failed to load resource: net::ERR_NAME_NOT_RESOLVED @ https://browser-intake-datadoghq.com/api/v2/rum?ddsource=browser&dd-api-key=pub222856fe11852abc3642b1395fac0627&dd-evp-origin-version=7.1.0&dd-evp-origin=browser&dd-request-id=1f5c17df-659b-4b80-b419-55c8a4b100a9&batch_time=1780920741532&_dd.api=fetch:0
[   84285ms] [WARNING] The resource https://kalshi.com/images/research/mission/Frame.png was preloaded using link preload but not used within a few seconds from the window's load event. Please make sure it has an appropriate `as` value and it is preloaded intentionally. @ https://kalshi.com/markets/kxsb/super-bowl/kxsb-27:0
[   84285ms] [WARNING] The resource https://kalshi.com/images/research/mission/calibration.png was preloaded using link preload but not used within a few seconds from the window's load event. Please make sure it has an appropriate `as` value and it is preloaded intentionally. @ https://kalshi.com/markets/kxsb/super-bowl/kxsb-27:0
[   84285ms] [WARNING] The resource https://kalshi.com/images/research/mission/prediction-accuracy.png was preloaded using link preload but not used within a few seconds from the window's load event. Please make sure it has an appropriate `as` value and it is preloaded intentionally. @ https://kalshi.com/markets/kxsb/super-bowl/kxsb-27:0
[   84285ms] [WARNING] The resource https://kalshi.com/images/research/mission/real-world-impact.png was preloaded using link preload but not used within a few seconds from the window's load event. Please make sure it has an appropriate `as` value and it is preloaded intentionally. @ https://kalshi.com/markets/kxsb/super-bowl/kxsb-27:0
[   84285ms] [WARNING] The resource https://kalshi.com/images/research/mission/belief-updating-dynamics.png was preloaded using link preload but not used within a few seconds from the window's load event. Please make sure it has an appropriate `as` value and it is preloaded intentionally. @ https://kalshi.com/markets/kxsb/super-bowl/kxsb-27:0
[   84285ms] [WARNING] The resource https://kalshi.com/images/research/mission/market-microstructure.png was preloaded using link preload but not used within a few seconds from the window's load event. Please make sure it has an appropriate `as` value and it is preloaded intentionally. @ https://kalshi.com/markets/kxsb/super-bowl/kxsb-27:0
[   84285ms] [WARNING] The resource https://kalshi.com/images/research/mission/participant-heterogeneity.png was preloaded using link preload but not used within a few seconds from the window's load event. Please make sure it has an appropriate `as` value and it is preloaded intentionally. @ https://kalshi.com/markets/kxsb/super-bowl/kxsb-27:0
[   86589ms] [ERROR] Failed to load resource: net::ERR_NAME_NOT_RESOLVED @ https://browser-intake-datadoghq.com/api/v2/rum?ddsource=browser&dd-api-key=pub222856fe11852abc3642b1395fac0627&dd-evp-origin-version=7.1.0&dd-evp-origin=browser&dd-request-id=46f8fd07-8fa4-4dcb-96ae-6210027d4a00&batch_time=1780920747154&_dd.api=fetch:0
[   89638ms] [ERROR] Failed to load resource: net::ERR_NAME_NOT_RESOLVED @ https://browser-intake-datadoghq.com/api/v2/rum?ddsource=browser&dd-api-key=pub222856fe11852abc3642b1395fac0627&dd-evp-origin-version=7.1.0&dd-evp-origin=browser&dd-request-id=b30be9b2-203c-44e3-95d7-e8cdf2ba4cd5&batch_time=1780920750204&_dd.api=fetch:0
[   92667ms] [ERROR] Failed to load resource: net::ERR_NAME_NOT_RESOLVED @ https://browser-intake-datadoghq.com/api/v2/rum?ddsource=browser&dd-api-key=pub222856fe11852abc3642b1395fac0627&dd-evp-origin-version=7.1.0&dd-evp-origin=browser&dd-request-id=4a874ea2-5aff-4d73-842b-ec4fcfbd7c60&batch_time=1780920753232&_dd.api=fetch:0
[   95706ms] [ERROR] Failed to load resource: net::ERR_NAME_NOT_RESOLVED @ https://browser-intake-datadoghq.com/api/v2/rum?ddsource=browser&dd-api-key=pub222856fe11852abc3642b1395fac0627&dd-evp-origin-version=7.1.0&dd-evp-origin=browser&dd-request-id=a574e278-8266-48d1-9849-ae324f12fc5b&batch_time=1780920756270&_dd.api=fetch:0
[   98738ms] [ERROR] Failed to load resource: net::ERR_NAME_NOT_RESOLVED @ https://browser-intake-datadoghq.com/api/v2/rum?ddsource=browser&dd-api-key=pub222856fe11852abc3642b1395fac0627&dd-evp-origin-version=7.1.0&dd-evp-origin=browser&dd-request-id=8cc2aa73-44ec-4f02-bcb8-0320010756e2&batch_time=1780920759303&_dd.api=fetch:0
[  102084ms] [ERROR] Failed to load resource: net::ERR_NAME_NOT_RESOLVED @ https://browser-intake-datadoghq.com/api/v2/rum?ddsource=browser&dd-api-key=pub222856fe11852abc3642b1395fac0627&dd-evp-origin-version=7.1.0&dd-evp-origin=browser&dd-request-id=1e47a4ef-3351-44cd-8028-cdc52a22558e&batch_time=1780920762638&_dd.api=fetch:0
[  105097ms] [ERROR] Failed to load resource: net::ERR_NAME_NOT_RESOLVED @ https://browser-intake-datadoghq.com/api/v2/rum?ddsource=browser&dd-api-key=pub222856fe11852abc3642b1395fac0627&dd-evp-origin-version=7.1.0&dd-evp-origin=browser&dd-request-id=cbba0e98-8826-451d-b45b-382ca89c3535&batch_time=1780920765662&_dd.api=fetch:0
[  109282ms] [ERROR] Failed to load resource: net::ERR_NAME_NOT_RESOLVED @ https://browser-intake-datadoghq.com/api/v2/rum?ddsource=browser&dd-api-key=pub222856fe11852abc3642b1395fac0627&dd-evp-origin-version=7.1.0&dd-evp-origin=browser&dd-request-id=e9237522-fe12-49bc-9d75-37b1a5af1185&batch_time=1780920769846&_dd.api=fetch:0
[  111489ms] [ERROR] Failed to load resource: net::ERR_NAME_NOT_RESOLVED @ https://browser-intake-datadoghq.com/api/v2/rum?ddsource=browser&dd-api-key=pub222856fe11852abc3642b1395fac0627&dd-evp-origin-version=7.1.0&dd-evp-origin=browser&dd-request-id=bb5bfdfd-99b0-4cbd-9306-260c7f0cb10e&batch_time=1780920772055&_dd.api=fetch:0
[  115367ms] [ERROR] Failed to load resource: net::ERR_NAME_NOT_RESOLVED @ https://browser-intake-datadoghq.com/api/v2/rum?ddsource=browser&dd-api-key=pub222856fe11852abc3642b1395fac0627&dd-evp-origin-version=7.1.0&dd-evp-origin=browser&dd-request-id=586acdfc-f305-43e9-bd7b-95f3a6b846b7&batch_time=1780920775922&_dd.api=fetch:0
[  118388ms] [ERROR] Failed to load resource: net::ERR_NAME_NOT_RESOLVED @ https://browser-intake-datadoghq.com/api/v2/rum?ddsource=browser&dd-api-key=pub222856fe11852abc3642b1395fac0627&dd-evp-origin-version=7.1.0&dd-evp-origin=browser&dd-request-id=1b72cb1c-15ff-41fe-a938-96375ef7f69c&batch_time=1780920778954&_dd.api=fetch:0
[  121407ms] [ERROR] Failed to load resource: net::ERR_NAME_NOT_RESOLVED @ https://browser-intake-datadoghq.com/api/v2/rum?ddsource=browser&dd-api-key=pub222856fe11852abc3642b1395fac0627&dd-evp-origin-version=7.1.0&dd-evp-origin=browser&dd-request-id=41a23370-7b57-48e6-ba19-0cf5a413fdcc&batch_time=1780920781972&_dd.api=fetch:0
[  123427ms] [ERROR] Failed to load resource: net::ERR_NAME_NOT_RESOLVED @ https://browser-intake-datadoghq.com/api/v2/rum?ddsource=browser&dd-api-key=pub222856fe11852abc3642b1395fac0627&dd-evp-origin-version=7.1.0&dd-evp-origin=browser&dd-request-id=13284d2d-81eb-4750-949a-c4f6f0a844e0&batch_time=1780920783989&_dd.api=fetch:0
[  127440ms] [ERROR] Failed to load resource: net::ERR_NAME_NOT_RESOLVED @ https://browser-intake-datadoghq.com/api/v2/rum?ddsource=browser&dd-api-key=pub222856fe11852abc3642b1395fac0627&dd-evp-origin-version=7.1.0&dd-evp-origin=browser&dd-request-id=fcce717c-98da-4c8f-80af-b73fc60bdc1f&batch_time=1780920788006&_dd.api=fetch:0
[  130489ms] [ERROR] Failed to load resource: net::ERR_NAME_NOT_RESOLVED @ https://browser-intake-datadoghq.com/api/v2/rum?ddsource=browser&dd-api-key=pub222856fe11852abc3642b1395fac0627&dd-evp-origin-version=7.1.0&dd-evp-origin=browser&dd-request-id=13a0a306-424e-46e0-b2ae-1d71588e44b7&batch_time=1780920791055&_dd.api=fetch:0
[  134539ms] [ERROR] Failed to load resource: net::ERR_NAME_NOT_RESOLVED @ https://browser-intake-datadoghq.com/api/v2/rum?ddsource=browser&dd-api-key=pub222856fe11852abc3642b1395fac0627&dd-evp-origin-version=7.1.0&dd-evp-origin=browser&dd-request-id=4e2f744c-0d18-4287-a3d0-27e9e08ffa3a&batch_time=1780920795105&_dd.api=fetch:0
[  138574ms] [ERROR] Failed to load resource: net::ERR_NAME_NOT_RESOLVED @ https://browser-intake-datadoghq.com/api/v2/rum?ddsource=browser&dd-api-key=pub222856fe11852abc3642b1395fac0627&dd-evp-origin-version=7.1.0&dd-evp-origin=browser&dd-request-id=5a607feb-47f0-4486-ab46-afb56f6211a4&batch_time=1780920799140&_dd.api=fetch:0
[  141604ms] [ERROR] Failed to load resource: net::ERR_NAME_NOT_RESOLVED @ https://browser-intake-datadoghq.com/api/v2/rum?ddsource=browser&dd-api-key=pub222856fe11852abc3642b1395fac0627&dd-evp-origin-version=7.1.0&dd-evp-origin=browser&dd-request-id=3a1a0d3d-9b1c-49ec-8b88-9431b00284a4&batch_time=1780920802157&_dd.api=fetch:0
[  144630ms] [ERROR] Failed to load resource: net::ERR_NAME_NOT_RESOLVED @ https://browser-intake-datadoghq.com/api/v2/rum?ddsource=browser&dd-api-key=pub222856fe11852abc3642b1395fac0627&dd-evp-origin-version=7.1.0&dd-evp-origin=browser&dd-request-id=fbd7fcd4-e07c-4bc4-99bf-e276ffe42f84&batch_time=1780920805196&_dd.api=fetch:0
[  147853ms] [ERROR] Failed to load resource: net::ERR_NAME_NOT_RESOLVED @ https://browser-intake-datadoghq.com/api/v2/rum?ddsource=browser&dd-api-key=pub222856fe11852abc3642b1395fac0627&dd-evp-origin-version=7.1.0&dd-evp-origin=browser&dd-request-id=bf22e119-964d-4fb8-ac68-302aaca2ce39&batch_time=1780920808407&_dd.api=fetch:0
[  150847ms] [ERROR] Failed to load resource: net::ERR_NAME_NOT_RESOLVED @ https://browser-intake-datadoghq.com/api/v2/rum?ddsource=browser&dd-api-key=pub222856fe11852abc3642b1395fac0627&dd-evp-origin-version=7.1.0&dd-evp-origin=browser&dd-request-id=f8cb95b7-f182-4b23-825a-19fac5273f0f&batch_time=1780920811413&_dd.api=fetch:0
[  154526ms] [ERROR] Failed to load resource: net::ERR_NAME_NOT_RESOLVED @ https://browser-intake-datadoghq.com/api/v2/rum?ddsource=browser&dd-api-key=pub222856fe11852abc3642b1395fac0627&dd-evp-origin-version=7.1.0&dd-evp-origin=browser&dd-request-id=dfa8103c-374b-4e56-8623-36ef25b90a23&batch_time=1780920815092&_dd.api=fetch:0
[  157560ms] [ERROR] Failed to load resource: net::ERR_NAME_NOT_RESOLVED @ https://browser-intake-datadoghq.com/api/v2/rum?ddsource=browser&dd-api-key=pub222856fe11852abc3642b1395fac0627&dd-evp-origin-version=7.1.0&dd-evp-origin=browser&dd-request-id=90d10d16-b318-4c8b-a77f-74d8a20a6d48&batch_time=1780920818126&_dd.api=fetch:0
[  160933ms] [ERROR] Failed to load resource: net::ERR_NAME_NOT_RESOLVED @ https://browser-intake-datadoghq.com/api/v2/rum?ddsource=browser&dd-api-key=pub222856fe11852abc3642b1395fac0627&dd-evp-origin-version=7.1.0&dd-evp-origin=browser&dd-request-id=08f4fdc2-4c9f-4204-90b7-cbc882bb87c1&batch_time=1780920821498&_dd.api=fetch:0
[  163992ms] [ERROR] Failed to load resource: net::ERR_NAME_NOT_RESOLVED @ https://browser-intake-datadoghq.com/api/v2/rum?ddsource=browser&dd-api-key=pub222856fe11852abc3642b1395fac0627&dd-evp-origin-version=7.1.0&dd-evp-origin=browser&dd-request-id=3a4c8e1f-2140-4d5d-9308-5ea1136d41a6&batch_time=1780920824558&_dd.api=fetch:0
[  166992ms] [ERROR] Failed to load resource: net::ERR_NAME_NOT_RESOLVED @ https://browser-intake-datadoghq.com/api/v2/rum?ddsource=browser&dd-api-key=pub222856fe11852abc3642b1395fac0627&dd-evp-origin-version=7.1.0&dd-evp-origin=browser&dd-request-id=9aa13412-49b5-4b72-952b-fe96b72afa8f&batch_time=1780920827557&_dd.api=fetch:0
[  171015ms] [ERROR] Failed to load resource: net::ERR_NAME_NOT_RESOLVED @ https://browser-intake-datadoghq.com/api/v2/rum?ddsource=browser&dd-api-key=pub222856fe11852abc3642b1395fac0627&dd-evp-origin-version=7.1.0&dd-evp-origin=browser&dd-request-id=15a42d88-0614-4d59-a6dd-0c058650881d&batch_time=1780920831577&_dd.api=fetch:0
[  175077ms] [ERROR] Failed to load resource: net::ERR_NAME_NOT_RESOLVED @ https://browser-intake-datadoghq.com/api/v2/rum?ddsource=browser&dd-api-key=pub222856fe11852abc3642b1395fac0627&dd-evp-origin-version=7.1.0&dd-evp-origin=browser&dd-request-id=d415bc20-778d-44da-a97f-42d420846957&batch_time=1780920835642&_dd.api=fetch:0
[  178082ms] [ERROR] Failed to load resource: net::ERR_NAME_NOT_RESOLVED @ https://browser-intake-datadoghq.com/api/v2/rum?ddsource=browser&dd-api-key=pub222856fe11852abc3642b1395fac0627&dd-evp-origin-version=7.1.0&dd-evp-origin=browser&dd-request-id=be0c07dc-eb22-48db-ba28-ba9bf92fe24f&batch_time=1780920838646&_dd.api=fetch:0
[  181152ms] [ERROR] Failed to load resource: net::ERR_NAME_NOT_RESOLVED @ https://browser-intake-datadoghq.com/api/v2/rum?ddsource=browser&dd-api-key=pub222856fe11852abc3642b1395fac0627&dd-evp-origin-version=7.1.0&dd-evp-origin=browser&dd-request-id=8c06b5c3-50c4-4b8c-b9c6-39da8714ff7e&batch_time=1780920841717&_dd.api=fetch:0
[  183158ms] [ERROR] Failed to load resource: net::ERR_NAME_NOT_RESOLVED @ https://browser-intake-datadoghq.com/api/v2/rum?ddsource=browser&dd-api-key=pub222856fe11852abc3642b1395fac0627&dd-evp-origin-version=7.1.0&dd-evp-origin=browser&dd-request-id=c1fff63a-16ae-4ba2-9c2f-dd10a5b066ea&batch_time=1780920843723&_dd.api=fetch:0
[  187192ms] [ERROR] Failed to load resource: net::ERR_NAME_NOT_RESOLVED @ https://browser-intake-datadoghq.com/api/v2/rum?ddsource=browser&dd-api-key=pub222856fe11852abc3642b1395fac0627&dd-evp-origin-version=7.1.0&dd-evp-origin=browser&dd-request-id=ac32331f-dbf5-43f5-9515-d89587f237db&batch_time=1780920847759&_dd.api=fetch:0
[  191229ms] [ERROR] Failed to load resource: net::ERR_NAME_NOT_RESOLVED @ https://browser-intake-datadoghq.com/api/v2/rum?ddsource=browser&dd-api-key=pub222856fe11852abc3642b1395fac0627&dd-evp-origin-version=7.1.0&dd-evp-origin=browser&dd-request-id=b824e2de-04d3-4d90-82e3-1b88c541e6ab&batch_time=1780920851793&_dd.api=fetch:0
[  194259ms] [ERROR] Failed to load resource: net::ERR_NAME_NOT_RESOLVED @ https://browser-intake-datadoghq.com/api/v2/rum?ddsource=browser&dd-api-key=pub222856fe11852abc3642b1395fac0627&dd-evp-origin-version=7.1.0&dd-evp-origin=browser&dd-request-id=d2b7867f-8599-4da2-8144-1084f2381e95&batch_time=1780920854824&_dd.api=fetch:0
[  198261ms] [ERROR] Failed to load resource: net::ERR_NAME_NOT_RESOLVED @ https://browser-intake-datadoghq.com/api/v2/rum?ddsource=browser&dd-api-key=pub222856fe11852abc3642b1395fac0627&dd-evp-origin-version=7.1.0&dd-evp-origin=browser&dd-request-id=d1d82b35-84dd-45b7-b1e7-a59bdaf14bd0&batch_time=1780920858826&_dd.api=fetch:0
[  201429ms] [ERROR] Failed to load resource: net::ERR_NAME_NOT_RESOLVED @ https://browser-intake-datadoghq.com/api/v2/rum?ddsource=browser&dd-api-key=pub222856fe11852abc3642b1395fac0627&dd-evp-origin-version=7.1.0&dd-evp-origin=browser&dd-request-id=b59d8129-bbaa-40b1-a6a9-c778ae32ea5b&batch_time=1780920861994&_dd.api=fetch:0
[  204482ms] [ERROR] Failed to load resource: net::ERR_NAME_NOT_RESOLVED @ https://browser-intake-datadoghq.com/api/v2/rum?ddsource=browser&dd-api-key=pub222856fe11852abc3642b1395fac0627&dd-evp-origin-version=7.1.0&dd-evp-origin=browser&dd-request-id=94dfeb74-1c0c-4267-af48-5b12b34c8db8&batch_time=1780920865047&_dd.api=fetch:0
[  208515ms] [ERROR] Failed to load resource: net::ERR_NAME_NOT_RESOLVED @ https://browser-intake-datadoghq.com/api/v2/rum?ddsource=browser&dd-api-key=pub222856fe11852abc3642b1395fac0627&dd-evp-origin-version=7.1.0&dd-evp-origin=browser&dd-request-id=0a34f05b-bcf8-4525-86aa-5a96ce777f7d&batch_time=1780920869081&_dd.api=fetch:0
[  211528ms] [ERROR] Failed to load resource: net::ERR_NAME_NOT_RESOLVED @ https://browser-intake-datadoghq.com/api/v2/rum?ddsource=browser&dd-api-key=pub222856fe11852abc3642b1395fac0627&dd-evp-origin-version=7.1.0&dd-evp-origin=browser&dd-request-id=7f566288-8a8b-4156-bea1-1f3359993657&batch_time=1780920872093&_dd.api=fetch:0
[  213333ms] [ERROR] Failed to load resource: net::ERR_NAME_NOT_RESOLVED @ https://browser-intake-datadoghq.com/api/v2/rum?ddsource=browser&dd-api-key=pub222856fe11852abc3642b1395fac0627&dd-evp-origin-version=7.1.0&dd-evp-origin=browser&dd-request-id=3ea683fb-912e-4c80-8d8d-040a37fa5730&batch_time=1780920873899&_dd.api=fetch:0
[  216589ms] [ERROR] Failed to load resource: net::ERR_NAME_NOT_RESOLVED @ https://browser-intake-datadoghq.com/api/v2/rum?ddsource=browser&dd-api-key=pub222856fe11852abc3642b1395fac0627&dd-evp-origin-version=7.1.0&dd-evp-origin=browser&dd-request-id=8de494e8-d3a2-40bb-aeeb-1825ea554a5d&batch_time=1780920877151&_dd.api=fetch:0
[  220618ms] [ERROR] Failed to load resource: net::ERR_NAME_NOT_RESOLVED @ https://browser-intake-datadoghq.com/api/v2/rum?ddsource=browser&dd-api-key=pub222856fe11852abc3642b1395fac0627&dd-evp-origin-version=7.1.0&dd-evp-origin=browser&dd-request-id=9769416d-5640-4197-b664-4e5c509343b1&batch_time=1780920881184&_dd.api=fetch:0
[  223656ms] [ERROR] Failed to load resource: net::ERR_NAME_NOT_RESOLVED @ https://browser-intake-datadoghq.com/api/v2/rum?ddsource=browser&dd-api-key=pub222856fe11852abc3642b1395fac0627&dd-evp-origin-version=7.1.0&dd-evp-origin=browser&dd-request-id=59242b7e-834d-414a-970a-0103faa4a73c&batch_time=1780920884210&_dd.api=fetch:0
[  226662ms] [ERROR] Failed to load resource: net::ERR_NAME_NOT_RESOLVED @ https://browser-intake-datadoghq.com/api/v2/rum?ddsource=browser&dd-api-key=pub222856fe11852abc3642b1395fac0627&dd-evp-origin-version=7.1.0&dd-evp-origin=browser&dd-request-id=98435aa4-af20-405e-afb0-3bab72a3ead0&batch_time=1780920887227&_dd.api=fetch:0
[  229711ms] [ERROR] Failed to load resource: net::ERR_NAME_NOT_RESOLVED @ https://browser-intake-datadoghq.com/api/v2/rum?ddsource=browser&dd-api-key=pub222856fe11852abc3642b1395fac0627&dd-evp-origin-version=7.1.0&dd-evp-origin=browser&dd-request-id=aefd1d4f-6a27-498c-a8f0-984081859e77&batch_time=1780920890277&_dd.api=fetch:0
[  232738ms] [ERROR] Failed to load resource: net::ERR_NAME_NOT_RESOLVED @ https://browser-intake-datadoghq.com/api/v2/rum?ddsource=browser&dd-api-key=pub222856fe11852abc3642b1395fac0627&dd-evp-origin-version=7.1.0&dd-evp-origin=browser&dd-request-id=5e678919-b856-4871-ac77-1d52f589d4b8&batch_time=1780920893300&_dd.api=fetch:0
[  236969ms] [ERROR] Failed to load resource: net::ERR_NAME_NOT_RESOLVED @ https://browser-intake-datadoghq.com/api/v2/rum?ddsource=browser&dd-api-key=pub222856fe11852abc3642b1395fac0627&dd-evp-origin-version=7.1.0&dd-evp-origin=browser&dd-request-id=cb994d44-9eb1-47ad-ae47-040feb3655f3&batch_time=1780920897524&_dd.api=fetch:0
[  240780ms] [ERROR] Failed to load resource: net::ERR_NAME_NOT_RESOLVED @ https://browser-intake-datadoghq.com/api/v2/rum?ddsource=browser&dd-api-key=pub222856fe11852abc3642b1395fac0627&dd-evp-origin-version=7.1.0&dd-evp-origin=browser&dd-request-id=08328933-5763-43e7-93f4-a71b6052a4ec&batch_time=1780920901345&_dd.api=fetch:0
[  241829ms] [ERROR] Failed to load resource: net::ERR_NAME_NOT_RESOLVED @ https://browser-intake-datadoghq.com/api/v2/rum?ddsource=browser&dd-api-key=pub222856fe11852abc3642b1395fac0627&dd-evp-origin-version=7.1.0&dd-evp-origin=browser&dd-request-id=0135f78c-ae23-4bb0-b289-e414da08e82b&batch_time=1780920902394&_dd.api=fetch:0
[  245875ms] [ERROR] Failed to load resource: net::ERR_NAME_NOT_RESOLVED @ https://browser-intake-datadoghq.com/api/v2/rum?ddsource=browser&dd-api-key=pub222856fe11852abc3642b1395fac0627&dd-evp-origin-version=7.1.0&dd-evp-origin=browser&dd-request-id=c21f3331-c310-42d7-ad0b-1277bbef5525&batch_time=1780920906412&_dd.api=fetch:0
[  249863ms] [ERROR] Failed to load resource: net::ERR_NAME_NOT_RESOLVED @ https://browser-intake-datadoghq.com/api/v2/rum?ddsource=browser&dd-api-key=pub222856fe11852abc3642b1395fac0627&dd-evp-origin-version=7.1.0&dd-evp-origin=browser&dd-request-id=73827fdd-59ca-4ded-900f-d6fecc8847e5&batch_time=1780920910429&_dd.api=fetch:0
[  252965ms] [ERROR] Failed to load resource: net::ERR_NAME_NOT_RESOLVED @ https://browser-intake-datadoghq.com/api/v2/rum?ddsource=browser&dd-api-key=pub222856fe11852abc3642b1395fac0627&dd-evp-origin-version=7.1.0&dd-evp-origin=browser&dd-request-id=08d78db6-294c-418b-8c42-44811fc14003&batch_time=1780920913526&_dd.api=fetch:0
[  256328ms] [ERROR] Failed to load resource: net::ERR_NAME_NOT_RESOLVED @ https://browser-intake-datadoghq.com/api/v2/rum?ddsource=browser&dd-api-key=pub222856fe11852abc3642b1395fac0627&dd-evp-origin-version=7.1.0&dd-evp-origin=browser&dd-request-id=36a0efd7-64c1-4fb4-8ec6-04a41844c69a&batch_time=1780920916879&_dd.api=fetch:0
[  259963ms] [ERROR] Failed to load resource: net::ERR_NAME_NOT_RESOLVED @ https://browser-intake-datadoghq.com/api/v2/rum?ddsource=browser&dd-api-key=pub222856fe11852abc3642b1395fac0627&dd-evp-origin-version=7.1.0&dd-evp-origin=browser&dd-request-id=587a22eb-2857-4582-b8fa-102dda58ad11&batch_time=1780920920529&_dd.api=fetch:0
[  262981ms] [ERROR] Failed to load resource: net::ERR_NAME_NOT_RESOLVED @ https://browser-intake-datadoghq.com/api/v2/rum?ddsource=browser&dd-api-key=pub222856fe11852abc3642b1395fac0627&dd-evp-origin-version=7.1.0&dd-evp-origin=browser&dd-request-id=bc6fdc2e-975b-4cdd-9494-1e53ec658211&batch_time=1780920923546&_dd.api=fetch:0
[  265999ms] [ERROR] Failed to load resource: net::ERR_NAME_NOT_RESOLVED @ https://browser-intake-datadoghq.com/api/v2/rum?ddsource=browser&dd-api-key=pub222856fe11852abc3642b1395fac0627&dd-evp-origin-version=7.1.0&dd-evp-origin=browser&dd-request-id=5e173659-e45f-402d-a3b0-c45c22d5ec23&batch_time=1780920926552&_dd.api=fetch:0
[  269402ms] [ERROR] Failed to load resource: net::ERR_NAME_NOT_RESOLVED @ https://browser-intake-datadoghq.com/api/v2/rum?ddsource=browser&dd-api-key=pub222856fe11852abc3642b1395fac0627&dd-evp-origin-version=7.1.0&dd-evp-origin=browser&dd-request-id=65e95dd8-f244-45bf-90e9-a5a37dfe9e7c&batch_time=1780920929967&_dd.api=fetch:0
[  271862ms] [ERROR] Failed to load resource: net::ERR_NAME_NOT_RESOLVED @ https://browser-intake-datadoghq.com/api/v2/rum?ddsource=browser&dd-api-key=pub222856fe11852abc3642b1395fac0627&dd-evp-origin-version=7.1.0&dd-evp-origin=browser&dd-request-id=d1e0dd0d-d2c8-44bd-8277-d56b097ccd0d&batch_time=1780920932427&_dd.api=fetch:0
[  273747ms] [ERROR] Failed to load resource: net::ERR_NAME_NOT_RESOLVED @ https://browser-intake-datadoghq.com/api/v2/rum?ddsource=browser&dd-api-key=pub222856fe11852abc3642b1395fac0627&dd-evp-origin-version=7.1.0&dd-evp-origin=browser&dd-request-id=6b8e28ad-ed0f-4222-9f69-8e0003703f52&batch_time=1780920934312&_dd.api=fetch:0
[  278196ms] [ERROR] Failed to load resource: net::ERR_NAME_NOT_RESOLVED @ https://browser-intake-datadoghq.com/api/v2/rum?ddsource=browser&dd-api-key=pub222856fe11852abc3642b1395fac0627&dd-evp-origin-version=7.1.0&dd-evp-origin=browser&dd-request-id=17340b03-eee2-4059-a47e-5fa8eee62f35&batch_time=1780920938762&_dd.api=fetch:0
[  281219ms] [ERROR] Failed to load resource: net::ERR_NAME_NOT_RESOLVED @ https://browser-intake-datadoghq.com/api/v2/rum?ddsource=browser&dd-api-key=pub222856fe11852abc3642b1395fac0627&dd-evp-origin-version=7.1.0&dd-evp-origin=browser&dd-request-id=8ae7ebdb-f300-44b3-a84f-40b891bde793&batch_time=1780920941785&_dd.api=fetch:0
[  284226ms] [WARNING] The resource https://kalshi.com/images/research/mission/Frame.png was preloaded using link preload but not used within a few seconds from the window's load event. Please make sure it has an appropriate `as` value and it is preloaded intentionally. @ https://kalshi.com/markets/kxsb/super-bowl/kxsb-27:0
[  284226ms] [WARNING] The resource https://kalshi.com/images/research/mission/calibration.png was preloaded using link preload but not used within a few seconds from the window's load event. Please make sure it has an appropriate `as` value and it is preloaded intentionally. @ https://kalshi.com/markets/kxsb/super-bowl/kxsb-27:0
[  284226ms] [WARNING] The resource https://kalshi.com/images/research/mission/prediction-accuracy.png was preloaded using link preload but not used within a few seconds from the window's load event. Please make sure it has an appropriate `as` value and it is preloaded intentionally. @ https://kalshi.com/markets/kxsb/super-bowl/kxsb-27:0
[  284226ms] [WARNING] The resource https://kalshi.com/images/research/mission/real-world-impact.png was preloaded using link preload but not used within a few seconds from the window's load event. Please make sure it has an appropriate `as` value and it is preloaded intentionally. @ https://kalshi.com/markets/kxsb/super-bowl/kxsb-27:0
[  284226ms] [WARNING] The resource https://kalshi.com/images/research/mission/belief-updating-dynamics.png was preloaded using link preload but not used within a few seconds from the window's load event. Please make sure it has an appropriate `as` value and it is preloaded intentionally. @ https://kalshi.com/markets/kxsb/super-bowl/kxsb-27:0
[  284227ms] [WARNING] The resource https://kalshi.com/images/research/mission/market-microstructure.png was preloaded using link preload but not used within a few seconds from the window's load event. Please make sure it has an appropriate `as` value and it is preloaded intentionally. @ https://kalshi.com/markets/kxsb/super-bowl/kxsb-27:0
[  284227ms] [WARNING] The resource https://kalshi.com/images/research/mission/participant-heterogeneity.png was preloaded using link preload but not used within a few seconds from the window's load event. Please make sure it has an appropriate `as` value and it is preloaded intentionally. @ https://kalshi.com/markets/kxsb/super-bowl/kxsb-27:0
[  284358ms] [ERROR] Failed to load resource: net::ERR_NAME_NOT_RESOLVED @ https://browser-intake-datadoghq.com/api/v2/rum?ddsource=browser&dd-api-key=pub222856fe11852abc3642b1395fac0627&dd-evp-origin-version=7.1.0&dd-evp-origin=browser&dd-request-id=513fb0b5-3f20-4404-8888-66a21759d8ec&batch_time=1780920944917&_dd.api=fetch:0
[  287943ms] [WARNING] The resource https://kalshi.com/images/research/mission/Frame.png was preloaded using link preload but not used within a few seconds from the window's load event. Please make sure it has an appropriate `as` value and it is preloaded intentionally. @ https://kalshi.com/markets/kxsb/super-bowl/kxsb-27:0
[  287943ms] [WARNING] The resource https://kalshi.com/images/research/mission/calibration.png was preloaded using link preload but not used within a few seconds from the window's load event. Please make sure it has an appropriate `as` value and it is preloaded intentionally. @ https://kalshi.com/markets/kxsb/super-bowl/kxsb-27:0
[  287943ms] [WARNING] The resource https://kalshi.com/images/research/mission/prediction-accuracy.png was preloaded using link preload but not used within a few seconds from the window's load event. Please make sure it has an appropriate `as` value and it is preloaded intentionally. @ https://kalshi.com/markets/kxsb/super-bowl/kxsb-27:0
[  287943ms] [WARNING] The resource https://kalshi.com/images/research/mission/real-world-impact.png was preloaded using link preload but not used within a few seconds from the window's load event. Please make sure it has an appropriate `as` value and it is preloaded intentionally. @ https://kalshi.com/markets/kxsb/super-bowl/kxsb-27:0
[  287943ms] [WARNING] The resource https://kalshi.com/images/research/mission/belief-updating-dynamics.png was preloaded using link preload but not used within a few seconds from the window's load event. Please make sure it has an appropriate `as` value and it is preloaded intentionally. @ https://kalshi.com/markets/kxsb/super-bowl/kxsb-27:0
[  287943ms] [WARNING] The resource https://kalshi.com/images/research/mission/market-microstructure.png was preloaded using link preload but not used within a few seconds from the window's load event. Please make sure it has an appropriate `as` value and it is preloaded intentionally. @ https://kalshi.com/markets/kxsb/super-bowl/kxsb-27:0
[  287943ms] [WARNING] The resource https://kalshi.com/images/research/mission/participant-heterogeneity.png was preloaded using link preload but not used within a few seconds from the window's load event. Please make sure it has an appropriate `as` value and it is preloaded intentionally. @ https://kalshi.com/markets/kxsb/super-bowl/kxsb-27:0
[  288684ms] [ERROR] Failed to load resource: net::ERR_NAME_NOT_RESOLVED @ https://browser-intake-datadoghq.com/api/v2/rum?ddsource=browser&dd-api-key=pub222856fe11852abc3642b1395fac0627&dd-evp-origin-version=7.1.0&dd-evp-origin=browser&dd-request-id=254da380-4674-4f02-91b8-a6160192afb6&batch_time=1780920949250&_dd.api=fetch:0
[  290798ms] [ERROR] Failed to load resource: net::ERR_NAME_NOT_RESOLVED @ https://browser-intake-datadoghq.com/api/v2/rum?ddsource=browser&dd-api-key=pub222856fe11852abc3642b1395fac0627&dd-evp-origin-version=7.1.0&dd-evp-origin=browser&dd-request-id=f987bcf8-6426-4619-af66-6398172fa007&batch_time=1780920951363&_dd.api=fetch:0
[  294425ms] [ERROR] Failed to load resource: net::ERR_NAME_NOT_RESOLVED @ https://browser-intake-datadoghq.com/api/v2/rum?ddsource=browser&dd-api-key=pub222856fe11852abc3642b1395fac0627&dd-evp-origin-version=7.1.0&dd-evp-origin=browser&dd-request-id=25f15de6-ae88-4639-a7fe-036d1abc9a85&batch_time=1780920954979&_dd.api=fetch:0
[  298447ms] [ERROR] Failed to load resource: net::ERR_NAME_NOT_RESOLVED @ https://browser-intake-datadoghq.com/api/v2/rum?ddsource=browser&dd-api-key=pub222856fe11852abc3642b1395fac0627&dd-evp-origin-version=7.1.0&dd-evp-origin=browser&dd-request-id=c13d2db4-44da-4195-9aa3-1587a370c852&batch_time=1780920959013&_dd.api=fetch:0
[  300876ms] [ERROR] Failed to load resource: net::ERR_NAME_NOT_RESOLVED @ https://browser-intake-datadoghq.com/api/v2/rum?ddsource=browser&dd-api-key=pub222856fe11852abc3642b1395fac0627&dd-evp-origin-version=7.1.0&dd-evp-origin=browser&dd-request-id=de3ac37a-0ccc-401a-966c-0592b6a7d2ad&batch_time=1780920961441&_dd.api=fetch:0
[  302464ms] [ERROR] Failed to load resource: net::ERR_NAME_NOT_RESOLVED @ https://browser-intake-datadoghq.com/api/v2/rum?ddsource=browser&dd-api-key=pub222856fe11852abc3642b1395fac0627&dd-evp-origin-version=7.1.0&dd-evp-origin=browser&dd-request-id=c63dabb5-2664-4d58-b895-3b296125fb20&batch_time=1780920963029&_dd.api=fetch:0
[  305505ms] [ERROR] Failed to load resource: net::ERR_NAME_NOT_RESOLVED @ https://browser-intake-datadoghq.com/api/v2/rum?ddsource=browser&dd-api-key=pub222856fe11852abc3642b1395fac0627&dd-evp-origin-version=7.1.0&dd-evp-origin=browser&dd-request-id=08ed5004-37b5-4caa-8504-81b38c6fb86f&batch_time=1780920966071&_dd.api=fetch:0
[  309564ms] [ERROR] Failed to load resource: net::ERR_NAME_NOT_RESOLVED @ https://browser-intake-datadoghq.com/api/v2/rum?ddsource=browser&dd-api-key=pub222856fe11852abc3642b1395fac0627&dd-evp-origin-version=7.1.0&dd-evp-origin=browser&dd-request-id=ed99e2af-3e5e-430a-a49e-5cb3fcf84e90&batch_time=1780920970130&_dd.api=fetch:0
[  312586ms] [ERROR] Failed to load resource: net::ERR_NAME_NOT_RESOLVED @ https://browser-intake-datadoghq.com/api/v2/rum?ddsource=browser&dd-api-key=pub222856fe11852abc3642b1395fac0627&dd-evp-origin-version=7.1.0&dd-evp-origin=browser&dd-request-id=62f9a680-39f9-450b-a434-4bc12063ccdd&batch_time=1780920973151&_dd.api=fetch:0
[  316637ms] [ERROR] Failed to load resource: net::ERR_NAME_NOT_RESOLVED @ https://browser-intake-datadoghq.com/api/v2/rum?ddsource=browser&dd-api-key=pub222856fe11852abc3642b1395fac0627&dd-evp-origin-version=7.1.0&dd-evp-origin=browser&dd-request-id=b145f2f5-ea31-445b-b1ff-69f265dd982b&batch_time=1780920977202&_dd.api=fetch:0
[  320663ms] [ERROR] Failed to load resource: net::ERR_NAME_NOT_RESOLVED @ https://browser-intake-datadoghq.com/api/v2/rum?ddsource=browser&dd-api-key=pub222856fe11852abc3642b1395fac0627&dd-evp-origin-version=7.1.0&dd-evp-origin=browser&dd-request-id=fa02f328-fd9f-45ed-8891-bed4f0d3e8ab&batch_time=1780920981219&_dd.api=fetch:0
[  323658ms] [ERROR] Failed to load resource: net::ERR_NAME_NOT_RESOLVED @ https://browser-intake-datadoghq.com/api/v2/rum?ddsource=browser&dd-api-key=pub222856fe11852abc3642b1395fac0627&dd-evp-origin-version=7.1.0&dd-evp-origin=browser&dd-request-id=b22be050-8df0-4919-8a3e-924a1e586cc7&batch_time=1780920984220&_dd.api=fetch:0
[  327997ms] [ERROR] Failed to load resource: net::ERR_NAME_NOT_RESOLVED @ https://browser-intake-datadoghq.com/api/v2/rum?ddsource=browser&dd-api-key=pub222856fe11852abc3642b1395fac0627&dd-evp-origin-version=7.1.0&dd-evp-origin=browser&dd-request-id=76e522d4-dee6-4a9a-b0b7-6962d5ab07a5&batch_time=1780920988563&_dd.api=fetch:0
[  330900ms] [ERROR] Failed to load resource: net::ERR_NAME_NOT_RESOLVED @ https://browser-intake-datadoghq.com/api/v2/rum?ddsource=browser&dd-api-key=pub222856fe11852abc3642b1395fac0627&dd-evp-origin-version=7.1.0&dd-evp-origin=browser&dd-request-id=206481ec-a4a3-4f05-887e-e0f490f78886&batch_time=1780920991466&_dd.api=fetch:0
[  334917ms] [ERROR] Failed to load resource: net::ERR_NAME_NOT_RESOLVED @ https://browser-intake-datadoghq.com/api/v2/rum?ddsource=browser&dd-api-key=pub222856fe11852abc3642b1395fac0627&dd-evp-origin-version=7.1.0&dd-evp-origin=browser&dd-request-id=e2f46621-e160-4147-ace1-272ca8530d0f&batch_time=1780920995482&_dd.api=fetch:0
[  337921ms] [ERROR] Failed to load resource: net::ERR_NAME_NOT_RESOLVED @ https://browser-intake-datadoghq.com/api/v2/rum?ddsource=browser&dd-api-key=pub222856fe11852abc3642b1395fac0627&dd-evp-origin-version=7.1.0&dd-evp-origin=browser&dd-request-id=6947e486-83ba-4df7-954d-8de6673b4b61&batch_time=1780920998484&_dd.api=fetch:0
[  341171ms] [ERROR] Failed to load resource: net::ERR_NAME_NOT_RESOLVED @ https://browser-intake-datadoghq.com/api/v2/rum?ddsource=browser&dd-api-key=pub222856fe11852abc3642b1395fac0627&dd-evp-origin-version=7.1.0&dd-evp-origin=browser&dd-request-id=364ee797-6401-4814-8461-a7615f502fd3&batch_time=1780921001736&_dd.api=fetch:0
[  344209ms] [WARNING] The resource https://kalshi.com/images/research/mission/Frame.png was preloaded using link preload but not used within a few seconds from the window's load event. Please make sure it has an appropriate `as` value and it is preloaded intentionally. @ https://kalshi.com/markets/kxsb/super-bowl/kxsb-27:0
[  344209ms] [WARNING] The resource https://kalshi.com/images/research/mission/calibration.png was preloaded using link preload but not used within a few seconds from the window's load event. Please make sure it has an appropriate `as` value and it is preloaded intentionally. @ https://kalshi.com/markets/kxsb/super-bowl/kxsb-27:0
[  344209ms] [WARNING] The resource https://kalshi.com/images/research/mission/prediction-accuracy.png was preloaded using link preload but not used within a few seconds from the window's load event. Please make sure it has an appropriate `as` value and it is preloaded intentionally. @ https://kalshi.com/markets/kxsb/super-bowl/kxsb-27:0
[  344209ms] [WARNING] The resource https://kalshi.com/images/research/mission/real-world-impact.png was preloaded using link preload but not used within a few seconds from the window's load event. Please make sure it has an appropriate `as` value and it is preloaded intentionally. @ https://kalshi.com/markets/kxsb/super-bowl/kxsb-27:0
[  344209ms] [WARNING] The resource https://kalshi.com/images/research/mission/belief-updating-dynamics.png was preloaded using link preload but not used within a few seconds from the window's load event. Please make sure it has an appropriate `as` value and it is preloaded intentionally. @ https://kalshi.com/markets/kxsb/super-bowl/kxsb-27:0
[  344209ms] [WARNING] The resource https://kalshi.com/images/research/mission/market-microstructure.png was preloaded using link preload but not used within a few seconds from the window's load event. Please make sure it has an appropriate `as` value and it is preloaded intentionally. @ https://kalshi.com/markets/kxsb/super-bowl/kxsb-27:0
[  344209ms] [WARNING] The resource https://kalshi.com/images/research/mission/participant-heterogeneity.png was preloaded using link preload but not used within a few seconds from the window's load event. Please make sure it has an appropriate `as` value and it is preloaded intentionally. @ https://kalshi.com/markets/kxsb/super-bowl/kxsb-27:0
[  345216ms] [ERROR] Failed to load resource: net::ERR_NAME_NOT_RESOLVED @ https://browser-intake-datadoghq.com/api/v2/rum?ddsource=browser&dd-api-key=pub222856fe11852abc3642b1395fac0627&dd-evp-origin-version=7.1.0&dd-evp-origin=browser&dd-request-id=73fd849c-adcb-41c5-bc81-2d7543a7b3e0&batch_time=1780921005769&_dd.api=fetch:0
[  348217ms] [WARNING] The resource https://kalshi.com/images/research/mission/Frame.png was preloaded using link preload but not used within a few seconds from the window's load event. Please make sure it has an appropriate `as` value and it is preloaded intentionally. @ https://kalshi.com/markets/kxsb/super-bowl/kxsb-27:0
[  348217ms] [WARNING] The resource https://kalshi.com/images/research/mission/calibration.png was preloaded using link preload but not used within a few seconds from the window's load event. Please make sure it has an appropriate `as` value and it is preloaded intentionally. @ https://kalshi.com/markets/kxsb/super-bowl/kxsb-27:0
[  348217ms] [WARNING] The resource https://kalshi.com/images/research/mission/prediction-accuracy.png was preloaded using link preload but not used within a few seconds from the window's load event. Please make sure it has an appropriate `as` value and it is preloaded intentionally. @ https://kalshi.com/markets/kxsb/super-bowl/kxsb-27:0
[  348217ms] [WARNING] The resource https://kalshi.com/images/research/mission/real-world-impact.png was preloaded using link preload but not used within a few seconds from the window's load event. Please make sure it has an appropriate `as` value and it is preloaded intentionally. @ https://kalshi.com/markets/kxsb/super-bowl/kxsb-27:0
[  348217ms] [WARNING] The resource https://kalshi.com/images/research/mission/belief-updating-dynamics.png was preloaded using link preload but not used within a few seconds from the window's load event. Please make sure it has an appropriate `as` value and it is preloaded intentionally. @ https://kalshi.com/markets/kxsb/super-bowl/kxsb-27:0
[  348217ms] [WARNING] The resource https://kalshi.com/images/research/mission/market-microstructure.png was preloaded using link preload but not used within a few seconds from the window's load event. Please make sure it has an appropriate `as` value and it is preloaded intentionally. @ https://kalshi.com/markets/kxsb/super-bowl/kxsb-27:0
[  348217ms] [WARNING] The resource https://kalshi.com/images/research/mission/participant-heterogeneity.png was preloaded using link preload but not used within a few seconds from the window's load event. Please make sure it has an appropriate `as` value and it is preloaded intentionally. @ https://kalshi.com/markets/kxsb/super-bowl/kxsb-27:0
[  349022ms] [ERROR] Failed to load resource: net::ERR_NAME_NOT_RESOLVED @ https://browser-intake-datadoghq.com/api/v2/rum?ddsource=browser&dd-api-key=pub222856fe11852abc3642b1395fac0627&dd-evp-origin-version=7.1.0&dd-evp-origin=browser&dd-request-id=60877e9c-f7de-49e3-8aa0-5bb90ee3b4e9&batch_time=1780921009588&_dd.api=fetch:0
[  351834ms] [ERROR] Failed to load resource: net::ERR_NAME_NOT_RESOLVED @ https://browser-intake-datadoghq.com/api/v2/rum?ddsource=browser&dd-api-key=pub222856fe11852abc3642b1395fac0627&dd-evp-origin-version=7.1.0&dd-evp-origin=browser&dd-request-id=513afe02-f423-4550-8f3e-ce1c88f5e891&batch_time=1780921012399&_dd.api=fetch:0
[  354846ms] [ERROR] Failed to load resource: net::ERR_NAME_NOT_RESOLVED @ https://browser-intake-datadoghq.com/api/v2/rum?ddsource=browser&dd-api-key=pub222856fe11852abc3642b1395fac0627&dd-evp-origin-version=7.1.0&dd-evp-origin=browser&dd-request-id=b8bca618-daf7-4200-a2d2-33694d0ab5b2&batch_time=1780921015412&_dd.api=fetch:0
[  358866ms] [ERROR] Failed to load resource: net::ERR_NAME_NOT_RESOLVED @ https://browser-intake-datadoghq.com/api/v2/rum?ddsource=browser&dd-api-key=pub222856fe11852abc3642b1395fac0627&dd-evp-origin-version=7.1.0&dd-evp-origin=browser&dd-request-id=44683346-b6b5-4c30-9e3a-dcd2fbbcc854&batch_time=1780921019432&_dd.api=fetch:0
[  361877ms] [ERROR] Failed to load resource: net::ERR_NAME_NOT_RESOLVED @ https://browser-intake-datadoghq.com/api/v2/rum?ddsource=browser&dd-api-key=pub222856fe11852abc3642b1395fac0627&dd-evp-origin-version=7.1.0&dd-evp-origin=browser&dd-request-id=af26459a-f4f3-486b-84a2-d64e42236529&batch_time=1780921022432&_dd.api=fetch:0
[  365542ms] [ERROR] Failed to load resource: net::ERR_NAME_NOT_RESOLVED @ https://browser-intake-datadoghq.com/api/v2/rum?ddsource=browser&dd-api-key=pub222856fe11852abc3642b1395fac0627&dd-evp-origin-version=7.1.0&dd-evp-origin=browser&dd-request-id=8bcb2577-8f93-4fb5-b28b-6482856e61c5&batch_time=1780921026107&_dd.api=fetch:0
[  368974ms] [ERROR] Failed to load resource: net::ERR_NAME_NOT_RESOLVED @ https://browser-intake-datadoghq.com/api/v2/rum?ddsource=browser&dd-api-key=pub222856fe11852abc3642b1395fac0627&dd-evp-origin-version=7.1.0&dd-evp-origin=browser&dd-request-id=ad2cab2d-6f9d-41ea-b98a-0fcc1af37872&batch_time=1780921029540&_dd.api=fetch:0
[  372039ms] [ERROR] Failed to load resource: net::ERR_NAME_NOT_RESOLVED @ https://browser-intake-datadoghq.com/api/v2/rum?ddsource=browser&dd-api-key=pub222856fe11852abc3642b1395fac0627&dd-evp-origin-version=7.1.0&dd-evp-origin=browser&dd-request-id=f95764ff-95c9-45ca-96be-972b66dd2841&batch_time=1780921032605&_dd.api=fetch:0
[  375150ms] [ERROR] Failed to load resource: net::ERR_NAME_NOT_RESOLVED @ https://browser-intake-datadoghq.com/api/v2/rum?ddsource=browser&dd-api-key=pub222856fe11852abc3642b1395fac0627&dd-evp-origin-version=7.1.0&dd-evp-origin=browser&dd-request-id=128d5872-8a9d-43ec-912f-6f7cbb23cfb2&batch_time=1780921035715&_dd.api=fetch:0
[  378211ms] [ERROR] Failed to load resource: net::ERR_NAME_NOT_RESOLVED @ https://browser-intake-datadoghq.com/api/v2/rum?ddsource=browser&dd-api-key=pub222856fe11852abc3642b1395fac0627&dd-evp-origin-version=7.1.0&dd-evp-origin=browser&dd-request-id=f0e40e30-d652-40fd-bee6-a1ebe417bd90&batch_time=1780921038765&_dd.api=fetch:0
[  382201ms] [ERROR] Failed to load resource: net::ERR_NAME_NOT_RESOLVED @ https://browser-intake-datadoghq.com/api/v2/rum?ddsource=browser&dd-api-key=pub222856fe11852abc3642b1395fac0627&dd-evp-origin-version=7.1.0&dd-evp-origin=browser&dd-request-id=eb9ab5e7-8e55-4f2f-9764-6e7048e3baef&batch_time=1780921042767&_dd.api=fetch:0
[  385257ms] [ERROR] Failed to load resource: net::ERR_NAME_NOT_RESOLVED @ https://browser-intake-datadoghq.com/api/v2/rum?ddsource=browser&dd-api-key=pub222856fe11852abc3642b1395fac0627&dd-evp-origin-version=7.1.0&dd-evp-origin=browser&dd-request-id=79cd4bb3-2244-4b7b-a36b-e6c117bc0b39&batch_time=1780921045805&_dd.api=fetch:0
[  388266ms] [WARNING] The resource https://kalshi.com/images/research/mission/Frame.png was preloaded using link preload but not used within a few seconds from the window's load event. Please make sure it has an appropriate `as` value and it is preloaded intentionally. @ https://kalshi.com/markets/kxsb/super-bowl/kxsb-27:0
[  388266ms] [WARNING] The resource https://kalshi.com/images/research/mission/calibration.png was preloaded using link preload but not used within a few seconds from the window's load event. Please make sure it has an appropriate `as` value and it is preloaded intentionally. @ https://kalshi.com/markets/kxsb/super-bowl/kxsb-27:0
[  388266ms] [WARNING] The resource https://kalshi.com/images/research/mission/prediction-accuracy.png was preloaded using link preload but not used within a few seconds from the window's load event. Please make sure it has an appropriate `as` value and it is preloaded intentionally. @ https://kalshi.com/markets/kxsb/super-bowl/kxsb-27:0
[  388266ms] [WARNING] The resource https://kalshi.com/images/research/mission/real-world-impact.png was preloaded using link preload but not used within a few seconds from the window's load event. Please make sure it has an appropriate `as` value and it is preloaded intentionally. @ https://kalshi.com/markets/kxsb/super-bowl/kxsb-27:0
[  388266ms] [WARNING] The resource https://kalshi.com/images/research/mission/belief-updating-dynamics.png was preloaded using link preload but not used within a few seconds from the window's load event. Please make sure it has an appropriate `as` value and it is preloaded intentionally. @ https://kalshi.com/markets/kxsb/super-bowl/kxsb-27:0
[  388266ms] [WARNING] The resource https://kalshi.com/images/research/mission/market-microstructure.png was preloaded using link preload but not used within a few seconds from the window's load event. Please make sure it has an appropriate `as` value and it is preloaded intentionally. @ https://kalshi.com/markets/kxsb/super-bowl/kxsb-27:0
[  388266ms] [WARNING] The resource https://kalshi.com/images/research/mission/participant-heterogeneity.png was preloaded using link preload but not used within a few seconds from the window's load event. Please make sure it has an appropriate `as` value and it is preloaded intentionally. @ https://kalshi.com/markets/kxsb/super-bowl/kxsb-27:0
[  390278ms] [ERROR] Failed to load resource: net::ERR_NAME_NOT_RESOLVED @ https://browser-intake-datadoghq.com/api/v2/rum?ddsource=browser&dd-api-key=pub222856fe11852abc3642b1395fac0627&dd-evp-origin-version=7.1.0&dd-evp-origin=browser&dd-request-id=0c024b67-7844-41e2-bddc-32bfd1067791&batch_time=1780921050833&_dd.api=fetch:0
[  391856ms] [ERROR] Failed to load resource: net::ERR_NAME_NOT_RESOLVED @ https://browser-intake-datadoghq.com/api/v2/rum?ddsource=browser&dd-api-key=pub222856fe11852abc3642b1395fac0627&dd-evp-origin-version=7.1.0&dd-evp-origin=browser&dd-request-id=053da25c-aec6-459e-8c57-3c5a1cf68a54&batch_time=1780921052422&_dd.api=fetch:0
[  395379ms] [ERROR] Failed to load resource: net::ERR_NAME_NOT_RESOLVED @ https://browser-intake-datadoghq.com/api/v2/rum?ddsource=browser&dd-api-key=pub222856fe11852abc3642b1395fac0627&dd-evp-origin-version=7.1.0&dd-evp-origin=browser&dd-request-id=1aeb7c89-4c2e-49e3-b33b-3a7d8cae91e6&batch_time=1780921055934&_dd.api=fetch:0
[  400436ms] [ERROR] Failed to load resource: net::ERR_NAME_NOT_RESOLVED @ https://browser-intake-datadoghq.com/api/v2/rum?ddsource=browser&dd-api-key=pub222856fe11852abc3642b1395fac0627&dd-evp-origin-version=7.1.0&dd-evp-origin=browser&dd-request-id=255e7da2-6843-41d8-bb47-305826fe3068&batch_time=1780921060988&_dd.api=fetch:0
[  403426ms] [ERROR] Failed to load resource: net::ERR_NAME_NOT_RESOLVED @ https://browser-intake-datadoghq.com/api/v2/rum?ddsource=browser&dd-api-key=pub222856fe11852abc3642b1395fac0627&dd-evp-origin-version=7.1.0&dd-evp-origin=browser&dd-request-id=837cd98a-30c5-434f-a86d-858404b3ab95&batch_time=1780921063992&_dd.api=fetch:0
[  405500ms] [ERROR] Failed to load resource: net::ERR_NAME_NOT_RESOLVED @ https://browser-intake-datadoghq.com/api/v2/rum?ddsource=browser&dd-api-key=pub222856fe11852abc3642b1395fac0627&dd-evp-origin-version=7.1.0&dd-evp-origin=browser&dd-request-id=de94fbde-eac8-468b-ab57-eefa3ed7ab11&batch_time=1780921066066&_dd.api=fetch:0
[  409552ms] [ERROR] Failed to load resource: net::ERR_NAME_NOT_RESOLVED @ https://browser-intake-datadoghq.com/api/v2/rum?ddsource=browser&dd-api-key=pub222856fe11852abc3642b1395fac0627&dd-evp-origin-version=7.1.0&dd-evp-origin=browser&dd-request-id=c0f43191-6d6e-4593-af38-8105c33fa523&batch_time=1780921070118&_dd.api=fetch:0
[  412576ms] [ERROR] Failed to load resource: net::ERR_NAME_NOT_RESOLVED @ https://browser-intake-datadoghq.com/api/v2/rum?ddsource=browser&dd-api-key=pub222856fe11852abc3642b1395fac0627&dd-evp-origin-version=7.1.0&dd-evp-origin=browser&dd-request-id=25b20ac7-5b07-4186-ae54-3200e85ef807&batch_time=1780921073141&_dd.api=fetch:0
[  416655ms] [ERROR] Failed to load resource: net::ERR_NAME_NOT_RESOLVED @ https://browser-intake-datadoghq.com/api/v2/rum?ddsource=browser&dd-api-key=pub222856fe11852abc3642b1395fac0627&dd-evp-origin-version=7.1.0&dd-evp-origin=browser&dd-request-id=c592688c-1398-4a7b-b5de-155faca4c354&batch_time=1780921077205&_dd.api=fetch:0
[  420186ms] [ERROR] Failed to load resource: net::ERR_NAME_NOT_RESOLVED @ https://browser-intake-datadoghq.com/api/v2/rum?ddsource=browser&dd-api-key=pub222856fe11852abc3642b1395fac0627&dd-evp-origin-version=7.1.0&dd-evp-origin=browser&dd-request-id=d1e31c18-1804-4197-9a08-632e2f5b7992&batch_time=1780921080751&_dd.api=fetch:0
[  422186ms] [ERROR] Failed to load resource: net::ERR_NAME_NOT_RESOLVED @ https://browser-intake-datadoghq.com/api/v2/rum?ddsource=browser&dd-api-key=pub222856fe11852abc3642b1395fac0627&dd-evp-origin-version=7.1.0&dd-evp-origin=browser&dd-request-id=ee421934-d136-435f-ad9d-8d180d5c203c&batch_time=1780921082752&_dd.api=fetch:0
[  425256ms] [ERROR] Failed to load resource: net::ERR_NAME_NOT_RESOLVED @ https://browser-intake-datadoghq.com/api/v2/rum?ddsource=browser&dd-api-key=pub222856fe11852abc3642b1395fac0627&dd-evp-origin-version=7.1.0&dd-evp-origin=browser&dd-request-id=46bfcbc1-61b1-4963-b51b-0bb0bb5e8560&batch_time=1780921085822&_dd.api=fetch:0
[  428261ms] [WARNING] The resource https://kalshi.com/images/research/mission/Frame.png was preloaded using link preload but not used within a few seconds from the window's load event. Please make sure it has an appropriate `as` value and it is preloaded intentionally. @ https://kalshi.com/markets/kxsb/super-bowl/kxsb-27:0
[  428261ms] [WARNING] The resource https://kalshi.com/images/research/mission/calibration.png was preloaded using link preload but not used within a few seconds from the window's load event. Please make sure it has an appropriate `as` value and it is preloaded intentionally. @ https://kalshi.com/markets/kxsb/super-bowl/kxsb-27:0
[  428261ms] [WARNING] The resource https://kalshi.com/images/research/mission/prediction-accuracy.png was preloaded using link preload but not used within a few seconds from the window's load event. Please make sure it has an appropriate `as` value and it is preloaded intentionally. @ https://kalshi.com/markets/kxsb/super-bowl/kxsb-27:0
[  428261ms] [WARNING] The resource https://kalshi.com/images/research/mission/real-world-impact.png was preloaded using link preload but not used within a few seconds from the window's load event. Please make sure it has an appropriate `as` value and it is preloaded intentionally. @ https://kalshi.com/markets/kxsb/super-bowl/kxsb-27:0
[  428261ms] [WARNING] The resource https://kalshi.com/images/research/mission/belief-updating-dynamics.png was preloaded using link preload but not used within a few seconds from the window's load event. Please make sure it has an appropriate `as` value and it is preloaded intentionally. @ https://kalshi.com/markets/kxsb/super-bowl/kxsb-27:0
[  428261ms] [WARNING] The resource https://kalshi.com/images/research/mission/market-microstructure.png was preloaded using link preload but not used within a few seconds from the window's load event. Please make sure it has an appropriate `as` value and it is preloaded intentionally. @ https://kalshi.com/markets/kxsb/super-bowl/kxsb-27:0
[  428261ms] [WARNING] The resource https://kalshi.com/images/research/mission/participant-heterogeneity.png was preloaded using link preload but not used within a few seconds from the window's load event. Please make sure it has an appropriate `as` value and it is preloaded intentionally. @ https://kalshi.com/markets/kxsb/super-bowl/kxsb-27:0
[  429276ms] [ERROR] Failed to load resource: net::ERR_NAME_NOT_RESOLVED @ https://browser-intake-datadoghq.com/api/v2/rum?ddsource=browser&dd-api-key=pub222856fe11852abc3642b1395fac0627&dd-evp-origin-version=7.1.0&dd-evp-origin=browser&dd-request-id=712b5d5d-afe7-43d5-b106-ca0ad5a20e44&batch_time=1780921089841&_dd.api=fetch:0
[  432317ms] [ERROR] Failed to load resource: net::ERR_NAME_NOT_RESOLVED @ https://browser-intake-datadoghq.com/api/v2/rum?ddsource=browser&dd-api-key=pub222856fe11852abc3642b1395fac0627&dd-evp-origin-version=7.1.0&dd-evp-origin=browser&dd-request-id=9d50a423-bf8a-468a-ac61-99396c4fd1e6&batch_time=1780921092869&_dd.api=fetch:0
[  436339ms] [ERROR] Failed to load resource: net::ERR_NAME_NOT_RESOLVED @ https://browser-intake-datadoghq.com/api/v2/rum?ddsource=browser&dd-api-key=pub222856fe11852abc3642b1395fac0627&dd-evp-origin-version=7.1.0&dd-evp-origin=browser&dd-request-id=5088964a-9999-4c09-8e91-34098ca146b0&batch_time=1780921096903&_dd.api=fetch:0
[  440941ms] [ERROR] Failed to load resource: net::ERR_NAME_NOT_RESOLVED @ https://browser-intake-datadoghq.com/api/v2/rum?ddsource=browser&dd-api-key=pub222856fe11852abc3642b1395fac0627&dd-evp-origin-version=7.1.0&dd-evp-origin=browser&dd-request-id=0e59f857-e16d-48f5-9ea6-c277878460c2&batch_time=1780921101500&_dd.api=fetch:0
[  443420ms] [ERROR] Failed to load resource: net::ERR_NAME_NOT_RESOLVED @ https://browser-intake-datadoghq.com/api/v2/rum?ddsource=browser&dd-api-key=pub222856fe11852abc3642b1395fac0627&dd-evp-origin-version=7.1.0&dd-evp-origin=browser&dd-request-id=6a7e02ab-da64-459c-98bd-7ba06797f9fe&batch_time=1780921103986&_dd.api=fetch:0
[  446437ms] [ERROR] Failed to load resource: net::ERR_NAME_NOT_RESOLVED @ https://browser-intake-datadoghq.com/api/v2/rum?ddsource=browser&dd-api-key=pub222856fe11852abc3642b1395fac0627&dd-evp-origin-version=7.1.0&dd-evp-origin=browser&dd-request-id=5bfd640f-efe7-4895-9ee5-ba04380eca04&batch_time=1780921107002&_dd.api=fetch:0
[  448293ms] [ERROR] Failed to load resource: the server responded with a status of 429 () @ https://api.elections.kalshi.com/v1/markets/order_books?market_tickers=KXSB-27-SF:0
[  448362ms] [LOG] Transport layer info: You are making requests too frequently @ https://kalshi.com/_next/static/chunks/0q~3w5mbasf3y.js?dpl=dpl_8DZC32fyfJrhwVcY7PUjK6qhB1QX:3
[  450441ms] [ERROR] Failed to load resource: net::ERR_NAME_NOT_RESOLVED @ https://browser-intake-datadoghq.com/api/v2/rum?ddsource=browser&dd-api-key=pub222856fe11852abc3642b1395fac0627&dd-evp-origin-version=7.1.0&dd-evp-origin=browser&dd-request-id=2418f0d3-1149-4975-ab01-8d86e199204b&batch_time=1780921111006&_dd.api=fetch:0
[  453453ms] [ERROR] Failed to load resource: net::ERR_NAME_NOT_RESOLVED @ https://browser-intake-datadoghq.com/api/v2/rum?ddsource=browser&dd-api-key=pub222856fe11852abc3642b1395fac0627&dd-evp-origin-version=7.1.0&dd-evp-origin=browser&dd-request-id=43d67525-adc5-4c00-b715-293f2ff1bb87&batch_time=1780921114008&_dd.api=fetch:0
[  456628ms] [ERROR] Failed to load resource: net::ERR_NAME_NOT_RESOLVED @ https://browser-intake-datadoghq.com/api/v2/rum?ddsource=browser&dd-api-key=pub222856fe11852abc3642b1395fac0627&dd-evp-origin-version=7.1.0&dd-evp-origin=browser&dd-request-id=edb1d146-1c3c-4513-9b05-7c717aa350c3&batch_time=1780921117194&_dd.api=fetch:0
[  459754ms] [ERROR] Failed to load resource: net::ERR_NAME_NOT_RESOLVED @ https://browser-intake-datadoghq.com/api/v2/rum?ddsource=browser&dd-api-key=pub222856fe11852abc3642b1395fac0627&dd-evp-origin-version=7.1.0&dd-evp-origin=browser&dd-request-id=bfca72d2-f224-42be-9c53-069e833e8248&batch_time=1780921120320&_dd.api=fetch:0
[  462558ms] [ERROR] Failed to load resource: net::ERR_NAME_NOT_RESOLVED @ https://browser-intake-datadoghq.com/api/v2/rum?ddsource=browser&dd-api-key=pub222856fe11852abc3642b1395fac0627&dd-evp-origin-version=7.1.0&dd-evp-origin=browser&dd-request-id=195cace7-bb2c-4c30-8828-80bea1ff2045&batch_time=1780921123120&_dd.api=fetch:0
[  465605ms] [ERROR] Failed to load resource: net::ERR_NAME_NOT_RESOLVED @ https://browser-intake-datadoghq.com/api/v2/rum?ddsource=browser&dd-api-key=pub222856fe11852abc3642b1395fac0627&dd-evp-origin-version=7.1.0&dd-evp-origin=browser&dd-request-id=8371371f-f48d-46bf-bbf7-be1040ad98e0&batch_time=1780921126170&_dd.api=fetch:0
[  469640ms] [ERROR] Failed to load resource: net::ERR_NAME_NOT_RESOLVED @ https://browser-intake-datadoghq.com/api/v2/rum?ddsource=browser&dd-api-key=pub222856fe11852abc3642b1395fac0627&dd-evp-origin-version=7.1.0&dd-evp-origin=browser&dd-request-id=89aadc5c-6be7-4a96-8d8c-da33fe505e1c&batch_time=1780921130205&_dd.api=fetch:0
[  472645ms] [ERROR] Failed to load resource: net::ERR_NAME_NOT_RESOLVED @ https://browser-intake-datadoghq.com/api/v2/rum?ddsource=browser&dd-api-key=pub222856fe11852abc3642b1395fac0627&dd-evp-origin-version=7.1.0&dd-evp-origin=browser&dd-request-id=ae0cdc4e-94aa-42b7-abdf-89c104c141ca&batch_time=1780921133211&_dd.api=fetch:0
[  476707ms] [ERROR] Failed to load resource: net::ERR_NAME_NOT_RESOLVED @ https://browser-intake-datadoghq.com/api/v2/rum?ddsource=browser&dd-api-key=pub222856fe11852abc3642b1395fac0627&dd-evp-origin-version=7.1.0&dd-evp-origin=browser&dd-request-id=c9ce390d-bca7-44ec-abbb-e37f4586ab4c&batch_time=1780921137260&_dd.api=fetch:0
