[     557ms] [WARNING] [WEBSOCKETS] - Subscribing {params: Object, subscriber: bound wsHandlePosition} @ https://kalshi.com/_next/static/chunks/0q~3w5mbasf3y.js?dpl=dpl_7dWU2t55wxyR9wVLtpgDJNykXJtb:3
[     561ms] [WARNING] [WEBSOCKETS] - Subscribing {params: Object, subscriber: bound queueWsHandleTicker} @ https://kalshi.com/_next/static/chunks/0q~3w5mbasf3y.js?dpl=dpl_7dWU2t55wxyR9wVLtpgDJNykXJtb:3
[     561ms] [WARNING] [WEBSOCKETS] - Subscribing {params: Object, subscriber: bound wsHandleLifecycle} @ https://kalshi.com/_next/static/chunks/0q~3w5mbasf3y.js?dpl=dpl_7dWU2t55wxyR9wVLtpgDJNykXJtb:3
[     569ms] [ERROR] Failed to load resource: net::ERR_NAME_NOT_RESOLVED @ https://cdn.lr-ingest.io/logger-1.min.js:0
[     596ms] [ERROR] Failed to load resource: net::ERR_NAME_NOT_RESOLVED @ https://sr-client-cfg.amplitude.com/config/a80cc4d021d62947ce3cd389ec3f7e2d?config_group=browser:0
[     892ms] [ERROR] Failed to load resource: net::ERR_NAME_NOT_RESOLVED @ https://sr-client-cfg.amplitude.com/config/a80cc4d021d62947ce3cd389ec3f7e2d?config_group=browser:0
[    2624ms] Error: Minified React error #418; visit https://react.dev/errors/418?args[]=HTML&args[]= for the full message or use the non-minified dev environment for full errors and additional helpful warnings.
    at rX (https://kalshi.com/_next/static/chunks/0i16ot124v9.5.js?dpl=dpl_7dWU2t55wxyR9wVLtpgDJNykXJtb:1:45266)
    at iu (https://kalshi.com/_next/static/chunks/0i16ot124v9.5.js?dpl=dpl_7dWU2t55wxyR9wVLtpgDJNykXJtb:1:96307)
    at sd (https://kalshi.com/_next/static/chunks/0i16ot124v9.5.js?dpl=dpl_7dWU2t55wxyR9wVLtpgDJNykXJtb:1:136997)
    at https://kalshi.com/_next/static/chunks/0i16ot124v9.5.js?dpl=dpl_7dWU2t55wxyR9wVLtpgDJNykXJtb:1:136842
    at sf (https://kalshi.com/_next/static/chunks/0i16ot124v9.5.js?dpl=dpl_7dWU2t55wxyR9wVLtpgDJNykXJtb:1:136850)
    at se (https://kalshi.com/_next/static/chunks/0i16ot124v9.5.js?dpl=dpl_7dWU2t55wxyR9wVLtpgDJNykXJtb:1:131990)
    at sW (https://kalshi.com/_next/static/chunks/0i16ot124v9.5.js?dpl=dpl_7dWU2t55wxyR9wVLtpgDJNykXJtb:1:158669)
    at sU (https://kalshi.com/_next/static/chunks/0i16ot124v9.5.js?dpl=dpl_7dWU2t55wxyR9wVLtpgDJNykXJtb:1:156883)
    at sH (https://kalshi.com/_next/static/chunks/0i16ot124v9.5.js?dpl=dpl_7dWU2t55wxyR9wVLtpgDJNykXJtb:1:157227)
    at https://kalshi.com/_next/static/chunks/0i16ot124v9.5.js?dpl=dpl_7dWU2t55wxyR9wVLtpgDJNykXJtb:1:156512
[    3369ms] [WARNING] [WEBSOCKETS] - Subscribing {params: Object, subscriber: bound queueWsHandleTicker} @ https://kalshi.com/_next/static/chunks/0q~3w5mbasf3y.js?dpl=dpl_7dWU2t55wxyR9wVLtpgDJNykXJtb:3
[    3394ms] [WARNING] [WEBSOCKETS] - Found existing subscription {match: Object, subscription: Object} @ https://kalshi.com/_next/static/chunks/0q~3w5mbasf3y.js?dpl=dpl_7dWU2t55wxyR9wVLtpgDJNykXJtb:3
[    3408ms] [WARNING] [WEBSOCKETS] - Subscribing {params: Object, subscriber: bound wsHandleLifecycle} @ https://kalshi.com/_next/static/chunks/0q~3w5mbasf3y.js?dpl=dpl_7dWU2t55wxyR9wVLtpgDJNykXJtb:3
[    3409ms] [WARNING] [WEBSOCKETS] - Found existing subscription {match: Object, subscription: Object} @ https://kalshi.com/_next/static/chunks/0q~3w5mbasf3y.js?dpl=dpl_7dWU2t55wxyR9wVLtpgDJNykXJtb:3
[    3794ms] [ERROR] Failed to load resource: net::ERR_NAME_NOT_RESOLVED @ https://sr-client-cfg.amplitude.com/config/a80cc4d021d62947ce3cd389ec3f7e2d?config_group=browser:0
[    3803ms] [WARNING] LogRocket: script could not load. Check that you have a valid network connection. @ https://kalshi.com/_next/static/chunks/0q~3w5mbasf3y.js?dpl=dpl_7dWU2t55wxyR9wVLtpgDJNykXJtb:3
[    4013ms] [WARNING] [GSI_LOGGER]: Your client application uses one of the Google One Tap prompt UI status methods that may stop functioning when FedCM becomes mandatory. Refer to the migration guide to update your code accordingly and opt-in to FedCM to test your changes. Learn more: https://developers.google.com/identity/gsi/web/guides/fedcm-migration?s=dc#display_moment and https://developers.google.com/identity/gsi/web/guides/fedcm-migration?s=dc#skipped_moment @ https://kalshi.com/_next/static/chunks/0q~3w5mbasf3y.js?dpl=dpl_7dWU2t55wxyR9wVLtpgDJNykXJtb:3
[    4077ms] [ERROR] Access to fetch at 'https://ai-summary.kalshi.co/timeline-points?event_id=KXWCROUND-26RO16&market_ticker=KXWCROUND-26RO16-MAR&market_ticker=KXWCROUND-26RO16-SUI' from origin 'https://kalshi.com' has been blocked by CORS policy: No 'Access-Control-Allow-Origin' header is present on the requested resource. @ https://kalshi.com/markets/kxwcround/world-cup-reach-round/kxwcround-26ro16?op_market_ticker=KXWCROUND-26RO16-SUI&op_order_side=no:0
[    4077ms] [ERROR] Failed to load resource: net::ERR_FAILED @ https://ai-summary.kalshi.co/timeline-points?event_id=KXWCROUND-26RO16&market_ticker=KXWCROUND-26RO16-MAR&market_ticker=KXWCROUND-26RO16-SUI:0
[    4078ms] [LOG] Failed to fetch timeline points: TypeError: Failed to fetch @ https://kalshi.com/_next/static/chunks/0q~3w5mbasf3y.js?dpl=dpl_7dWU2t55wxyR9wVLtpgDJNykXJtb:3
[    4082ms] [ERROR] Not signed in with the identity provider. @ https://kalshi.com/markets/kxwcround/world-cup-reach-round/kxwcround-26ro16?op_market_ticker=KXWCROUND-26RO16-SUI&op_order_side=no:0
[    4699ms] [ERROR] Failed to load resource: net::ERR_NAME_NOT_RESOLVED @ https://wa.onelink.me/v1/onelink:0
[    6573ms] [ERROR] Failed to load resource: net::ERR_NAME_NOT_RESOLVED @ https://sr-client-cfg.amplitude.com/config/a80cc4d021d62947ce3cd389ec3f7e2d?config_group=browser:0
[    7357ms] [ERROR] Failed to load resource: net::ERR_NAME_NOT_RESOLVED @ https://sr-client-cfg.amplitude.com/config/a80cc4d021d62947ce3cd389ec3f7e2d?config_group=browser:0
[    7461ms] [ERROR] Failed to load resource: net::ERR_NAME_NOT_RESOLVED @ https://api.sprig.com/sdk/1/environments/iOWjIVsDOPhw/config:0
[    7858ms] [LOG] datadog init config.commitRef f8228cdb35c8fbc8258f4b28a9662e6eec7b3b20 @ https://kalshi.com/_next/static/chunks/0q~3w5mbasf3y.js?dpl=dpl_7dWU2t55wxyR9wVLtpgDJNykXJtb:3
[    8101ms] [ERROR] Failed to load resource: net::ERR_NAME_NOT_RESOLVED @ https://sr-client-cfg.amplitude.com/config/a80cc4d021d62947ce3cd389ec3f7e2d?config_group=browser:0
[    8177ms] [ERROR] Failed to load resource: net::ERR_NAME_NOT_RESOLVED @ https://www.googletagmanager.com/gtm.js?id=GTM-NP66QTXD:0
[    8177ms] [ERROR] [GSI_LOGGER]: FedCM get() rejects with NetworkError: Error retrieving a token. @ https://kalshi.com/_next/static/chunks/0q~3w5mbasf3y.js?dpl=dpl_7dWU2t55wxyR9wVLtpgDJNykXJtb:3
[    8178ms] [LOG] Google One Tap: Skipped - unknown_reason @ https://kalshi.com/_next/static/chunks/0q~3w5mbasf3y.js?dpl=dpl_7dWU2t55wxyR9wVLtpgDJNykXJtb:3
[    8178ms] [ERROR] Failed to load resource: net::ERR_NAME_NOT_RESOLVED @ https://beacon.riskified.com/?shop=kalshi.com_ach&sid=e38df8b8-27f2-4655-9335-5b56dda1a507:0
[    8945ms] [WARNING] [Meta Pixel] - Duplicate Pixel ID: 1537332917135729. @ https://kalshi.com/_next/static/chunks/0q~3w5mbasf3y.js?dpl=dpl_7dWU2t55wxyR9wVLtpgDJNykXJtb:3
[    9150ms] [ERROR] Failed to load resource: net::ERR_NAME_NOT_RESOLVED @ https://wa.appsflyersdk.com/events?site-id=website-kalshi.com:0
[    9357ms] [ERROR] Failed to load resource: net::ERR_NAME_NOT_RESOLVED @ https://api.sprig.com/sdk/1/environments/iOWjIVsDOPhw/config:0
[    9583ms] [ERROR] Failed to load resource: net::ERR_NAME_NOT_RESOLVED @ https://api2.amplitude.com/2/httpapi:0
[    9591ms] [ERROR] Failed to load resource: net::ERR_NAME_NOT_RESOLVED @ https://browser-intake-datadoghq.com/api/v2/rum?ddsource=browser&dd-api-key=pub222856fe11852abc3642b1395fac0627&dd-evp-origin-version=7.1.0&dd-evp-origin=browser&dd-request-id=9dde11a8-f3d2-4034-8c08-4293ae5503d3&batch_time=1781699471611&_dd.api=fetch:0
[    9608ms] [ERROR] Failed to load resource: net::ERR_NAME_NOT_RESOLVED @ https://browser-intake-datadoghq.com/api/v2/rum?ddsource=browser&dd-api-key=pub222856fe11852abc3642b1395fac0627&dd-evp-origin-version=7.1.0&dd-evp-origin=browser&dd-request-id=10b8dd78-368f-4547-9224-134e99d20852&batch_time=1781699471613&_dd.api=fetch:0
[    9688ms] [ERROR] Failed to load resource: net::ERR_NAME_NOT_RESOLVED @ https://browser-intake-datadoghq.com/api/v2/rum?ddsource=browser&dd-api-key=pub222856fe11852abc3642b1395fac0627&dd-evp-origin-version=7.1.0&dd-evp-origin=browser&dd-request-id=945f9da9-d8cf-41e1-bfe6-d29c0089d443&batch_time=1781699471717&_dd.api=fetch:0
[   10793ms] [WARNING] The resource https://kalshi.com/images/research/mission/Frame.png was preloaded using link preload but not used within a few seconds from the window's load event. Please make sure it has an appropriate `as` value and it is preloaded intentionally. @ https://kalshi.com/markets/kxwcround/world-cup-reach-round/kxwcround-26ro16?op_market_ticker=KXWCROUND-26RO16-SUI&op_order_side=no:0
[   10793ms] [WARNING] The resource https://kalshi.com/images/research/mission/calibration.png was preloaded using link preload but not used within a few seconds from the window's load event. Please make sure it has an appropriate `as` value and it is preloaded intentionally. @ https://kalshi.com/markets/kxwcround/world-cup-reach-round/kxwcround-26ro16?op_market_ticker=KXWCROUND-26RO16-SUI&op_order_side=no:0
[   10793ms] [WARNING] The resource https://kalshi.com/images/research/mission/prediction-accuracy.png was preloaded using link preload but not used within a few seconds from the window's load event. Please make sure it has an appropriate `as` value and it is preloaded intentionally. @ https://kalshi.com/markets/kxwcround/world-cup-reach-round/kxwcround-26ro16?op_market_ticker=KXWCROUND-26RO16-SUI&op_order_side=no:0
[   10793ms] [WARNING] The resource https://kalshi.com/images/research/mission/real-world-impact.png was preloaded using link preload but not used within a few seconds from the window's load event. Please make sure it has an appropriate `as` value and it is preloaded intentionally. @ https://kalshi.com/markets/kxwcround/world-cup-reach-round/kxwcround-26ro16?op_market_ticker=KXWCROUND-26RO16-SUI&op_order_side=no:0
[   10793ms] [WARNING] The resource https://kalshi.com/images/research/mission/belief-updating-dynamics.png was preloaded using link preload but not used within a few seconds from the window's load event. Please make sure it has an appropriate `as` value and it is preloaded intentionally. @ https://kalshi.com/markets/kxwcround/world-cup-reach-round/kxwcround-26ro16?op_market_ticker=KXWCROUND-26RO16-SUI&op_order_side=no:0
[   10793ms] [WARNING] The resource https://kalshi.com/images/research/mission/market-microstructure.png was preloaded using link preload but not used within a few seconds from the window's load event. Please make sure it has an appropriate `as` value and it is preloaded intentionally. @ https://kalshi.com/markets/kxwcround/world-cup-reach-round/kxwcround-26ro16?op_market_ticker=KXWCROUND-26RO16-SUI&op_order_side=no:0
[   10793ms] [WARNING] The resource https://kalshi.com/images/research/mission/participant-heterogeneity.png was preloaded using link preload but not used within a few seconds from the window's load event. Please make sure it has an appropriate `as` value and it is preloaded intentionally. @ https://kalshi.com/markets/kxwcround/world-cup-reach-round/kxwcround-26ro16?op_market_ticker=KXWCROUND-26RO16-SUI&op_order_side=no:0
[   10805ms] [ERROR] Failed to load resource: net::ERR_NAME_NOT_RESOLVED @ https://browser-intake-datadoghq.com/api/v2/rum?ddsource=browser&dd-api-key=pub222856fe11852abc3642b1395fac0627&dd-evp-origin-version=7.1.0&dd-evp-origin=browser&dd-request-id=7181da08-f62d-41b4-b205-f10cc8887de5&batch_time=1781699472772&_dd.api=fetch:0
[   10807ms] [ERROR] Failed to load resource: net::ERR_NAME_NOT_RESOLVED @ https://browser-intake-datadoghq.com/api/v2/rum?ddsource=browser&dd-api-key=pub222856fe11852abc3642b1395fac0627&dd-evp-origin-version=7.1.0&dd-evp-origin=browser&dd-request-id=c71d1bf2-b709-4f6b-a7f7-377ee1e84f8e&batch_time=1781699472784&_dd.api=fetch:0
[   12028ms] [ERROR] Failed to load resource: net::ERR_NAME_NOT_RESOLVED @ https://api.sprig.com/sdk/1/environments/iOWjIVsDOPhw/config:0
[   12409ms] [ERROR] Failed to load resource: net::ERR_NAME_NOT_RESOLVED @ https://browser-intake-datadoghq.com/api/v2/rum?ddsource=browser&dd-api-key=pub222856fe11852abc3642b1395fac0627&dd-evp-origin-version=7.1.0&dd-evp-origin=browser&dd-request-id=4cb99b12-0fa7-40be-a4cf-11f75944035f&batch_time=1781699474060&_dd.api=fetch:0
[   12564ms] [ERROR] Failed to load resource: net::ERR_NAME_NOT_RESOLVED @ https://browser-intake-datadoghq.com/api/v2/rum?ddsource=browser&dd-api-key=pub222856fe11852abc3642b1395fac0627&dd-evp-origin-version=7.1.0&dd-evp-origin=browser&dd-request-id=7d13abff-1601-4f48-be9a-41d7b37b0813&batch_time=1781699474062&_dd.api=fetch:0
[   12565ms] [ERROR] Failed to load resource: net::ERR_NAME_NOT_RESOLVED @ https://browser-intake-datadoghq.com/api/v2/rum?ddsource=browser&dd-api-key=pub222856fe11852abc3642b1395fac0627&dd-evp-origin-version=7.1.0&dd-evp-origin=browser&dd-request-id=e89264f7-3fc5-4818-950f-bec50a38d7a1&batch_time=1781699474064&_dd.api=fetch:0
[   12567ms] [ERROR] Failed to load resource: net::ERR_NAME_NOT_RESOLVED @ https://browser-intake-datadoghq.com/api/v2/rum?ddsource=browser&dd-api-key=pub222856fe11852abc3642b1395fac0627&dd-evp-origin-version=7.1.0&dd-evp-origin=browser&dd-request-id=9229da71-1a4b-4279-8a79-9b0005e8060b&batch_time=1781699474066&_dd.api=fetch:0
[   12568ms] [ERROR] Failed to load resource: net::ERR_NAME_NOT_RESOLVED @ https://browser-intake-datadoghq.com/api/v2/rum?ddsource=browser&dd-api-key=pub222856fe11852abc3642b1395fac0627&dd-evp-origin-version=7.1.0&dd-evp-origin=browser&dd-request-id=59a1899a-78c5-484c-9159-0485aed25e3f&batch_time=1781699474068&_dd.api=fetch:0
[   12598ms] [ERROR] Failed to load resource: net::ERR_NAME_NOT_RESOLVED @ https://browser-intake-datadoghq.com/api/v2/rum?ddsource=browser&dd-api-key=pub222856fe11852abc3642b1395fac0627&dd-evp-origin-version=7.1.0&dd-evp-origin=browser&dd-request-id=bb289cf1-fdfc-4195-9dbe-8c3a85210bc0&batch_time=1781699474442&_dd.api=fetch:0
[   12599ms] [ERROR] Failed to load resource: net::ERR_NAME_NOT_RESOLVED @ https://browser-intake-datadoghq.com/api/v2/rum?ddsource=browser&dd-api-key=pub222856fe11852abc3642b1395fac0627&dd-evp-origin-version=7.1.0&dd-evp-origin=browser&dd-request-id=2a7a637c-66a0-4da6-a922-a75ae665b0ae&batch_time=1781699474596&_dd.api=fetch:0
[   12600ms] [ERROR] Failed to load resource: net::ERR_NAME_NOT_RESOLVED @ https://browser-intake-datadoghq.com/api/v2/rum?ddsource=browser&dd-api-key=pub222856fe11852abc3642b1395fac0627&dd-evp-origin-version=7.1.0&dd-evp-origin=browser&dd-request-id=df97a1da-9364-42cc-a071-938525e525c5&batch_time=1781699474597&_dd.api=fetch:0
[   12606ms] [ERROR] Failed to load resource: net::ERR_NAME_NOT_RESOLVED @ https://browser-intake-datadoghq.com/api/v2/rum?ddsource=browser&dd-api-key=pub222856fe11852abc3642b1395fac0627&dd-evp-origin-version=7.1.0&dd-evp-origin=browser&dd-request-id=0738d73f-e1f3-4bdd-b2df-7a6f49049be7&batch_time=1781699474598&_dd.api=fetch:0
[   12627ms] [ERROR] Failed to load resource: net::ERR_NAME_NOT_RESOLVED @ https://browser-intake-datadoghq.com/api/v2/rum?ddsource=browser&dd-api-key=pub222856fe11852abc3642b1395fac0627&dd-evp-origin-version=7.1.0&dd-evp-origin=browser&dd-request-id=72ea9f78-63c0-418f-9f66-79a834f5afa2&batch_time=1781699474599&_dd.api=fetch:0
[   12628ms] [ERROR] Failed to load resource: net::ERR_NAME_NOT_RESOLVED @ https://browser-intake-datadoghq.com/api/v2/rum?ddsource=browser&dd-api-key=pub222856fe11852abc3642b1395fac0627&dd-evp-origin-version=7.1.0&dd-evp-origin=browser&dd-request-id=d164fc9d-09af-46db-adbb-689ab55a5c71&batch_time=1781699474629&_dd.api=fetch:0
[   12630ms] [ERROR] Failed to load resource: net::ERR_NAME_NOT_RESOLVED @ https://browser-intake-datadoghq.com/api/v2/rum?ddsource=browser&dd-api-key=pub222856fe11852abc3642b1395fac0627&dd-evp-origin-version=7.1.0&dd-evp-origin=browser&dd-request-id=3418fa84-5bb5-48dc-829e-089d726fc452&batch_time=1781699474630&_dd.api=fetch:0
[   12630ms] [ERROR] Failed to load resource: net::ERR_NAME_NOT_RESOLVED @ https://browser-intake-datadoghq.com/api/v2/rum?ddsource=browser&dd-api-key=pub222856fe11852abc3642b1395fac0627&dd-evp-origin-version=7.1.0&dd-evp-origin=browser&dd-request-id=df6ff188-ada3-43a9-b0df-9c7b2a4eb146&batch_time=1781699474632&_dd.api=fetch:0
[   12633ms] [ERROR] Failed to load resource: net::ERR_NAME_NOT_RESOLVED @ https://browser-intake-datadoghq.com/api/v2/rum?ddsource=browser&dd-api-key=pub222856fe11852abc3642b1395fac0627&dd-evp-origin-version=7.1.0&dd-evp-origin=browser&dd-request-id=9e1d7563-98df-41c2-b657-9ef59d85bb5c&batch_time=1781699474641&_dd.api=fetch:0
[   12634ms] [ERROR] Failed to load resource: net::ERR_NAME_NOT_RESOLVED @ https://browser-intake-datadoghq.com/api/v2/rum?ddsource=browser&dd-api-key=pub222856fe11852abc3642b1395fac0627&dd-evp-origin-version=7.1.0&dd-evp-origin=browser&dd-request-id=e76b1553-949b-430c-b6ce-44a120bf6276&batch_time=1781699474659&_dd.api=fetch:0
[   12635ms] [ERROR] Failed to load resource: net::ERR_NAME_NOT_RESOLVED @ https://browser-intake-datadoghq.com/api/v2/rum?ddsource=browser&dd-api-key=pub222856fe11852abc3642b1395fac0627&dd-evp-origin-version=7.1.0&dd-evp-origin=browser&dd-request-id=c3658717-9a5f-423c-b2e3-52e3ceac3c5d&batch_time=1781699474660&_dd.api=fetch:0
[   12636ms] [ERROR] Failed to load resource: net::ERR_NAME_NOT_RESOLVED @ https://browser-intake-datadoghq.com/api/v2/rum?ddsource=browser&dd-api-key=pub222856fe11852abc3642b1395fac0627&dd-evp-origin-version=7.1.0&dd-evp-origin=browser&dd-request-id=edc8d947-767a-47ea-b5de-403f61d04b0e&batch_time=1781699474661&_dd.api=fetch:0
[   12638ms] [ERROR] Failed to load resource: net::ERR_NAME_NOT_RESOLVED @ https://browser-intake-datadoghq.com/api/v2/rum?ddsource=browser&dd-api-key=pub222856fe11852abc3642b1395fac0627&dd-evp-origin-version=7.1.0&dd-evp-origin=browser&dd-request-id=5f669295-3b76-4fd4-ba1f-1f1dd0a95809&batch_time=1781699474662&_dd.api=fetch:0
[   12639ms] [ERROR] Failed to load resource: net::ERR_NAME_NOT_RESOLVED @ https://browser-intake-datadoghq.com/api/v2/rum?ddsource=browser&dd-api-key=pub222856fe11852abc3642b1395fac0627&dd-evp-origin-version=7.1.0&dd-evp-origin=browser&dd-request-id=61a18ba4-ad62-4314-9e49-4a4f76a1fb33&batch_time=1781699474665&_dd.api=fetch:0
[   12640ms] [ERROR] Failed to load resource: net::ERR_NAME_NOT_RESOLVED @ https://browser-intake-datadoghq.com/api/v2/rum?ddsource=browser&dd-api-key=pub222856fe11852abc3642b1395fac0627&dd-evp-origin-version=7.1.0&dd-evp-origin=browser&dd-request-id=e7c574d8-564f-4693-8891-04ca0e277558&batch_time=1781699474666&_dd.api=fetch:0
[   12640ms] [ERROR] Failed to load resource: net::ERR_NAME_NOT_RESOLVED @ https://browser-intake-datadoghq.com/api/v2/rum?ddsource=browser&dd-api-key=pub222856fe11852abc3642b1395fac0627&dd-evp-origin-version=7.1.0&dd-evp-origin=browser&dd-request-id=5a4b68c2-5dd2-4cb2-8bd6-05a2892487fc&batch_time=1781699474667&_dd.api=fetch:0
[   12641ms] [ERROR] Failed to load resource: net::ERR_NAME_NOT_RESOLVED @ https://browser-intake-datadoghq.com/api/v2/rum?ddsource=browser&dd-api-key=pub222856fe11852abc3642b1395fac0627&dd-evp-origin-version=7.1.0&dd-evp-origin=browser&dd-request-id=265581ce-2f13-4324-9b42-647923c36703&batch_time=1781699474668&_dd.api=fetch:0
[   12641ms] [ERROR] Failed to load resource: net::ERR_NAME_NOT_RESOLVED @ https://browser-intake-datadoghq.com/api/v2/rum?ddsource=browser&dd-api-key=pub222856fe11852abc3642b1395fac0627&dd-evp-origin-version=7.1.0&dd-evp-origin=browser&dd-request-id=b38c1067-428f-4d27-94a1-2c0dcef70905&batch_time=1781699474669&_dd.api=fetch:0
[   12641ms] [ERROR] Failed to load resource: net::ERR_NAME_NOT_RESOLVED @ https://browser-intake-datadoghq.com/api/v2/rum?ddsource=browser&dd-api-key=pub222856fe11852abc3642b1395fac0627&dd-evp-origin-version=7.1.0&dd-evp-origin=browser&dd-request-id=8c5c8b32-b9a9-4454-8cb3-3fde035463e1&batch_time=1781699474670&_dd.api=fetch:0
[   12645ms] [ERROR] Failed to load resource: net::ERR_NAME_NOT_RESOLVED @ https://browser-intake-datadoghq.com/api/v2/rum?ddsource=browser&dd-api-key=pub222856fe11852abc3642b1395fac0627&dd-evp-origin-version=7.1.0&dd-evp-origin=browser&dd-request-id=a37fefe2-b054-42bc-912d-dd428b5c2faa&batch_time=1781699474674&_dd.api=fetch:0
[   12693ms] [ERROR] Failed to load resource: net::ERR_NAME_NOT_RESOLVED @ https://browser-intake-datadoghq.com/api/v2/rum?ddsource=browser&dd-api-key=pub222856fe11852abc3642b1395fac0627&dd-evp-origin-version=7.1.0&dd-evp-origin=browser&dd-request-id=220fb715-24da-4b17-aca9-770d82a5de81&batch_time=1781699474711&_dd.api=fetch:0
[   12695ms] [ERROR] Failed to load resource: net::ERR_NAME_NOT_RESOLVED @ https://browser-intake-datadoghq.com/api/v2/rum?ddsource=browser&dd-api-key=pub222856fe11852abc3642b1395fac0627&dd-evp-origin-version=7.1.0&dd-evp-origin=browser&dd-request-id=54b79973-e780-4614-9a13-4e07390a1974&batch_time=1781699474713&_dd.api=fetch:0
[   12695ms] [ERROR] Failed to load resource: net::ERR_NAME_NOT_RESOLVED @ https://browser-intake-datadoghq.com/api/v2/rum?ddsource=browser&dd-api-key=pub222856fe11852abc3642b1395fac0627&dd-evp-origin-version=7.1.0&dd-evp-origin=browser&dd-request-id=2b0b5764-f4f0-460b-b8fe-08c32c8ddb98&batch_time=1781699474716&_dd.api=fetch:0
[   12695ms] [ERROR] Failed to load resource: net::ERR_NAME_NOT_RESOLVED @ https://browser-intake-datadoghq.com/api/v2/rum?ddsource=browser&dd-api-key=pub222856fe11852abc3642b1395fac0627&dd-evp-origin-version=7.1.0&dd-evp-origin=browser&dd-request-id=eabc7f6b-af37-4320-ba69-c0bcae21d469&batch_time=1781699474718&_dd.api=fetch:0
[   12695ms] [ERROR] Failed to load resource: net::ERR_NAME_NOT_RESOLVED @ https://browser-intake-datadoghq.com/api/v2/rum?ddsource=browser&dd-api-key=pub222856fe11852abc3642b1395fac0627&dd-evp-origin-version=7.1.0&dd-evp-origin=browser&dd-request-id=00058827-1ffb-49cf-9a5e-69de5c6e656b&batch_time=1781699474721&_dd.api=fetch:0
[   12695ms] [ERROR] Failed to load resource: net::ERR_NAME_NOT_RESOLVED @ https://browser-intake-datadoghq.com/api/v2/rum?ddsource=browser&dd-api-key=pub222856fe11852abc3642b1395fac0627&dd-evp-origin-version=7.1.0&dd-evp-origin=browser&dd-request-id=e68542e6-820a-4ecd-b3ec-d8a51c96b284&batch_time=1781699474724&_dd.api=fetch:0
[   13498ms] [ERROR] Failed to load resource: net::ERR_NAME_NOT_RESOLVED @ https://browser-intake-datadoghq.com/api/v2/rum?ddsource=browser&dd-api-key=pub222856fe11852abc3642b1395fac0627&dd-evp-origin-version=7.1.0&dd-evp-origin=browser&dd-request-id=7ff319f2-473d-42da-96cd-990ef44d525f&batch_time=1781699475527&_dd.api=fetch:0
[   13719ms] [ERROR] Failed to load resource: net::ERR_NAME_NOT_RESOLVED @ https://browser-intake-datadoghq.com/api/v2/rum?ddsource=browser&dd-api-key=pub222856fe11852abc3642b1395fac0627&dd-evp-origin-version=7.1.0&dd-evp-origin=browser&dd-request-id=05b63879-2964-419f-8598-efbe854cd3c6&batch_time=1781699475745&_dd.api=fetch:0
[   13719ms] [ERROR] Failed to load resource: net::ERR_NAME_NOT_RESOLVED @ https://browser-intake-datadoghq.com/api/v2/rum?ddsource=browser&dd-api-key=pub222856fe11852abc3642b1395fac0627&dd-evp-origin-version=7.1.0&dd-evp-origin=browser&dd-request-id=b6a46c33-ccea-49a3-8f32-d2ab02b2dfec&batch_time=1781699475748&_dd.api=fetch:0
[   13755ms] [ERROR] Failed to load resource: net::ERR_NAME_NOT_RESOLVED @ https://browser-intake-datadoghq.com/api/v2/rum?ddsource=browser&dd-api-key=pub222856fe11852abc3642b1395fac0627&dd-evp-origin-version=7.1.0&dd-evp-origin=browser&dd-request-id=9f808736-d5fa-4aca-b0e9-7fc1b654ccda&batch_time=1781699475784&_dd.api=fetch:0
[   14219ms] [ERROR] Failed to load resource: net::ERR_NAME_NOT_RESOLVED @ https://browser-intake-datadoghq.com/api/v2/rum?ddsource=browser&dd-api-key=pub222856fe11852abc3642b1395fac0627&dd-evp-origin-version=7.1.0&dd-evp-origin=browser&dd-request-id=dc007de3-ef8f-4f83-a25e-f15540f2167c&batch_time=1781699476245&_dd.api=fetch:0
[   14220ms] [ERROR] Failed to load resource: net::ERR_NAME_NOT_RESOLVED @ https://browser-intake-datadoghq.com/api/v2/rum?ddsource=browser&dd-api-key=pub222856fe11852abc3642b1395fac0627&dd-evp-origin-version=7.1.0&dd-evp-origin=browser&dd-request-id=210488c2-9b79-49ac-a295-c8262255ad9b&batch_time=1781699476247&_dd.api=fetch:0
[   14220ms] [ERROR] Failed to load resource: net::ERR_NAME_NOT_RESOLVED @ https://browser-intake-datadoghq.com/api/v2/rum?ddsource=browser&dd-api-key=pub222856fe11852abc3642b1395fac0627&dd-evp-origin-version=7.1.0&dd-evp-origin=browser&dd-request-id=5e31c515-acfd-4e2e-817f-b23f95aebef6&batch_time=1781699476249&_dd.api=fetch:0
[   15071ms] [ERROR] Failed to load resource: net::ERR_NAME_NOT_RESOLVED @ https://browser-intake-datadoghq.com/api/v2/rum?ddsource=browser&dd-api-key=pub222856fe11852abc3642b1395fac0627&dd-evp-origin-version=7.1.0&dd-evp-origin=browser&dd-request-id=d56684cd-5500-47ce-b562-5aa2b7f2bbb9&batch_time=1781699477098&_dd.api=fetch:0
[   15840ms] [ERROR] Failed to load resource: net::ERR_NAME_NOT_RESOLVED @ https://browser-intake-datadoghq.com/api/v2/rum?ddsource=browser&dd-api-key=pub222856fe11852abc3642b1395fac0627&dd-evp-origin-version=7.1.0&dd-evp-origin=browser&dd-request-id=3e664194-8b59-4cbb-8bba-261e1bd8fcd0&batch_time=1781699477369&_dd.api=fetch:0
[   15848ms] [ERROR] Failed to load resource: net::ERR_NAME_NOT_RESOLVED @ https://browser-intake-datadoghq.com/api/v2/rum?ddsource=browser&dd-api-key=pub222856fe11852abc3642b1395fac0627&dd-evp-origin-version=7.1.0&dd-evp-origin=browser&dd-request-id=2322fd76-b4c0-4878-bbd4-be416205f29a&batch_time=1781699477372&_dd.api=fetch:0
[   16151ms] [ERROR] Failed to load resource: net::ERR_NAME_NOT_RESOLVED @ https://api.sprig.com/sdk/1/environments/iOWjIVsDOPhw/config:0
[   16259ms] [ERROR] Failed to load resource: net::ERR_NAME_NOT_RESOLVED @ https://browser-intake-datadoghq.com/api/v2/rum?ddsource=browser&dd-api-key=pub222856fe11852abc3642b1395fac0627&dd-evp-origin-version=7.1.0&dd-evp-origin=browser&dd-request-id=42298846-659b-4a5d-b20c-0bbce91e2a1d&batch_time=1781699478278&_dd.api=fetch:0
[   16846ms] [ERROR] Failed to load resource: net::ERR_NAME_NOT_RESOLVED @ https://browser-intake-datadoghq.com/api/v2/rum?ddsource=browser&dd-api-key=pub222856fe11852abc3642b1395fac0627&dd-evp-origin-version=7.1.0&dd-evp-origin=browser&dd-request-id=56fdff92-d1f3-4607-81f2-add2b7ffcd6b&batch_time=1781699478860&_dd.api=fetch:0
[   17752ms] [ERROR] Failed to load resource: net::ERR_NAME_NOT_RESOLVED @ https://browser-intake-datadoghq.com/api/v2/rum?ddsource=browser&dd-api-key=pub222856fe11852abc3642b1395fac0627&dd-evp-origin-version=7.1.0&dd-evp-origin=browser&dd-request-id=34dad072-a49b-4fb8-8ebf-a9832ab7fa4f&batch_time=1781699479776&_dd.api=fetch:0
[   18326ms] [ERROR] Failed to load resource: net::ERR_NAME_NOT_RESOLVED @ https://browser-intake-datadoghq.com/api/v2/rum?ddsource=browser&dd-api-key=pub222856fe11852abc3642b1395fac0627&dd-evp-origin-version=7.1.0&dd-evp-origin=browser&dd-request-id=e2cd319a-3f18-4637-85b0-ac9e426be08e&batch_time=1781699480328&_dd.api=fetch:0
[   19193ms] [ERROR] Failed to load resource: net::ERR_NAME_NOT_RESOLVED @ https://browser-intake-datadoghq.com/api/v2/rum?ddsource=browser&dd-api-key=pub222856fe11852abc3642b1395fac0627&dd-evp-origin-version=7.1.0&dd-evp-origin=browser&dd-request-id=6457d03e-68be-4ed4-b920-4db62a0838cb&batch_time=1781699481210&_dd.api=fetch:0
[   20667ms] [ERROR] Failed to load resource: net::ERR_NAME_NOT_RESOLVED @ https://browser-intake-datadoghq.com/api/v2/rum?ddsource=browser&dd-api-key=pub222856fe11852abc3642b1395fac0627&dd-evp-origin-version=7.1.0&dd-evp-origin=browser&dd-request-id=6a45cf79-2c22-445e-98ec-a6a4544121a5&batch_time=1781699482675&_dd.api=fetch:0
[   20681ms] [ERROR] Failed to load resource: net::ERR_NAME_NOT_RESOLVED @ https://browser-intake-datadoghq.com/api/v2/rum?ddsource=browser&dd-api-key=pub222856fe11852abc3642b1395fac0627&dd-evp-origin-version=7.1.0&dd-evp-origin=browser&dd-request-id=7f9369fa-8915-4a8e-9c73-bb13977a2d3b&batch_time=1781699482711&_dd.api=fetch:0
[   21798ms] [ERROR] Failed to load resource: net::ERR_NAME_NOT_RESOLVED @ https://browser-intake-datadoghq.com/api/v2/rum?ddsource=browser&dd-api-key=pub222856fe11852abc3642b1395fac0627&dd-evp-origin-version=7.1.0&dd-evp-origin=browser&dd-request-id=c5f23d19-2c94-4270-b098-624380a3b577&batch_time=1781699483827&_dd.api=fetch:0
[   23030ms] [ERROR] Failed to load resource: net::ERR_NAME_NOT_RESOLVED @ https://browser-intake-datadoghq.com/api/v2/rum?ddsource=browser&dd-api-key=pub222856fe11852abc3642b1395fac0627&dd-evp-origin-version=7.1.0&dd-evp-origin=browser&dd-request-id=cd560ee6-08c6-452b-b9ac-42f74e719dcb&batch_time=1781699485060&_dd.api=fetch:0
[   24165ms] [ERROR] Failed to load resource: net::ERR_NAME_NOT_RESOLVED @ https://api.sprig.com/sdk/1/environments/iOWjIVsDOPhw/config:0
[   24487ms] [ERROR] Failed to load resource: net::ERR_NAME_NOT_RESOLVED @ https://browser-intake-datadoghq.com/api/v2/rum?ddsource=browser&dd-api-key=pub222856fe11852abc3642b1395fac0627&dd-evp-origin-version=7.1.0&dd-evp-origin=browser&dd-request-id=f09cd693-619f-481f-b27b-104d8a8b4470&batch_time=1781699486473&_dd.api=fetch:0
[   25149ms] [ERROR] Failed to load resource: net::ERR_NAME_NOT_RESOLVED @ https://browser-intake-datadoghq.com/api/v2/rum?ddsource=browser&dd-api-key=pub222856fe11852abc3642b1395fac0627&dd-evp-origin-version=7.1.0&dd-evp-origin=browser&dd-request-id=58c4d610-3707-4fe9-b27b-e9076eb01273&batch_time=1781699487177&_dd.api=fetch:0
[   25150ms] [ERROR] Failed to load resource: net::ERR_NAME_NOT_RESOLVED @ https://browser-intake-datadoghq.com/api/v2/rum?ddsource=browser&dd-api-key=pub222856fe11852abc3642b1395fac0627&dd-evp-origin-version=7.1.0&dd-evp-origin=browser&dd-request-id=41f5772b-df06-4042-a8e9-285f4d905ef3&batch_time=1781699487179&_dd.api=fetch:0
[   26497ms] [ERROR] Failed to load resource: net::ERR_NAME_NOT_RESOLVED @ https://browser-intake-datadoghq.com/api/v2/rum?ddsource=browser&dd-api-key=pub222856fe11852abc3642b1395fac0627&dd-evp-origin-version=7.1.0&dd-evp-origin=browser&dd-request-id=1cdb5ca9-58eb-43f4-becf-17314801ef4d&batch_time=1781699488458&_dd.api=fetch:0
[   28123ms] [ERROR] Failed to load resource: net::ERR_NAME_NOT_RESOLVED @ https://browser-intake-datadoghq.com/api/v2/rum?ddsource=browser&dd-api-key=pub222856fe11852abc3642b1395fac0627&dd-evp-origin-version=7.1.0&dd-evp-origin=browser&dd-request-id=8fc54ef2-0fe3-4fe0-a1d5-9b6204692e08&batch_time=1781699490108&_dd.api=fetch:0
[   29228ms] [ERROR] Failed to load resource: net::ERR_NAME_NOT_RESOLVED @ https://browser-intake-datadoghq.com/api/v2/rum?ddsource=browser&dd-api-key=pub222856fe11852abc3642b1395fac0627&dd-evp-origin-version=7.1.0&dd-evp-origin=browser&dd-request-id=940aa52a-e58b-4a2f-9a37-9f2f2971ec6a&batch_time=1781699491204&_dd.api=fetch:0
[   31093ms] [ERROR] Failed to load resource: net::ERR_NAME_NOT_RESOLVED @ https://browser-intake-datadoghq.com/api/v2/rum?ddsource=browser&dd-api-key=pub222856fe11852abc3642b1395fac0627&dd-evp-origin-version=7.1.0&dd-evp-origin=browser&dd-request-id=10cbacee-34af-4eac-bd71-d49115ae9214&batch_time=1781699493123&_dd.api=fetch:0
[   32431ms] [ERROR] Failed to load resource: net::ERR_NAME_NOT_RESOLVED @ https://browser-intake-datadoghq.com/api/v2/rum?ddsource=browser&dd-api-key=pub222856fe11852abc3642b1395fac0627&dd-evp-origin-version=7.1.0&dd-evp-origin=browser&dd-request-id=3473c6f6-4dd2-4844-8fd4-cbcf9d8591e3&batch_time=1781699494460&_dd.api=fetch:0
[   34317ms] [ERROR] Failed to load resource: net::ERR_NAME_NOT_RESOLVED @ https://browser-intake-datadoghq.com/api/v2/rum?ddsource=browser&dd-api-key=pub222856fe11852abc3642b1395fac0627&dd-evp-origin-version=7.1.0&dd-evp-origin=browser&dd-request-id=098a786e-4845-420d-ae11-d70bcf06c39f&batch_time=1781699496346&_dd.api=fetch:0
[   35874ms] [ERROR] Failed to load resource: net::ERR_NAME_NOT_RESOLVED @ https://browser-intake-datadoghq.com/api/v2/rum?ddsource=browser&dd-api-key=pub222856fe11852abc3642b1395fac0627&dd-evp-origin-version=7.1.0&dd-evp-origin=browser&dd-request-id=62478b2c-b4dc-4ae8-87e5-0b5bfc15175d&batch_time=1781699497863&_dd.api=fetch:0
[   37702ms] [ERROR] Failed to load resource: net::ERR_NAME_NOT_RESOLVED @ https://browser-intake-datadoghq.com/api/v2/rum?ddsource=browser&dd-api-key=pub222856fe11852abc3642b1395fac0627&dd-evp-origin-version=7.1.0&dd-evp-origin=browser&dd-request-id=c3c3b24f-402e-4273-be04-df737d45e614&batch_time=1781699499663&_dd.api=fetch:0
[   38635ms] [ERROR] Failed to load resource: net::ERR_NAME_NOT_RESOLVED @ https://browser-intake-datadoghq.com/api/v2/rum?ddsource=browser&dd-api-key=pub222856fe11852abc3642b1395fac0627&dd-evp-origin-version=7.1.0&dd-evp-origin=browser&dd-request-id=460373d1-bf97-48d9-9216-d2020f1220aa&batch_time=1781699500454&_dd.api=fetch:0
[   39218ms] [ERROR] Failed to load resource: net::ERR_NAME_NOT_RESOLVED @ https://browser-intake-datadoghq.com/api/v2/rum?ddsource=browser&dd-api-key=pub222856fe11852abc3642b1395fac0627&dd-evp-origin-version=7.1.0&dd-evp-origin=browser&dd-request-id=eaa80e95-e6c7-420c-bb9a-81b6822dee79&batch_time=1781699501233&_dd.api=fetch:0
[   39506ms] [ERROR] Failed to load resource: net::ERR_NAME_NOT_RESOLVED @ https://browser-intake-datadoghq.com/api/v2/rum?ddsource=browser&dd-api-key=pub222856fe11852abc3642b1395fac0627&dd-evp-origin-version=7.1.0&dd-evp-origin=browser&dd-request-id=95d8daec-a8cb-4dcf-864f-a1e884f6a40a&batch_time=1781699501536&_dd.api=fetch:0
[   40329ms] [ERROR] Failed to load resource: net::ERR_NAME_NOT_RESOLVED @ https://api.sprig.com/sdk/1/environments/iOWjIVsDOPhw/config:0
[   40654ms] [ERROR] Failed to load resource: net::ERR_NAME_NOT_RESOLVED @ https://browser-intake-datadoghq.com/api/v2/rum?ddsource=browser&dd-api-key=pub222856fe11852abc3642b1395fac0627&dd-evp-origin-version=7.1.0&dd-evp-origin=browser&dd-request-id=67a4c552-4b46-4c33-b65a-d167f0a1be8e&batch_time=1781699502684&_dd.api=fetch:0
[   44270ms] [ERROR] Failed to load resource: net::ERR_NAME_NOT_RESOLVED @ https://browser-intake-datadoghq.com/api/v2/rum?ddsource=browser&dd-api-key=pub222856fe11852abc3642b1395fac0627&dd-evp-origin-version=7.1.0&dd-evp-origin=browser&dd-request-id=47c168af-5ab9-4524-9b85-09b0ce5ade91&batch_time=1781699506248&_dd.api=fetch:0
[   44295ms] [ERROR] Failed to load resource: net::ERR_NAME_NOT_RESOLVED @ https://browser-intake-datadoghq.com/api/v2/rum?ddsource=browser&dd-api-key=pub222856fe11852abc3642b1395fac0627&dd-evp-origin-version=7.1.0&dd-evp-origin=browser&dd-request-id=0a80ef61-002d-44f7-8897-0b6f23d3faf0&batch_time=1781699506323&_dd.api=fetch:0
[   44295ms] [ERROR] Failed to load resource: net::ERR_NAME_NOT_RESOLVED @ https://browser-intake-datadoghq.com/api/v2/rum?ddsource=browser&dd-api-key=pub222856fe11852abc3642b1395fac0627&dd-evp-origin-version=7.1.0&dd-evp-origin=browser&dd-request-id=d5a09e95-7cb3-47cc-b64c-bab699cb82b6&batch_time=1781699506324&_dd.api=fetch:0
[   44295ms] [ERROR] Failed to load resource: net::ERR_NAME_NOT_RESOLVED @ https://browser-intake-datadoghq.com/api/v2/rum?ddsource=browser&dd-api-key=pub222856fe11852abc3642b1395fac0627&dd-evp-origin-version=7.1.0&dd-evp-origin=browser&dd-request-id=6577cc94-c73b-48b5-adfa-395c9969d140&batch_time=1781699506325&_dd.api=fetch:0
[   44310ms] [ERROR] Failed to load resource: net::ERR_NAME_NOT_RESOLVED @ https://browser-intake-datadoghq.com/api/v2/rum?ddsource=browser&dd-api-key=pub222856fe11852abc3642b1395fac0627&dd-evp-origin-version=7.1.0&dd-evp-origin=browser&dd-request-id=1c1a4148-8a27-4c1a-9545-df4abcd278d3&batch_time=1781699506339&_dd.api=fetch:0
[   44310ms] [ERROR] Failed to load resource: net::ERR_NAME_NOT_RESOLVED @ https://browser-intake-datadoghq.com/api/v2/rum?ddsource=browser&dd-api-key=pub222856fe11852abc3642b1395fac0627&dd-evp-origin-version=7.1.0&dd-evp-origin=browser&dd-request-id=518c440d-d9c0-4fa6-83d2-04c977cadec4&batch_time=1781699506340&_dd.api=fetch:0
[   45021ms] [ERROR] Failed to load resource: net::ERR_NAME_NOT_RESOLVED @ https://browser-intake-datadoghq.com/api/v2/rum?ddsource=browser&dd-api-key=pub222856fe11852abc3642b1395fac0627&dd-evp-origin-version=7.1.0&dd-evp-origin=browser&dd-request-id=a465960b-5d5b-4991-ab54-0ed370e838b9&batch_time=1781699507051&_dd.api=fetch:0
[   46218ms] [ERROR] Failed to load resource: net::ERR_NAME_NOT_RESOLVED @ https://browser-intake-datadoghq.com/api/v2/rum?ddsource=browser&dd-api-key=pub222856fe11852abc3642b1395fac0627&dd-evp-origin-version=7.1.0&dd-evp-origin=browser&dd-request-id=766df4f9-4fc7-420a-bfe8-478a69c7b1e5&batch_time=1781699508108&_dd.api=fetch:0
[   46266ms] [ERROR] Failed to load resource: net::ERR_NAME_NOT_RESOLVED @ https://browser-intake-datadoghq.com/api/v2/rum?ddsource=browser&dd-api-key=pub222856fe11852abc3642b1395fac0627&dd-evp-origin-version=7.1.0&dd-evp-origin=browser&dd-request-id=47e53adf-7f56-4977-9631-0cd161359c33&batch_time=1781699508293&_dd.api=fetch:0
[   46267ms] [ERROR] Failed to load resource: net::ERR_NAME_NOT_RESOLVED @ https://browser-intake-datadoghq.com/api/v2/rum?ddsource=browser&dd-api-key=pub222856fe11852abc3642b1395fac0627&dd-evp-origin-version=7.1.0&dd-evp-origin=browser&dd-request-id=706c5d65-78f3-4487-bdf7-ec387c39736e&batch_time=1781699508297&_dd.api=fetch:0
[   48006ms] [ERROR] Failed to load resource: net::ERR_NAME_NOT_RESOLVED @ https://browser-intake-datadoghq.com/api/v2/rum?ddsource=browser&dd-api-key=pub222856fe11852abc3642b1395fac0627&dd-evp-origin-version=7.1.0&dd-evp-origin=browser&dd-request-id=03a31e24-023d-4ad3-9eca-e42580a17afe&batch_time=1781699510035&_dd.api=fetch:0
[   50078ms] [ERROR] Failed to load resource: net::ERR_NAME_NOT_RESOLVED @ https://browser-intake-datadoghq.com/api/v2/rum?ddsource=browser&dd-api-key=pub222856fe11852abc3642b1395fac0627&dd-evp-origin-version=7.1.0&dd-evp-origin=browser&dd-request-id=1c2d282c-ce17-4bc7-8f69-f7bf28b665cc&batch_time=1781699512037&_dd.api=fetch:0
[   51134ms] [ERROR] Failed to load resource: net::ERR_NAME_NOT_RESOLVED @ https://browser-intake-datadoghq.com/api/v2/rum?ddsource=browser&dd-api-key=pub222856fe11852abc3642b1395fac0627&dd-evp-origin-version=7.1.0&dd-evp-origin=browser&dd-request-id=fbb5fdec-c07d-493d-93d2-560c2d25f32e&batch_time=1781699513162&_dd.api=fetch:0
[   52571ms] [ERROR] Failed to load resource: net::ERR_NAME_NOT_RESOLVED @ https://browser-intake-datadoghq.com/api/v2/rum?ddsource=browser&dd-api-key=pub222856fe11852abc3642b1395fac0627&dd-evp-origin-version=7.1.0&dd-evp-origin=browser&dd-request-id=4d998a95-004d-4ada-aae0-c799a3e9637b&batch_time=1781699514508&_dd.api=fetch:0
[   55722ms] [WARNING] The resource https://kalshi.com/images/research/mission/Frame.png was preloaded using link preload but not used within a few seconds from the window's load event. Please make sure it has an appropriate `as` value and it is preloaded intentionally. @ https://kalshi.com/markets/kxwcround/world-cup-reach-round/kxwcround-26ro16?op_market_ticker=KXWCROUND-26RO16-MAR&op_order_side=no&sortMarkets=alphabetical-asc:0
[   55722ms] [WARNING] The resource https://kalshi.com/images/research/mission/calibration.png was preloaded using link preload but not used within a few seconds from the window's load event. Please make sure it has an appropriate `as` value and it is preloaded intentionally. @ https://kalshi.com/markets/kxwcround/world-cup-reach-round/kxwcround-26ro16?op_market_ticker=KXWCROUND-26RO16-MAR&op_order_side=no&sortMarkets=alphabetical-asc:0
[   55722ms] [WARNING] The resource https://kalshi.com/images/research/mission/prediction-accuracy.png was preloaded using link preload but not used within a few seconds from the window's load event. Please make sure it has an appropriate `as` value and it is preloaded intentionally. @ https://kalshi.com/markets/kxwcround/world-cup-reach-round/kxwcround-26ro16?op_market_ticker=KXWCROUND-26RO16-MAR&op_order_side=no&sortMarkets=alphabetical-asc:0
[   55722ms] [WARNING] The resource https://kalshi.com/images/research/mission/real-world-impact.png was preloaded using link preload but not used within a few seconds from the window's load event. Please make sure it has an appropriate `as` value and it is preloaded intentionally. @ https://kalshi.com/markets/kxwcround/world-cup-reach-round/kxwcround-26ro16?op_market_ticker=KXWCROUND-26RO16-MAR&op_order_side=no&sortMarkets=alphabetical-asc:0
[   55722ms] [WARNING] The resource https://kalshi.com/images/research/mission/belief-updating-dynamics.png was preloaded using link preload but not used within a few seconds from the window's load event. Please make sure it has an appropriate `as` value and it is preloaded intentionally. @ https://kalshi.com/markets/kxwcround/world-cup-reach-round/kxwcround-26ro16?op_market_ticker=KXWCROUND-26RO16-MAR&op_order_side=no&sortMarkets=alphabetical-asc:0
[   55722ms] [WARNING] The resource https://kalshi.com/images/research/mission/market-microstructure.png was preloaded using link preload but not used within a few seconds from the window's load event. Please make sure it has an appropriate `as` value and it is preloaded intentionally. @ https://kalshi.com/markets/kxwcround/world-cup-reach-round/kxwcround-26ro16?op_market_ticker=KXWCROUND-26RO16-MAR&op_order_side=no&sortMarkets=alphabetical-asc:0
[   55722ms] [WARNING] The resource https://kalshi.com/images/research/mission/participant-heterogeneity.png was preloaded using link preload but not used within a few seconds from the window's load event. Please make sure it has an appropriate `as` value and it is preloaded intentionally. @ https://kalshi.com/markets/kxwcround/world-cup-reach-round/kxwcround-26ro16?op_market_ticker=KXWCROUND-26RO16-MAR&op_order_side=no&sortMarkets=alphabetical-asc:0
[   55730ms] [ERROR] Failed to load resource: net::ERR_NAME_NOT_RESOLVED @ https://browser-intake-datadoghq.com/api/v2/rum?ddsource=browser&dd-api-key=pub222856fe11852abc3642b1395fac0627&dd-evp-origin-version=7.1.0&dd-evp-origin=browser&dd-request-id=9289dbed-c599-47b5-b3cc-1183f8181381&batch_time=1781699517674&_dd.api=fetch:0
[   55922ms] [ERROR] Failed to load resource: net::ERR_NAME_NOT_RESOLVED @ https://browser-intake-datadoghq.com/api/v2/rum?ddsource=browser&dd-api-key=pub222856fe11852abc3642b1395fac0627&dd-evp-origin-version=7.1.0&dd-evp-origin=browser&dd-request-id=f3101c88-bf0d-4330-a79f-f23c497c01a5&batch_time=1781699517913&_dd.api=fetch:0
[   56791ms] [ERROR] Failed to load resource: net::ERR_NAME_NOT_RESOLVED @ https://browser-intake-datadoghq.com/api/v2/rum?ddsource=browser&dd-api-key=pub222856fe11852abc3642b1395fac0627&dd-evp-origin-version=7.1.0&dd-evp-origin=browser&dd-request-id=10e4454a-dbca-497d-a80a-f0057aabcbfa&batch_time=1781699518809&_dd.api=fetch:0
[   57101ms] [ERROR] Failed to load resource: net::ERR_NAME_NOT_RESOLVED @ https://browser-intake-datadoghq.com/api/v2/rum?ddsource=browser&dd-api-key=pub222856fe11852abc3642b1395fac0627&dd-evp-origin-version=7.1.0&dd-evp-origin=browser&dd-request-id=4039dbb1-8c7f-488f-abc5-c6eaa31fc33c&batch_time=1781699519129&_dd.api=fetch:0
[   58588ms] [ERROR] Failed to load resource: net::ERR_NAME_NOT_RESOLVED @ https://browser-intake-datadoghq.com/api/v2/rum?ddsource=browser&dd-api-key=pub222856fe11852abc3642b1395fac0627&dd-evp-origin-version=7.1.0&dd-evp-origin=browser&dd-request-id=9234ac69-a391-4226-81ee-b19e44a3b334&batch_time=1781699520612&_dd.api=fetch:0
[   61020ms] [ERROR] Failed to load resource: net::ERR_NAME_NOT_RESOLVED @ https://browser-intake-datadoghq.com/api/v2/rum?ddsource=browser&dd-api-key=pub222856fe11852abc3642b1395fac0627&dd-evp-origin-version=7.1.0&dd-evp-origin=browser&dd-request-id=d681e06c-f900-4ca4-83b9-7beb8b015cbe&batch_time=1781699522923&_dd.api=fetch:0
[   61251ms] [ERROR] Failed to load resource: net::ERR_NAME_NOT_RESOLVED @ https://browser-intake-datadoghq.com/api/v2/rum?ddsource=browser&dd-api-key=pub222856fe11852abc3642b1395fac0627&dd-evp-origin-version=7.1.0&dd-evp-origin=browser&dd-request-id=4d027afb-0939-42c2-97d6-b320f8daabd0&batch_time=1781699523258&_dd.api=fetch:0
[   63291ms] [ERROR] Failed to load resource: net::ERR_NAME_NOT_RESOLVED @ https://browser-intake-datadoghq.com/api/v2/rum?ddsource=browser&dd-api-key=pub222856fe11852abc3642b1395fac0627&dd-evp-origin-version=7.1.0&dd-evp-origin=browser&dd-request-id=f24b251a-da89-435d-844b-18fc2a7d334d&batch_time=1781699525317&_dd.api=fetch:0
[   66062ms] [ERROR] Failed to load resource: net::ERR_NAME_NOT_RESOLVED @ https://browser-intake-datadoghq.com/api/v2/rum?ddsource=browser&dd-api-key=pub222856fe11852abc3642b1395fac0627&dd-evp-origin-version=7.1.0&dd-evp-origin=browser&dd-request-id=9cab1005-36bb-486b-95e9-e16e08cede62&batch_time=1781699528066&_dd.api=fetch:0
[   66329ms] [ERROR] Failed to load resource: net::ERR_NAME_NOT_RESOLVED @ https://browser-intake-datadoghq.com/api/v2/rum?ddsource=browser&dd-api-key=pub222856fe11852abc3642b1395fac0627&dd-evp-origin-version=7.1.0&dd-evp-origin=browser&dd-request-id=c45a0dee-c427-4693-867e-c5eb36d248e4&batch_time=1781699528334&_dd.api=fetch:0
[   68790ms] [ERROR] Failed to load resource: net::ERR_NAME_NOT_RESOLVED @ https://browser-intake-datadoghq.com/api/v2/rum?ddsource=browser&dd-api-key=pub222856fe11852abc3642b1395fac0627&dd-evp-origin-version=7.1.0&dd-evp-origin=browser&dd-request-id=e7a83f4b-a176-4e81-9613-36ed2a0668a6&batch_time=1781699530808&_dd.api=fetch:0
[   69313ms] [ERROR] Failed to load resource: net::ERR_NAME_NOT_RESOLVED @ https://browser-intake-datadoghq.com/api/v2/rum?ddsource=browser&dd-api-key=pub222856fe11852abc3642b1395fac0627&dd-evp-origin-version=7.1.0&dd-evp-origin=browser&dd-request-id=eef089b6-120f-44a8-87e0-ef76a3f0e19b&batch_time=1781699531342&_dd.api=fetch:0
[   70048ms] [ERROR] Failed to load resource: net::ERR_NAME_NOT_RESOLVED @ https://browser-intake-datadoghq.com/api/v2/rum?ddsource=browser&dd-api-key=pub222856fe11852abc3642b1395fac0627&dd-evp-origin-version=7.1.0&dd-evp-origin=browser&dd-request-id=95bc585c-c160-45da-ba56-1c0516eed61e&batch_time=1781699532043&_dd.api=fetch:0
[   72912ms] [ERROR] Failed to load resource: net::ERR_NAME_NOT_RESOLVED @ https://browser-intake-datadoghq.com/api/v2/rum?ddsource=browser&dd-api-key=pub222856fe11852abc3642b1395fac0627&dd-evp-origin-version=7.1.0&dd-evp-origin=browser&dd-request-id=31386e8a-2a82-4b27-9e05-3b1267d48180&batch_time=1781699534941&_dd.api=fetch:0
[   73243ms] [ERROR] Failed to load resource: net::ERR_NAME_NOT_RESOLVED @ https://browser-intake-datadoghq.com/api/v2/rum?ddsource=browser&dd-api-key=pub222856fe11852abc3642b1395fac0627&dd-evp-origin-version=7.1.0&dd-evp-origin=browser&dd-request-id=c9b32c86-953e-4ff7-8c5e-5a5b28aa367a&batch_time=1781699535271&_dd.api=fetch:0
[   75899ms] [ERROR] Failed to load resource: net::ERR_NAME_NOT_RESOLVED @ https://browser-intake-datadoghq.com/api/v2/rum?ddsource=browser&dd-api-key=pub222856fe11852abc3642b1395fac0627&dd-evp-origin-version=7.1.0&dd-evp-origin=browser&dd-request-id=3eec285c-81cf-47d1-a64e-3916129b46fb&batch_time=1781699537927&_dd.api=fetch:0
[   80493ms] [ERROR] Failed to load resource: net::ERR_NAME_NOT_RESOLVED @ https://browser-intake-datadoghq.com/api/v2/rum?ddsource=browser&dd-api-key=pub222856fe11852abc3642b1395fac0627&dd-evp-origin-version=7.1.0&dd-evp-origin=browser&dd-request-id=c72404d4-a93d-4a7e-9516-8c468812f3c8&batch_time=1781699542510&_dd.api=fetch:0
[   82798ms] [ERROR] Failed to load resource: net::ERR_NAME_NOT_RESOLVED @ https://browser-intake-datadoghq.com/api/v2/rum?ddsource=browser&dd-api-key=pub222856fe11852abc3642b1395fac0627&dd-evp-origin-version=7.1.0&dd-evp-origin=browser&dd-request-id=e42b9070-6bca-49f6-8dfe-fa33506ff425&batch_time=1781699544812&_dd.api=fetch:0
[   84572ms] [ERROR] Failed to load resource: net::ERR_NAME_NOT_RESOLVED @ https://browser-intake-datadoghq.com/api/v2/rum?ddsource=browser&dd-api-key=pub222856fe11852abc3642b1395fac0627&dd-evp-origin-version=7.1.0&dd-evp-origin=browser&dd-request-id=88a18054-1202-4783-b0cd-0ad58a81e4d5&batch_time=1781699546602&_dd.api=fetch:0
[   86794ms] [ERROR] Failed to load resource: net::ERR_NAME_NOT_RESOLVED @ https://browser-intake-datadoghq.com/api/v2/rum?ddsource=browser&dd-api-key=pub222856fe11852abc3642b1395fac0627&dd-evp-origin-version=7.1.0&dd-evp-origin=browser&dd-request-id=b1f5e916-1aaa-4d68-8437-bc1934da6947&batch_time=1781699548732&_dd.api=fetch:0
[   89618ms] [ERROR] Failed to load resource: net::ERR_NAME_NOT_RESOLVED @ https://browser-intake-datadoghq.com/api/v2/rum?ddsource=browser&dd-api-key=pub222856fe11852abc3642b1395fac0627&dd-evp-origin-version=7.1.0&dd-evp-origin=browser&dd-request-id=0cf9d6e2-caa0-4abc-b256-dc73a14b8421&batch_time=1781699551647&_dd.api=fetch:0
[   90346ms] [ERROR] Failed to load resource: net::ERR_NAME_NOT_RESOLVED @ https://browser-intake-datadoghq.com/api/v2/rum?ddsource=browser&dd-api-key=pub222856fe11852abc3642b1395fac0627&dd-evp-origin-version=7.1.0&dd-evp-origin=browser&dd-request-id=fa202674-ac84-4b62-9fc5-0cf5a43a951b&batch_time=1781699552271&_dd.api=fetch:0
[   91813ms] [ERROR] Failed to load resource: net::ERR_NAME_NOT_RESOLVED @ https://browser-intake-datadoghq.com/api/v2/rum?ddsource=browser&dd-api-key=pub222856fe11852abc3642b1395fac0627&dd-evp-origin-version=7.1.0&dd-evp-origin=browser&dd-request-id=dc738ecc-8d6f-43ec-adf9-754b797c4ae6&batch_time=1781699553774&_dd.api=fetch:0
[   92776ms] [ERROR] Failed to load resource: net::ERR_NAME_NOT_RESOLVED @ https://browser-intake-datadoghq.com/api/v2/rum?ddsource=browser&dd-api-key=pub222856fe11852abc3642b1395fac0627&dd-evp-origin-version=7.1.0&dd-evp-origin=browser&dd-request-id=75e53b4e-5059-4a7d-aa97-cd4892aae6f9&batch_time=1781699554793&_dd.api=fetch:0
[   94115ms] [ERROR] Failed to load resource: net::ERR_NAME_NOT_RESOLVED @ https://browser-intake-datadoghq.com/api/v2/rum?ddsource=browser&dd-api-key=pub222856fe11852abc3642b1395fac0627&dd-evp-origin-version=7.1.0&dd-evp-origin=browser&dd-request-id=466548c0-a4b7-4fc3-94dc-4db49a39c4c7&batch_time=1781699556144&_dd.api=fetch:0
[   95119ms] [ERROR] Failed to load resource: net::ERR_NAME_NOT_RESOLVED @ https://browser-intake-datadoghq.com/api/v2/rum?ddsource=browser&dd-api-key=pub222856fe11852abc3642b1395fac0627&dd-evp-origin-version=7.1.0&dd-evp-origin=browser&dd-request-id=cecab51a-a890-4ae7-9e0b-50b86e77cba0&batch_time=1781699557148&_dd.api=fetch:0
[   99162ms] [ERROR] Failed to load resource: net::ERR_NAME_NOT_RESOLVED @ https://browser-intake-datadoghq.com/api/v2/rum?ddsource=browser&dd-api-key=pub222856fe11852abc3642b1395fac0627&dd-evp-origin-version=7.1.0&dd-evp-origin=browser&dd-request-id=4946cb99-b092-4998-98b5-c55bc6b71193&batch_time=1781699561149&_dd.api=fetch:0
[  100901ms] [ERROR] Failed to load resource: net::ERR_NAME_NOT_RESOLVED @ https://browser-intake-datadoghq.com/api/v2/rum?ddsource=browser&dd-api-key=pub222856fe11852abc3642b1395fac0627&dd-evp-origin-version=7.1.0&dd-evp-origin=browser&dd-request-id=708fb7c5-3037-4a73-ae40-80d7104e1bbe&batch_time=1781699562930&_dd.api=fetch:0
[  102131ms] [ERROR] Failed to load resource: net::ERR_NAME_NOT_RESOLVED @ https://browser-intake-datadoghq.com/api/v2/rum?ddsource=browser&dd-api-key=pub222856fe11852abc3642b1395fac0627&dd-evp-origin-version=7.1.0&dd-evp-origin=browser&dd-request-id=f4bfff43-f233-4e79-bf89-7d65b8f077c9&batch_time=1781699564157&_dd.api=fetch:0
[  103246ms] [ERROR] Failed to load resource: net::ERR_NAME_NOT_RESOLVED @ https://browser-intake-datadoghq.com/api/v2/rum?ddsource=browser&dd-api-key=pub222856fe11852abc3642b1395fac0627&dd-evp-origin-version=7.1.0&dd-evp-origin=browser&dd-request-id=08c531e6-28da-43f8-89bd-cf784b7b310a&batch_time=1781699565268&_dd.api=fetch:0
[  104991ms] [ERROR] Failed to load resource: net::ERR_NAME_NOT_RESOLVED @ https://browser-intake-datadoghq.com/api/v2/rum?ddsource=browser&dd-api-key=pub222856fe11852abc3642b1395fac0627&dd-evp-origin-version=7.1.0&dd-evp-origin=browser&dd-request-id=79903b5c-1486-466a-9112-c731c5429c7d&batch_time=1781699567020&_dd.api=fetch:0
[  107240ms] [ERROR] Failed to load resource: net::ERR_NAME_NOT_RESOLVED @ https://browser-intake-datadoghq.com/api/v2/rum?ddsource=browser&dd-api-key=pub222856fe11852abc3642b1395fac0627&dd-evp-origin-version=7.1.0&dd-evp-origin=browser&dd-request-id=a29d7807-a0ae-4df0-9151-256c5a288b3e&batch_time=1781699569118&_dd.api=fetch:0
[  109209ms] [ERROR] Failed to load resource: net::ERR_NAME_NOT_RESOLVED @ https://browser-intake-datadoghq.com/api/v2/rum?ddsource=browser&dd-api-key=pub222856fe11852abc3642b1395fac0627&dd-evp-origin-version=7.1.0&dd-evp-origin=browser&dd-request-id=3b21bb99-01cd-4a72-8090-64bcac8f2076&batch_time=1781699571238&_dd.api=fetch:0
[  112494ms] [ERROR] Failed to load resource: net::ERR_NAME_NOT_RESOLVED @ https://browser-intake-datadoghq.com/api/v2/rum?ddsource=browser&dd-api-key=pub222856fe11852abc3642b1395fac0627&dd-evp-origin-version=7.1.0&dd-evp-origin=browser&dd-request-id=57703894-6c80-47c5-b6e1-f6193772dfcd&batch_time=1781699574494&_dd.api=fetch:0
[  115337ms] [ERROR] Failed to load resource: net::ERR_NAME_NOT_RESOLVED @ https://browser-intake-datadoghq.com/api/v2/rum?ddsource=browser&dd-api-key=pub222856fe11852abc3642b1395fac0627&dd-evp-origin-version=7.1.0&dd-evp-origin=browser&dd-request-id=9272a9a8-3951-4534-b12d-094512aa72da&batch_time=1781699577355&_dd.api=fetch:0
[  120414ms] [ERROR] Failed to load resource: net::ERR_NAME_NOT_RESOLVED @ https://browser-intake-datadoghq.com/api/v2/rum?ddsource=browser&dd-api-key=pub222856fe11852abc3642b1395fac0627&dd-evp-origin-version=7.1.0&dd-evp-origin=browser&dd-request-id=9cdca7b3-997a-4b6c-baac-79923235d70b&batch_time=1781699582428&_dd.api=fetch:0
[  123768ms] [ERROR] Failed to load resource: net::ERR_NAME_NOT_RESOLVED @ https://browser-intake-datadoghq.com/api/v2/rum?ddsource=browser&dd-api-key=pub222856fe11852abc3642b1395fac0627&dd-evp-origin-version=7.1.0&dd-evp-origin=browser&dd-request-id=9aa84515-adeb-4f3f-ae29-5af8767885ae&batch_time=1781699585786&_dd.api=fetch:0
[  128383ms] [ERROR] Failed to load resource: net::ERR_NAME_NOT_RESOLVED @ https://browser-intake-datadoghq.com/api/v2/rum?ddsource=browser&dd-api-key=pub222856fe11852abc3642b1395fac0627&dd-evp-origin-version=7.1.0&dd-evp-origin=browser&dd-request-id=7dee1b5c-60f3-44cc-b819-d3afce200875&batch_time=1781699590385&_dd.api=fetch:0
[  131362ms] [ERROR] Failed to load resource: net::ERR_NAME_NOT_RESOLVED @ https://browser-intake-datadoghq.com/api/v2/rum?ddsource=browser&dd-api-key=pub222856fe11852abc3642b1395fac0627&dd-evp-origin-version=7.1.0&dd-evp-origin=browser&dd-request-id=ba4648bd-87cc-44c1-95e1-3b209a9359e1&batch_time=1781699593312&_dd.api=fetch:0
[  134673ms] [ERROR] Failed to load resource: net::ERR_NAME_NOT_RESOLVED @ https://browser-intake-datadoghq.com/api/v2/rum?ddsource=browser&dd-api-key=pub222856fe11852abc3642b1395fac0627&dd-evp-origin-version=7.1.0&dd-evp-origin=browser&dd-request-id=bb09aca2-097c-4185-a137-62f916341195&batch_time=1781699596702&_dd.api=fetch:0
[  137811ms] [ERROR] Failed to load resource: net::ERR_NAME_NOT_RESOLVED @ https://browser-intake-datadoghq.com/api/v2/rum?ddsource=browser&dd-api-key=pub222856fe11852abc3642b1395fac0627&dd-evp-origin-version=7.1.0&dd-evp-origin=browser&dd-request-id=c92cfd41-d10b-455b-9b57-0193b5cd392a&batch_time=1781699599748&_dd.api=fetch:0
[  140615ms] [ERROR] Failed to load resource: net::ERR_NAME_NOT_RESOLVED @ https://browser-intake-datadoghq.com/api/v2/rum?ddsource=browser&dd-api-key=pub222856fe11852abc3642b1395fac0627&dd-evp-origin-version=7.1.0&dd-evp-origin=browser&dd-request-id=f963b323-46a5-45c3-b4d1-70ee4db7ce5c&batch_time=1781699602613&_dd.api=fetch:0
[  145003ms] [ERROR] Failed to load resource: net::ERR_NAME_NOT_RESOLVED @ https://browser-intake-datadoghq.com/api/v2/rum?ddsource=browser&dd-api-key=pub222856fe11852abc3642b1395fac0627&dd-evp-origin-version=7.1.0&dd-evp-origin=browser&dd-request-id=f5a99f5b-75bd-41ab-bbb1-cb3c8a48b35a&batch_time=1781699607031&_dd.api=fetch:0
[  148052ms] [ERROR] Failed to load resource: net::ERR_NAME_NOT_RESOLVED @ https://browser-intake-datadoghq.com/api/v2/rum?ddsource=browser&dd-api-key=pub222856fe11852abc3642b1395fac0627&dd-evp-origin-version=7.1.0&dd-evp-origin=browser&dd-request-id=113f25b4-71af-4bb9-bf7e-b6651a77f0a8&batch_time=1781699610035&_dd.api=fetch:0
[  152505ms] [ERROR] Failed to load resource: net::ERR_NAME_NOT_RESOLVED @ https://browser-intake-datadoghq.com/api/v2/rum?ddsource=browser&dd-api-key=pub222856fe11852abc3642b1395fac0627&dd-evp-origin-version=7.1.0&dd-evp-origin=browser&dd-request-id=03710234-6a8f-41f8-a16e-3a722a3e5944&batch_time=1781699614473&_dd.api=fetch:0
[  154613ms] [ERROR] Failed to load resource: net::ERR_NAME_NOT_RESOLVED @ https://browser-intake-datadoghq.com/api/v2/rum?ddsource=browser&dd-api-key=pub222856fe11852abc3642b1395fac0627&dd-evp-origin-version=7.1.0&dd-evp-origin=browser&dd-request-id=188985ae-f949-42f5-ab86-5c74ff82a740&batch_time=1781699616630&_dd.api=fetch:0
[  158141ms] [ERROR] Failed to load resource: net::ERR_NAME_NOT_RESOLVED @ https://browser-intake-datadoghq.com/api/v2/rum?ddsource=browser&dd-api-key=pub222856fe11852abc3642b1395fac0627&dd-evp-origin-version=7.1.0&dd-evp-origin=browser&dd-request-id=b53c1fad-e816-440a-ae90-2b5eefc4f914&batch_time=1781699620147&_dd.api=fetch:0
[  160965ms] [ERROR] Failed to load resource: net::ERR_NAME_NOT_RESOLVED @ https://browser-intake-datadoghq.com/api/v2/rum?ddsource=browser&dd-api-key=pub222856fe11852abc3642b1395fac0627&dd-evp-origin-version=7.1.0&dd-evp-origin=browser&dd-request-id=414d9fa5-591c-416f-8bbb-7dbbf5448393&batch_time=1781699622994&_dd.api=fetch:0
[  164646ms] [ERROR] Failed to load resource: net::ERR_NAME_NOT_RESOLVED @ https://browser-intake-datadoghq.com/api/v2/rum?ddsource=browser&dd-api-key=pub222856fe11852abc3642b1395fac0627&dd-evp-origin-version=7.1.0&dd-evp-origin=browser&dd-request-id=540dbeb0-bb6d-41c3-a624-8d3b20a12d73&batch_time=1781699626647&_dd.api=fetch:0
[  168458ms] [ERROR] Failed to load resource: net::ERR_NAME_NOT_RESOLVED @ https://browser-intake-datadoghq.com/api/v2/rum?ddsource=browser&dd-api-key=pub222856fe11852abc3642b1395fac0627&dd-evp-origin-version=7.1.0&dd-evp-origin=browser&dd-request-id=2b00a880-33d0-48ec-adf9-46c11a637270&batch_time=1781699630487&_dd.api=fetch:0
[  172476ms] [ERROR] Failed to load resource: net::ERR_NAME_NOT_RESOLVED @ https://browser-intake-datadoghq.com/api/v2/rum?ddsource=browser&dd-api-key=pub222856fe11852abc3642b1395fac0627&dd-evp-origin-version=7.1.0&dd-evp-origin=browser&dd-request-id=c8e47f91-f5d9-43af-b025-f9cdadf19400&batch_time=1781699634490&_dd.api=fetch:0
[  175095ms] [ERROR] Failed to load resource: net::ERR_NAME_NOT_RESOLVED @ https://browser-intake-datadoghq.com/api/v2/rum?ddsource=browser&dd-api-key=pub222856fe11852abc3642b1395fac0627&dd-evp-origin-version=7.1.0&dd-evp-origin=browser&dd-request-id=3d8a1023-cc63-4905-9944-8a0b35c8c053&batch_time=1781699637054&_dd.api=fetch:0
[  179466ms] [ERROR] Failed to load resource: net::ERR_NAME_NOT_RESOLVED @ https://browser-intake-datadoghq.com/api/v2/rum?ddsource=browser&dd-api-key=pub222856fe11852abc3642b1395fac0627&dd-evp-origin-version=7.1.0&dd-evp-origin=browser&dd-request-id=b43a4993-d71c-4be0-b23d-f78f18190eb8&batch_time=1781699641478&_dd.api=fetch:0
[  183304ms] [ERROR] Failed to load resource: net::ERR_NAME_NOT_RESOLVED @ https://browser-intake-datadoghq.com/api/v2/rum?ddsource=browser&dd-api-key=pub222856fe11852abc3642b1395fac0627&dd-evp-origin-version=7.1.0&dd-evp-origin=browser&dd-request-id=b8b501a1-254f-4230-8157-17c669d7ed31&batch_time=1781699645332&_dd.api=fetch:0
[  185970ms] [ERROR] Failed to load resource: net::ERR_NAME_NOT_RESOLVED @ https://browser-intake-datadoghq.com/api/v2/rum?ddsource=browser&dd-api-key=pub222856fe11852abc3642b1395fac0627&dd-evp-origin-version=7.1.0&dd-evp-origin=browser&dd-request-id=3f2bd1b8-bf26-4bbd-86f0-fb99f40cf4eb&batch_time=1781699647899&_dd.api=fetch:0
[  188066ms] [ERROR] Failed to load resource: net::ERR_NAME_NOT_RESOLVED @ https://browser-intake-datadoghq.com/api/v2/rum?ddsource=browser&dd-api-key=pub222856fe11852abc3642b1395fac0627&dd-evp-origin-version=7.1.0&dd-evp-origin=browser&dd-request-id=17edbf07-1ae3-40e8-8b15-d3fd32406f72&batch_time=1781699650080&_dd.api=fetch:0
[  189708ms] [ERROR] Failed to load resource: net::ERR_NAME_NOT_RESOLVED @ https://browser-intake-datadoghq.com/api/v2/rum?ddsource=browser&dd-api-key=pub222856fe11852abc3642b1395fac0627&dd-evp-origin-version=7.1.0&dd-evp-origin=browser&dd-request-id=c5bb356b-0f44-4274-a870-ecc79e226400&batch_time=1781699651670&_dd.api=fetch:0
[  193660ms] [ERROR] Failed to load resource: net::ERR_NAME_NOT_RESOLVED @ https://browser-intake-datadoghq.com/api/v2/rum?ddsource=browser&dd-api-key=pub222856fe11852abc3642b1395fac0627&dd-evp-origin-version=7.1.0&dd-evp-origin=browser&dd-request-id=c7f603c6-8542-42ac-9709-8dcb3603b998&batch_time=1781699655658&_dd.api=fetch:0
[  197318ms] [ERROR] Failed to load resource: net::ERR_NAME_NOT_RESOLVED @ https://browser-intake-datadoghq.com/api/v2/rum?ddsource=browser&dd-api-key=pub222856fe11852abc3642b1395fac0627&dd-evp-origin-version=7.1.0&dd-evp-origin=browser&dd-request-id=05205d6d-cde8-43cf-94e5-141b39823bad&batch_time=1781699659347&_dd.api=fetch:0
[  200000ms] [ERROR] Failed to load resource: net::ERR_NAME_NOT_RESOLVED @ https://browser-intake-datadoghq.com/api/v2/rum?ddsource=browser&dd-api-key=pub222856fe11852abc3642b1395fac0627&dd-evp-origin-version=7.1.0&dd-evp-origin=browser&dd-request-id=f1df8422-7127-4582-b147-e11d4a4885dc&batch_time=1781699662014&_dd.api=fetch:0
[  204485ms] [ERROR] Failed to load resource: net::ERR_NAME_NOT_RESOLVED @ https://browser-intake-datadoghq.com/api/v2/rum?ddsource=browser&dd-api-key=pub222856fe11852abc3642b1395fac0627&dd-evp-origin-version=7.1.0&dd-evp-origin=browser&dd-request-id=e8af4bad-1c02-4ae8-af83-bf1f72c69f4a&batch_time=1781699666502&_dd.api=fetch:0
[  207410ms] [ERROR] Failed to load resource: net::ERR_NAME_NOT_RESOLVED @ https://browser-intake-datadoghq.com/api/v2/rum?ddsource=browser&dd-api-key=pub222856fe11852abc3642b1395fac0627&dd-evp-origin-version=7.1.0&dd-evp-origin=browser&dd-request-id=4f8a0b79-35eb-4a46-9bb3-f65bfdec82b7&batch_time=1781699669439&_dd.api=fetch:0
[  210618ms] [ERROR] Failed to load resource: net::ERR_NAME_NOT_RESOLVED @ https://browser-intake-datadoghq.com/api/v2/rum?ddsource=browser&dd-api-key=pub222856fe11852abc3642b1395fac0627&dd-evp-origin-version=7.1.0&dd-evp-origin=browser&dd-request-id=fb51e96c-f5ad-4f3b-8657-cafe13dcc7bc&batch_time=1781699672601&_dd.api=fetch:0
[  213057ms] [ERROR] Failed to load resource: net::ERR_NAME_NOT_RESOLVED @ https://browser-intake-datadoghq.com/api/v2/rum?ddsource=browser&dd-api-key=pub222856fe11852abc3642b1395fac0627&dd-evp-origin-version=7.1.0&dd-evp-origin=browser&dd-request-id=35122087-0885-433c-8323-a422fac919ac&batch_time=1781699675087&_dd.api=fetch:0
[  215060ms] [ERROR] Failed to load resource: net::ERR_NAME_NOT_RESOLVED @ https://browser-intake-datadoghq.com/api/v2/rum?ddsource=browser&dd-api-key=pub222856fe11852abc3642b1395fac0627&dd-evp-origin-version=7.1.0&dd-evp-origin=browser&dd-request-id=6fe6f103-8f5d-454e-b1a6-cb7ddbc5d5a1&batch_time=1781699677090&_dd.api=fetch:0
[  220434ms] [ERROR] Failed to load resource: net::ERR_NAME_NOT_RESOLVED @ https://browser-intake-datadoghq.com/api/v2/rum?ddsource=browser&dd-api-key=pub222856fe11852abc3642b1395fac0627&dd-evp-origin-version=7.1.0&dd-evp-origin=browser&dd-request-id=3e8e1438-3537-4716-8474-9577e10be764&batch_time=1781699682459&_dd.api=fetch:0
[  222710ms] [ERROR] Failed to load resource: net::ERR_NAME_NOT_RESOLVED @ https://browser-intake-datadoghq.com/api/v2/rum?ddsource=browser&dd-api-key=pub222856fe11852abc3642b1395fac0627&dd-evp-origin-version=7.1.0&dd-evp-origin=browser&dd-request-id=44cfaf23-c5d7-408b-ac66-dc2316ea89a0&batch_time=1781699684738&_dd.api=fetch:0
[  225177ms] [ERROR] Failed to load resource: net::ERR_NAME_NOT_RESOLVED @ https://browser-intake-datadoghq.com/api/v2/rum?ddsource=browser&dd-api-key=pub222856fe11852abc3642b1395fac0627&dd-evp-origin-version=7.1.0&dd-evp-origin=browser&dd-request-id=00663f7e-8a6d-4083-947d-23e303822cf6&batch_time=1781699686804&_dd.api=fetch:0
[  227817ms] [ERROR] Failed to load resource: net::ERR_NAME_NOT_RESOLVED @ https://browser-intake-datadoghq.com/api/v2/rum?ddsource=browser&dd-api-key=pub222856fe11852abc3642b1395fac0627&dd-evp-origin-version=7.1.0&dd-evp-origin=browser&dd-request-id=b91fd4ec-1700-426f-8b68-862ed57cbd9d&batch_time=1781699689823&_dd.api=fetch:0
[  230325ms] [ERROR] Failed to load resource: net::ERR_NAME_NOT_RESOLVED @ https://browser-intake-datadoghq.com/api/v2/rum?ddsource=browser&dd-api-key=pub222856fe11852abc3642b1395fac0627&dd-evp-origin-version=7.1.0&dd-evp-origin=browser&dd-request-id=1a7b80be-dd2d-4cb6-8c26-e61106530b56&batch_time=1781699692354&_dd.api=fetch:0
[  234292ms] [ERROR] Failed to load resource: net::ERR_NAME_NOT_RESOLVED @ https://browser-intake-datadoghq.com/api/v2/rum?ddsource=browser&dd-api-key=pub222856fe11852abc3642b1395fac0627&dd-evp-origin-version=7.1.0&dd-evp-origin=browser&dd-request-id=6aa8e981-15de-46ba-ab33-9b964a6a09cc&batch_time=1781699696233&_dd.api=fetch:0
[  235585ms] [ERROR] Failed to load resource: net::ERR_NAME_NOT_RESOLVED @ https://browser-intake-datadoghq.com/api/v2/rum?ddsource=browser&dd-api-key=pub222856fe11852abc3642b1395fac0627&dd-evp-origin-version=7.1.0&dd-evp-origin=browser&dd-request-id=9578852e-c956-405a-8cc3-78f6e25ea975&batch_time=1781699697611&_dd.api=fetch:0
[  239328ms] [ERROR] Failed to load resource: net::ERR_NAME_NOT_RESOLVED @ https://browser-intake-datadoghq.com/api/v2/rum?ddsource=browser&dd-api-key=pub222856fe11852abc3642b1395fac0627&dd-evp-origin-version=7.1.0&dd-evp-origin=browser&dd-request-id=24b7fe51-f760-41ad-b2ab-eb8e8ce69944&batch_time=1781699701345&_dd.api=fetch:0
[  242342ms] [ERROR] Failed to load resource: net::ERR_NAME_NOT_RESOLVED @ https://browser-intake-datadoghq.com/api/v2/rum?ddsource=browser&dd-api-key=pub222856fe11852abc3642b1395fac0627&dd-evp-origin-version=7.1.0&dd-evp-origin=browser&dd-request-id=528e0019-7d91-41c4-a596-467103e825ba&batch_time=1781699704369&_dd.api=fetch:0
[  244709ms] [ERROR] Failed to load resource: net::ERR_NAME_NOT_RESOLVED @ https://browser-intake-datadoghq.com/api/v2/rum?ddsource=browser&dd-api-key=pub222856fe11852abc3642b1395fac0627&dd-evp-origin-version=7.1.0&dd-evp-origin=browser&dd-request-id=2807f1ec-6120-4c1e-8b3f-aaf0efbf04fb&batch_time=1781699706728&_dd.api=fetch:0
[  247346ms] [ERROR] Failed to load resource: net::ERR_NAME_NOT_RESOLVED @ https://browser-intake-datadoghq.com/api/v2/rum?ddsource=browser&dd-api-key=pub222856fe11852abc3642b1395fac0627&dd-evp-origin-version=7.1.0&dd-evp-origin=browser&dd-request-id=24e9618c-7863-4c9f-b817-09790ba5e827&batch_time=1781699709330&_dd.api=fetch:0
[  251370ms] [ERROR] Failed to load resource: net::ERR_NAME_NOT_RESOLVED @ https://browser-intake-datadoghq.com/api/v2/rum?ddsource=browser&dd-api-key=pub222856fe11852abc3642b1395fac0627&dd-evp-origin-version=7.1.0&dd-evp-origin=browser&dd-request-id=f98017b2-bb55-4721-849b-a3352454f91b&batch_time=1781699712220&_dd.api=fetch:0
[  251545ms] [ERROR] Failed to load resource: net::ERR_NAME_NOT_RESOLVED @ https://browser-intake-datadoghq.com/api/v2/rum?ddsource=browser&dd-api-key=pub222856fe11852abc3642b1395fac0627&dd-evp-origin-version=7.1.0&dd-evp-origin=browser&dd-request-id=881f43b3-7114-4e61-ab15-121adcc437d7&batch_time=1781699713575&_dd.api=fetch:0
[  253688ms] [ERROR] Failed to load resource: net::ERR_NAME_NOT_RESOLVED @ https://browser-intake-datadoghq.com/api/v2/rum?ddsource=browser&dd-api-key=pub222856fe11852abc3642b1395fac0627&dd-evp-origin-version=7.1.0&dd-evp-origin=browser&dd-request-id=8c1db5f6-014a-4e0f-b36e-e055a52cd8b3&batch_time=1781699715659&_dd.api=fetch:0
[  256569ms] [ERROR] Failed to load resource: net::ERR_NAME_NOT_RESOLVED @ https://browser-intake-datadoghq.com/api/v2/rum?ddsource=browser&dd-api-key=pub222856fe11852abc3642b1395fac0627&dd-evp-origin-version=7.1.0&dd-evp-origin=browser&dd-request-id=18252677-9adc-4093-90b0-938d1559ffd7&batch_time=1781699718559&_dd.api=fetch:0
[  260610ms] [ERROR] Failed to load resource: net::ERR_NAME_NOT_RESOLVED @ https://browser-intake-datadoghq.com/api/v2/rum?ddsource=browser&dd-api-key=pub222856fe11852abc3642b1395fac0627&dd-evp-origin-version=7.1.0&dd-evp-origin=browser&dd-request-id=96654de9-5923-48ff-825f-c5b4e177cbf1&batch_time=1781699722618&_dd.api=fetch:0
[  263801ms] [ERROR] Failed to load resource: net::ERR_NAME_NOT_RESOLVED @ https://browser-intake-datadoghq.com/api/v2/rum?ddsource=browser&dd-api-key=pub222856fe11852abc3642b1395fac0627&dd-evp-origin-version=7.1.0&dd-evp-origin=browser&dd-request-id=02aa7143-a6e7-44b1-b2e6-67bec3638ffc&batch_time=1781699725784&_dd.api=fetch:0
[  267964ms] [ERROR] Failed to load resource: net::ERR_NAME_NOT_RESOLVED @ https://browser-intake-datadoghq.com/api/v2/rum?ddsource=browser&dd-api-key=pub222856fe11852abc3642b1395fac0627&dd-evp-origin-version=7.1.0&dd-evp-origin=browser&dd-request-id=cde71380-cde3-4ef3-9cb2-72f13b51ecaf&batch_time=1781699729981&_dd.api=fetch:0
[  271652ms] [ERROR] Failed to load resource: net::ERR_NAME_NOT_RESOLVED @ https://browser-intake-datadoghq.com/api/v2/rum?ddsource=browser&dd-api-key=pub222856fe11852abc3642b1395fac0627&dd-evp-origin-version=7.1.0&dd-evp-origin=browser&dd-request-id=5433520f-60a1-4b00-b751-afd326b2970f&batch_time=1781699733672&_dd.api=fetch:0
[  274802ms] [ERROR] Failed to load resource: net::ERR_NAME_NOT_RESOLVED @ https://browser-intake-datadoghq.com/api/v2/rum?ddsource=browser&dd-api-key=pub222856fe11852abc3642b1395fac0627&dd-evp-origin-version=7.1.0&dd-evp-origin=browser&dd-request-id=16deea55-5a97-4adb-b949-f6ff283e41b9&batch_time=1781699736794&_dd.api=fetch:0
[  278170ms] [ERROR] Failed to load resource: net::ERR_NAME_NOT_RESOLVED @ https://browser-intake-datadoghq.com/api/v2/rum?ddsource=browser&dd-api-key=pub222856fe11852abc3642b1395fac0627&dd-evp-origin-version=7.1.0&dd-evp-origin=browser&dd-request-id=4c964f54-6266-4f7f-92d6-e863821d5a21&batch_time=1781699740157&_dd.api=fetch:0
[  281292ms] [ERROR] Failed to load resource: net::ERR_NAME_NOT_RESOLVED @ https://browser-intake-datadoghq.com/api/v2/rum?ddsource=browser&dd-api-key=pub222856fe11852abc3642b1395fac0627&dd-evp-origin-version=7.1.0&dd-evp-origin=browser&dd-request-id=09261ef8-5c51-4eb8-9375-39e6f45c3d0e&batch_time=1781699743255&_dd.api=fetch:0
[  284851ms] [ERROR] Failed to load resource: net::ERR_NAME_NOT_RESOLVED @ https://browser-intake-datadoghq.com/api/v2/rum?ddsource=browser&dd-api-key=pub222856fe11852abc3642b1395fac0627&dd-evp-origin-version=7.1.0&dd-evp-origin=browser&dd-request-id=d02312aa-83ec-4888-b9d3-73090cfd39ef&batch_time=1781699746871&_dd.api=fetch:0
[  288148ms] [ERROR] Failed to load resource: net::ERR_NAME_NOT_RESOLVED @ https://browser-intake-datadoghq.com/api/v2/rum?ddsource=browser&dd-api-key=pub222856fe11852abc3642b1395fac0627&dd-evp-origin-version=7.1.0&dd-evp-origin=browser&dd-request-id=f084b209-2ff8-4e99-b3a7-4f6e76d5898e&batch_time=1781699750174&_dd.api=fetch:0
[  289579ms] [ERROR] Failed to load resource: net::ERR_NAME_NOT_RESOLVED @ https://browser-intake-datadoghq.com/api/v2/rum?ddsource=browser&dd-api-key=pub222856fe11852abc3642b1395fac0627&dd-evp-origin-version=7.1.0&dd-evp-origin=browser&dd-request-id=e2301dbf-4c30-46c5-9bce-3db1f16619d2&batch_time=1781699751452&_dd.api=fetch:0
[  292513ms] [ERROR] Failed to load resource: net::ERR_NAME_NOT_RESOLVED @ https://browser-intake-datadoghq.com/api/v2/rum?ddsource=browser&dd-api-key=pub222856fe11852abc3642b1395fac0627&dd-evp-origin-version=7.1.0&dd-evp-origin=browser&dd-request-id=d5986fba-4660-4740-bb0a-c2155abeb334&batch_time=1781699754495&_dd.api=fetch:0
[  294197ms] [ERROR] Failed to load resource: net::ERR_NAME_NOT_RESOLVED @ https://browser-intake-datadoghq.com/api/v2/rum?ddsource=browser&dd-api-key=pub222856fe11852abc3642b1395fac0627&dd-evp-origin-version=7.1.0&dd-evp-origin=browser&dd-request-id=226d7f27-bb53-431a-8738-143f9b1b8048&batch_time=1781699756212&_dd.api=fetch:0
[  297481ms] [ERROR] Failed to load resource: net::ERR_NAME_NOT_RESOLVED @ https://browser-intake-datadoghq.com/api/v2/rum?ddsource=browser&dd-api-key=pub222856fe11852abc3642b1395fac0627&dd-evp-origin-version=7.1.0&dd-evp-origin=browser&dd-request-id=af347db4-d0a8-4e0e-9a93-dc0f66dcdc02&batch_time=1781699759511&_dd.api=fetch:0
[  300079ms] [ERROR] Failed to load resource: net::ERR_NAME_NOT_RESOLVED @ https://browser-intake-datadoghq.com/api/v2/rum?ddsource=browser&dd-api-key=pub222856fe11852abc3642b1395fac0627&dd-evp-origin-version=7.1.0&dd-evp-origin=browser&dd-request-id=9929ba00-926f-43a8-9684-4dc57009a192&batch_time=1781699762083&_dd.api=fetch:0
[  303645ms] [ERROR] Failed to load resource: net::ERR_NAME_NOT_RESOLVED @ https://browser-intake-datadoghq.com/api/v2/rum?ddsource=browser&dd-api-key=pub222856fe11852abc3642b1395fac0627&dd-evp-origin-version=7.1.0&dd-evp-origin=browser&dd-request-id=a2b63411-ce38-4b0b-b6ba-7790f3cf8706&batch_time=1781699765674&_dd.api=fetch:0
[  306669ms] [ERROR] Failed to load resource: net::ERR_NAME_NOT_RESOLVED @ https://browser-intake-datadoghq.com/api/v2/rum?ddsource=browser&dd-api-key=pub222856fe11852abc3642b1395fac0627&dd-evp-origin-version=7.1.0&dd-evp-origin=browser&dd-request-id=a9b3271b-297d-4e67-8df8-16fff3b522e2&batch_time=1781699768675&_dd.api=fetch:0
[  309580ms] [ERROR] Failed to load resource: net::ERR_NAME_NOT_RESOLVED @ https://browser-intake-datadoghq.com/api/v2/rum?ddsource=browser&dd-api-key=pub222856fe11852abc3642b1395fac0627&dd-evp-origin-version=7.1.0&dd-evp-origin=browser&dd-request-id=1dd6f38e-93ab-43ab-a308-d9876bb17fbd&batch_time=1781699771475&_dd.api=fetch:0
[  311253ms] [ERROR] Failed to load resource: the server responded with a status of 429 () @ https://api.elections.kalshi.com/v1/series/KXWCROUND/events/KXWCROUND-26RO16?with_markdown=true:0
[  311306ms] [LOG] Transport layer info: You are making requests too frequently @ https://kalshi.com/_next/static/chunks/0q~3w5mbasf3y.js?dpl=dpl_7dWU2t55wxyR9wVLtpgDJNykXJtb:3
[  314972ms] [ERROR] Failed to load resource: net::ERR_NAME_NOT_RESOLVED @ https://browser-intake-datadoghq.com/api/v2/rum?ddsource=browser&dd-api-key=pub222856fe11852abc3642b1395fac0627&dd-evp-origin-version=7.1.0&dd-evp-origin=browser&dd-request-id=d53e44b7-5b0f-48bf-9f1f-3fce5f57d402&batch_time=1781699776944&_dd.api=fetch:0
[  316482ms] [ERROR] Failed to load resource: net::ERR_NAME_NOT_RESOLVED @ https://browser-intake-datadoghq.com/api/v2/rum?ddsource=browser&dd-api-key=pub222856fe11852abc3642b1395fac0627&dd-evp-origin-version=7.1.0&dd-evp-origin=browser&dd-request-id=cfb55e56-84c4-4389-a5de-94a99999e910&batch_time=1781699778504&_dd.api=fetch:0
[  320541ms] [ERROR] Failed to load resource: net::ERR_NAME_NOT_RESOLVED @ https://browser-intake-datadoghq.com/api/v2/rum?ddsource=browser&dd-api-key=pub222856fe11852abc3642b1395fac0627&dd-evp-origin-version=7.1.0&dd-evp-origin=browser&dd-request-id=84ded971-7b04-4431-9a1a-ee30775d9018&batch_time=1781699782570&_dd.api=fetch:0
[  324089ms] [ERROR] Failed to load resource: net::ERR_NAME_NOT_RESOLVED @ https://browser-intake-datadoghq.com/api/v2/rum?ddsource=browser&dd-api-key=pub222856fe11852abc3642b1395fac0627&dd-evp-origin-version=7.1.0&dd-evp-origin=browser&dd-request-id=5a083ff9-da8c-4cdd-8bbb-db55cf5d1bd5&batch_time=1781699786050&_dd.api=fetch:0
[  326551ms] [ERROR] Failed to load resource: net::ERR_NAME_NOT_RESOLVED @ https://browser-intake-datadoghq.com/api/v2/rum?ddsource=browser&dd-api-key=pub222856fe11852abc3642b1395fac0627&dd-evp-origin-version=7.1.0&dd-evp-origin=browser&dd-request-id=0f2c39bb-3caf-4fd7-86bf-51be0415b332&batch_time=1781699788569&_dd.api=fetch:0
[  329413ms] [ERROR] Failed to load resource: net::ERR_NAME_NOT_RESOLVED @ https://browser-intake-datadoghq.com/api/v2/rum?ddsource=browser&dd-api-key=pub222856fe11852abc3642b1395fac0627&dd-evp-origin-version=7.1.0&dd-evp-origin=browser&dd-request-id=6519ab6a-873d-4431-bc57-6ecc89dc02e5&batch_time=1781699791403&_dd.api=fetch:0
[  331806ms] [ERROR] Failed to load resource: net::ERR_NAME_NOT_RESOLVED @ https://browser-intake-datadoghq.com/api/v2/rum?ddsource=browser&dd-api-key=pub222856fe11852abc3642b1395fac0627&dd-evp-origin-version=7.1.0&dd-evp-origin=browser&dd-request-id=a5da8fb2-1842-43dd-8334-effebc41231a&batch_time=1781699793753&_dd.api=fetch:0
[  334323ms] [ERROR] Failed to load resource: net::ERR_NAME_NOT_RESOLVED @ https://browser-intake-datadoghq.com/api/v2/rum?ddsource=browser&dd-api-key=pub222856fe11852abc3642b1395fac0627&dd-evp-origin-version=7.1.0&dd-evp-origin=browser&dd-request-id=06e823d2-75df-46d7-81e7-1bb8a3b4e7ab&batch_time=1781699796352&_dd.api=fetch:0
[  337502ms] [ERROR] Failed to load resource: net::ERR_NAME_NOT_RESOLVED @ https://browser-intake-datadoghq.com/api/v2/rum?ddsource=browser&dd-api-key=pub222856fe11852abc3642b1395fac0627&dd-evp-origin-version=7.1.0&dd-evp-origin=browser&dd-request-id=14f85904-b605-47f8-b5f1-2b4b106ba390&batch_time=1781699799527&_dd.api=fetch:0
[  338712ms] [ERROR] Failed to load resource: net::ERR_NAME_NOT_RESOLVED @ https://browser-intake-datadoghq.com/api/v2/rum?ddsource=browser&dd-api-key=pub222856fe11852abc3642b1395fac0627&dd-evp-origin-version=7.1.0&dd-evp-origin=browser&dd-request-id=33289d34-b628-4980-93d4-5311626d4144&batch_time=1781699800653&_dd.api=fetch:0
[  340853ms] [ERROR] Failed to load resource: net::ERR_NAME_NOT_RESOLVED @ https://browser-intake-datadoghq.com/api/v2/rum?ddsource=browser&dd-api-key=pub222856fe11852abc3642b1395fac0627&dd-evp-origin-version=7.1.0&dd-evp-origin=browser&dd-request-id=bc417de4-9137-4380-842e-7a7f025892a0&batch_time=1781699802657&_dd.api=fetch:0
[  344414ms] [ERROR] Failed to load resource: net::ERR_NAME_NOT_RESOLVED @ https://browser-intake-datadoghq.com/api/v2/rum?ddsource=browser&dd-api-key=pub222856fe11852abc3642b1395fac0627&dd-evp-origin-version=7.1.0&dd-evp-origin=browser&dd-request-id=01a3880b-a135-4781-bda0-6ab394f17352&batch_time=1781699806444&_dd.api=fetch:0
[  347784ms] [ERROR] Failed to load resource: net::ERR_NAME_NOT_RESOLVED @ https://browser-intake-datadoghq.com/api/v2/rum?ddsource=browser&dd-api-key=pub222856fe11852abc3642b1395fac0627&dd-evp-origin-version=7.1.0&dd-evp-origin=browser&dd-request-id=68dea8f1-0939-4588-aba0-cb600b43fffe&batch_time=1781699809718&_dd.api=fetch:0
[  349660ms] [ERROR] Failed to load resource: net::ERR_NAME_NOT_RESOLVED @ https://browser-intake-datadoghq.com/api/v2/rum?ddsource=browser&dd-api-key=pub222856fe11852abc3642b1395fac0627&dd-evp-origin-version=7.1.0&dd-evp-origin=browser&dd-request-id=2c3d7cbf-f432-4a93-b2ed-b44814be3088&batch_time=1781699811629&_dd.api=fetch:0
[  352807ms] [ERROR] Failed to load resource: net::ERR_NAME_NOT_RESOLVED @ https://browser-intake-datadoghq.com/api/v2/rum?ddsource=browser&dd-api-key=pub222856fe11852abc3642b1395fac0627&dd-evp-origin-version=7.1.0&dd-evp-origin=browser&dd-request-id=4b0d8565-cae4-495d-8ae9-92d0fdfa7b06&batch_time=1781699814831&_dd.api=fetch:0
[  355071ms] [ERROR] Failed to load resource: net::ERR_NAME_NOT_RESOLVED @ https://browser-intake-datadoghq.com/api/v2/rum?ddsource=browser&dd-api-key=pub222856fe11852abc3642b1395fac0627&dd-evp-origin-version=7.1.0&dd-evp-origin=browser&dd-request-id=11531347-dd2b-403a-8d7c-e7c45b598ec3&batch_time=1781699816969&_dd.api=fetch:0
[  357050ms] [ERROR] Failed to load resource: net::ERR_NAME_NOT_RESOLVED @ https://browser-intake-datadoghq.com/api/v2/rum?ddsource=browser&dd-api-key=pub222856fe11852abc3642b1395fac0627&dd-evp-origin-version=7.1.0&dd-evp-origin=browser&dd-request-id=ebd312c4-947a-4cc7-a295-9eff61815090&batch_time=1781699819005&_dd.api=fetch:0
[  360389ms] [ERROR] Failed to load resource: net::ERR_NAME_NOT_RESOLVED @ https://browser-intake-datadoghq.com/api/v2/rum?ddsource=browser&dd-api-key=pub222856fe11852abc3642b1395fac0627&dd-evp-origin-version=7.1.0&dd-evp-origin=browser&dd-request-id=d36fbd7a-304e-4b34-b154-62ba70706ec0&batch_time=1781699822416&_dd.api=fetch:0
[  364561ms] [ERROR] Failed to load resource: net::ERR_NAME_NOT_RESOLVED @ https://browser-intake-datadoghq.com/api/v2/rum?ddsource=browser&dd-api-key=pub222856fe11852abc3642b1395fac0627&dd-evp-origin-version=7.1.0&dd-evp-origin=browser&dd-request-id=4363d601-c4cb-4d2e-8e85-0c2df36b5faf&batch_time=1781699826585&_dd.api=fetch:0
[  365233ms] [ERROR] Failed to load resource: net::ERR_NAME_NOT_RESOLVED @ https://browser-intake-datadoghq.com/api/v2/rum?ddsource=browser&dd-api-key=pub222856fe11852abc3642b1395fac0627&dd-evp-origin-version=7.1.0&dd-evp-origin=browser&dd-request-id=c70c01f4-936f-431e-bae9-e3245299bf3d&batch_time=1781699827223&_dd.api=fetch:0
[  368104ms] [ERROR] Failed to load resource: net::ERR_NAME_NOT_RESOLVED @ https://browser-intake-datadoghq.com/api/v2/rum?ddsource=browser&dd-api-key=pub222856fe11852abc3642b1395fac0627&dd-evp-origin-version=7.1.0&dd-evp-origin=browser&dd-request-id=28100323-40eb-4b09-9390-571678cca5cf&batch_time=1781699830132&_dd.api=fetch:0
[  372554ms] [ERROR] Failed to load resource: net::ERR_NAME_NOT_RESOLVED @ https://browser-intake-datadoghq.com/api/v2/rum?ddsource=browser&dd-api-key=pub222856fe11852abc3642b1395fac0627&dd-evp-origin-version=7.1.0&dd-evp-origin=browser&dd-request-id=2a3914b4-998a-4ee6-882e-64fdf26eb37c&batch_time=1781699834584&_dd.api=fetch:0
[  374531ms] [ERROR] Failed to load resource: net::ERR_NAME_NOT_RESOLVED @ https://browser-intake-datadoghq.com/api/v2/rum?ddsource=browser&dd-api-key=pub222856fe11852abc3642b1395fac0627&dd-evp-origin-version=7.1.0&dd-evp-origin=browser&dd-request-id=c1e4a28e-da2b-413f-8ba7-a81e81584e26&batch_time=1781699836561&_dd.api=fetch:0
[  376958ms] [ERROR] Failed to load resource: net::ERR_NAME_NOT_RESOLVED @ https://browser-intake-datadoghq.com/api/v2/rum?ddsource=browser&dd-api-key=pub222856fe11852abc3642b1395fac0627&dd-evp-origin-version=7.1.0&dd-evp-origin=browser&dd-request-id=0c02f20e-af3c-4ea6-bca7-1866ce0b6e6d&batch_time=1781699838975&_dd.api=fetch:0
[  380186ms] [ERROR] Failed to load resource: net::ERR_NAME_NOT_RESOLVED @ https://browser-intake-datadoghq.com/api/v2/rum?ddsource=browser&dd-api-key=pub222856fe11852abc3642b1395fac0627&dd-evp-origin-version=7.1.0&dd-evp-origin=browser&dd-request-id=e305d8af-df33-44bc-b1d1-5f18bf310556&batch_time=1781699842212&_dd.api=fetch:0
[  383576ms] [ERROR] Failed to load resource: net::ERR_NAME_NOT_RESOLVED @ https://browser-intake-datadoghq.com/api/v2/rum?ddsource=browser&dd-api-key=pub222856fe11852abc3642b1395fac0627&dd-evp-origin-version=7.1.0&dd-evp-origin=browser&dd-request-id=76a62f28-db14-4d9e-a766-34ccc37358f8&batch_time=1781699845122&_dd.api=fetch:0
[  383852ms] [ERROR] Failed to load resource: net::ERR_NAME_NOT_RESOLVED @ https://browser-intake-datadoghq.com/api/v2/rum?ddsource=browser&dd-api-key=pub222856fe11852abc3642b1395fac0627&dd-evp-origin-version=7.1.0&dd-evp-origin=browser&dd-request-id=206c558c-b216-422c-979e-c906c7d59553&batch_time=1781699845882&_dd.api=fetch:0
[  386569ms] [ERROR] Failed to load resource: net::ERR_NAME_NOT_RESOLVED @ https://browser-intake-datadoghq.com/api/v2/rum?ddsource=browser&dd-api-key=pub222856fe11852abc3642b1395fac0627&dd-evp-origin-version=7.1.0&dd-evp-origin=browser&dd-request-id=71bbae65-7d8c-4471-9ef5-a7dc858bcba1&batch_time=1781699848527&_dd.api=fetch:0
[  389060ms] [ERROR] Failed to load resource: net::ERR_NAME_NOT_RESOLVED @ https://browser-intake-datadoghq.com/api/v2/rum?ddsource=browser&dd-api-key=pub222856fe11852abc3642b1395fac0627&dd-evp-origin-version=7.1.0&dd-evp-origin=browser&dd-request-id=7444c201-6234-4d16-a493-56b9e6f1cfc8&batch_time=1781699851075&_dd.api=fetch:0
[  392366ms] [ERROR] Failed to load resource: net::ERR_NAME_NOT_RESOLVED @ https://browser-intake-datadoghq.com/api/v2/rum?ddsource=browser&dd-api-key=pub222856fe11852abc3642b1395fac0627&dd-evp-origin-version=7.1.0&dd-evp-origin=browser&dd-request-id=597c1fc8-c446-4ceb-9b97-a2380bce6d33&batch_time=1781699854174&_dd.api=fetch:0
[  393661ms] [ERROR] Failed to load resource: net::ERR_NAME_NOT_RESOLVED @ https://browser-intake-datadoghq.com/api/v2/rum?ddsource=browser&dd-api-key=pub222856fe11852abc3642b1395fac0627&dd-evp-origin-version=7.1.0&dd-evp-origin=browser&dd-request-id=a8d42319-ba81-4b8e-8eb8-ef3b9981bd10&batch_time=1781699855679&_dd.api=fetch:0
[  396953ms] [ERROR] Failed to load resource: net::ERR_NAME_NOT_RESOLVED @ https://browser-intake-datadoghq.com/api/v2/rum?ddsource=browser&dd-api-key=pub222856fe11852abc3642b1395fac0627&dd-evp-origin-version=7.1.0&dd-evp-origin=browser&dd-request-id=47e9d6cf-a43f-45dc-a2e5-3132e01a7d90&batch_time=1781699858982&_dd.api=fetch:0
[  399934ms] [ERROR] Failed to load resource: net::ERR_NAME_NOT_RESOLVED @ https://browser-intake-datadoghq.com/api/v2/rum?ddsource=browser&dd-api-key=pub222856fe11852abc3642b1395fac0627&dd-evp-origin-version=7.1.0&dd-evp-origin=browser&dd-request-id=0b359763-4a3a-4b7b-9b0e-a7a28dbae7e7&batch_time=1781699861956&_dd.api=fetch:0
[  401392ms] [ERROR] Failed to load resource: net::ERR_NAME_NOT_RESOLVED @ https://browser-intake-datadoghq.com/api/v2/rum?ddsource=browser&dd-api-key=pub222856fe11852abc3642b1395fac0627&dd-evp-origin-version=7.1.0&dd-evp-origin=browser&dd-request-id=b81826eb-3649-4694-984d-01aaa24cc27a&batch_time=1781699863224&_dd.api=fetch:0
[  403035ms] [ERROR] Failed to load resource: net::ERR_NAME_NOT_RESOLVED @ https://browser-intake-datadoghq.com/api/v2/rum?ddsource=browser&dd-api-key=pub222856fe11852abc3642b1395fac0627&dd-evp-origin-version=7.1.0&dd-evp-origin=browser&dd-request-id=83fdff25-69e0-480f-a3c9-f0c72d1fc399&batch_time=1781699864984&_dd.api=fetch:0
[  405057ms] [ERROR] Failed to load resource: net::ERR_NAME_NOT_RESOLVED @ https://browser-intake-datadoghq.com/api/v2/rum?ddsource=browser&dd-api-key=pub222856fe11852abc3642b1395fac0627&dd-evp-origin-version=7.1.0&dd-evp-origin=browser&dd-request-id=7598e1b2-904d-4a15-ab8e-9b6ef3e9cedf&batch_time=1781699867075&_dd.api=fetch:0
